#date and time
Thu May 14 23:34:40 PDT 2020

#os version
Ubuntu 16.04.6 LTS \n \l

#hardware information 
processor	: 0
vendor_id	: GenuineIntel
cpu family	: 6
model		: 158
model name	: Intel(R) Core(TM) i9-8950HK CPU @ 2.90GHz
stepping	: 10
microcode	: 0xc6
cpu MHz		: 2904.004
cache size	: 12288 KB
physical id	: 0
siblings	: 2
core id		: 0
cpu cores	: 2
apicid		: 0
initial apicid	: 0
fpu		: yes
fpu_exception	: yes
cpuid level	: 22
wp		: yes
flags		: fpu vme de pse tsc msr pae mce cx8 apic sep mtrr pge mca cmov pat pse36 clflush mmx fxsr sse sse2 ss ht syscall nx pdpe1gb rdtscp lm constant_tsc arch_perfmon nopl xtopology tsc_reliable nonstop_tsc cpuid pni pclmulqdq ssse3 fma cx16 pcid sse4_1 sse4_2 x2apic movbe popcnt tsc_deadline_timer aes xsave avx f16c rdrand hypervisor lahf_lm abm 3dnowprefetch cpuid_fault invpcid_single pti ssbd ibrs ibpb stibp fsgsbase tsc_adjust bmi1 hle avx2 smep bmi2 invpcid rtm mpx rdseed adx smap clflushopt xsaveopt xsavec xsaves arat md_clear flush_l1d arch_capabilities
bugs		: cpu_meltdown spectre_v1 spectre_v2 spec_store_bypass l1tf mds swapgs taa itlb_multihit
bogomips	: 5808.00
clflush size	: 64
cache_alignment	: 64
address sizes	: 43 bits physical, 48 bits virtual
power management:

processor	: 1
vendor_id	: GenuineIntel
cpu family	: 6
model		: 158
model name	: Intel(R) Core(TM) i9-8950HK CPU @ 2.90GHz
stepping	: 10
microcode	: 0xc6
cpu MHz		: 2904.004
cache size	: 12288 KB
physical id	: 0
siblings	: 2
core id		: 1
cpu cores	: 2
apicid		: 1
initial apicid	: 1
fpu		: yes
fpu_exception	: yes
cpuid level	: 22
wp		: yes
flags		: fpu vme de pse tsc msr pae mce cx8 apic sep mtrr pge mca cmov pat pse36 clflush mmx fxsr sse sse2 ss ht syscall nx pdpe1gb rdtscp lm constant_tsc arch_perfmon nopl xtopology tsc_reliable nonstop_tsc cpuid pni pclmulqdq ssse3 fma cx16 pcid sse4_1 sse4_2 x2apic movbe popcnt tsc_deadline_timer aes xsave avx f16c rdrand hypervisor lahf_lm abm 3dnowprefetch cpuid_fault invpcid_single pti ssbd ibrs ibpb stibp fsgsbase tsc_adjust bmi1 hle avx2 smep bmi2 invpcid rtm mpx rdseed adx smap clflushopt xsaveopt xsavec xsaves arat md_clear flush_l1d arch_capabilities
bugs		: cpu_meltdown spectre_v1 spectre_v2 spec_store_bypass l1tf mds swapgs taa itlb_multihit
bogomips	: 5808.00
clflush size	: 64
cache_alignment	: 64
address sizes	: 43 bits physical, 48 bits virtual
power management:

processor	: 2
vendor_id	: GenuineIntel
cpu family	: 6
model		: 158
model name	: Intel(R) Core(TM) i9-8950HK CPU @ 2.90GHz
stepping	: 10
microcode	: 0xc6
cpu MHz		: 2904.004
cache size	: 12288 KB
physical id	: 1
siblings	: 2
core id		: 0
cpu cores	: 2
apicid		: 2
initial apicid	: 2
fpu		: yes
fpu_exception	: yes
cpuid level	: 22
wp		: yes
flags		: fpu vme de pse tsc msr pae mce cx8 apic sep mtrr pge mca cmov pat pse36 clflush mmx fxsr sse sse2 ss ht syscall nx pdpe1gb rdtscp lm constant_tsc arch_perfmon nopl xtopology tsc_reliable nonstop_tsc cpuid pni pclmulqdq ssse3 fma cx16 pcid sse4_1 sse4_2 x2apic movbe popcnt tsc_deadline_timer aes xsave avx f16c rdrand hypervisor lahf_lm abm 3dnowprefetch cpuid_fault invpcid_single pti ssbd ibrs ibpb stibp fsgsbase tsc_adjust bmi1 hle avx2 smep bmi2 invpcid rtm mpx rdseed adx smap clflushopt xsaveopt xsavec xsaves arat md_clear flush_l1d arch_capabilities
bugs		: cpu_meltdown spectre_v1 spectre_v2 spec_store_bypass l1tf mds swapgs taa itlb_multihit
bogomips	: 5808.00
clflush size	: 64
cache_alignment	: 64
address sizes	: 43 bits physical, 48 bits virtual
power management:

processor	: 3
vendor_id	: GenuineIntel
cpu family	: 6
model		: 158
model name	: Intel(R) Core(TM) i9-8950HK CPU @ 2.90GHz
stepping	: 10
microcode	: 0xc6
cpu MHz		: 2904.004
cache size	: 12288 KB
physical id	: 1
siblings	: 2
core id		: 1
cpu cores	: 2
apicid		: 3
initial apicid	: 3
fpu		: yes
fpu_exception	: yes
cpuid level	: 22
wp		: yes
flags		: fpu vme de pse tsc msr pae mce cx8 apic sep mtrr pge mca cmov pat pse36 clflush mmx fxsr sse sse2 ss ht syscall nx pdpe1gb rdtscp lm constant_tsc arch_perfmon nopl xtopology tsc_reliable nonstop_tsc cpuid pni pclmulqdq ssse3 fma cx16 pcid sse4_1 sse4_2 x2apic movbe popcnt tsc_deadline_timer aes xsave avx f16c rdrand hypervisor lahf_lm abm 3dnowprefetch cpuid_fault invpcid_single pti ssbd ibrs ibpb stibp fsgsbase tsc_adjust bmi1 hle avx2 smep bmi2 invpcid rtm mpx rdseed adx smap clflushopt xsaveopt xsavec xsaves arat md_clear flush_l1d arch_capabilities
bugs		: cpu_meltdown spectre_v1 spectre_v2 spec_store_bypass l1tf mds swapgs taa itlb_multihit
bogomips	: 5808.00
clflush size	: 64
cache_alignment	: 64
address sizes	: 43 bits physical, 48 bits virtual
power management:

processor	: 4
vendor_id	: GenuineIntel
cpu family	: 6
model		: 158
model name	: Intel(R) Core(TM) i9-8950HK CPU @ 2.90GHz
stepping	: 10
microcode	: 0xc6
cpu MHz		: 2904.004
cache size	: 12288 KB
physical id	: 2
siblings	: 2
core id		: 0
cpu cores	: 2
apicid		: 4
initial apicid	: 4
fpu		: yes
fpu_exception	: yes
cpuid level	: 22
wp		: yes
flags		: fpu vme de pse tsc msr pae mce cx8 apic sep mtrr pge mca cmov pat pse36 clflush mmx fxsr sse sse2 ss ht syscall nx pdpe1gb rdtscp lm constant_tsc arch_perfmon nopl xtopology tsc_reliable nonstop_tsc cpuid pni pclmulqdq ssse3 fma cx16 pcid sse4_1 sse4_2 x2apic movbe popcnt tsc_deadline_timer aes xsave avx f16c rdrand hypervisor lahf_lm abm 3dnowprefetch cpuid_fault invpcid_single pti ssbd ibrs ibpb stibp fsgsbase tsc_adjust bmi1 hle avx2 smep bmi2 invpcid rtm mpx rdseed adx smap clflushopt xsaveopt xsavec xsaves arat md_clear flush_l1d arch_capabilities
bugs		: cpu_meltdown spectre_v1 spectre_v2 spec_store_bypass l1tf mds swapgs taa itlb_multihit
bogomips	: 5808.00
clflush size	: 64
cache_alignment	: 64
address sizes	: 43 bits physical, 48 bits virtual
power management:

processor	: 5
vendor_id	: GenuineIntel
cpu family	: 6
model		: 158
model name	: Intel(R) Core(TM) i9-8950HK CPU @ 2.90GHz
stepping	: 10
microcode	: 0xc6
cpu MHz		: 2904.004
cache size	: 12288 KB
physical id	: 2
siblings	: 2
core id		: 1
cpu cores	: 2
apicid		: 5
initial apicid	: 5
fpu		: yes
fpu_exception	: yes
cpuid level	: 22
wp		: yes
flags		: fpu vme de pse tsc msr pae mce cx8 apic sep mtrr pge mca cmov pat pse36 clflush mmx fxsr sse sse2 ss ht syscall nx pdpe1gb rdtscp lm constant_tsc arch_perfmon nopl xtopology tsc_reliable nonstop_tsc cpuid pni pclmulqdq ssse3 fma cx16 pcid sse4_1 sse4_2 x2apic movbe popcnt tsc_deadline_timer aes xsave avx f16c rdrand hypervisor lahf_lm abm 3dnowprefetch cpuid_fault invpcid_single pti ssbd ibrs ibpb stibp fsgsbase tsc_adjust bmi1 hle avx2 smep bmi2 invpcid rtm mpx rdseed adx smap clflushopt xsaveopt xsavec xsaves arat md_clear flush_l1d arch_capabilities
bugs		: cpu_meltdown spectre_v1 spectre_v2 spec_store_bypass l1tf mds swapgs taa itlb_multihit
bogomips	: 5808.00
clflush size	: 64
cache_alignment	: 64
address sizes	: 43 bits physical, 48 bits virtual
power management:

processor	: 6
vendor_id	: GenuineIntel
cpu family	: 6
model		: 158
model name	: Intel(R) Core(TM) i9-8950HK CPU @ 2.90GHz
stepping	: 10
microcode	: 0xc6
cpu MHz		: 2904.004
cache size	: 12288 KB
physical id	: 3
siblings	: 2
core id		: 0
cpu cores	: 2
apicid		: 6
initial apicid	: 6
fpu		: yes
fpu_exception	: yes
cpuid level	: 22
wp		: yes
flags		: fpu vme de pse tsc msr pae mce cx8 apic sep mtrr pge mca cmov pat pse36 clflush mmx fxsr sse sse2 ss ht syscall nx pdpe1gb rdtscp lm constant_tsc arch_perfmon nopl xtopology tsc_reliable nonstop_tsc cpuid pni pclmulqdq ssse3 fma cx16 pcid sse4_1 sse4_2 x2apic movbe popcnt tsc_deadline_timer aes xsave avx f16c rdrand hypervisor lahf_lm abm 3dnowprefetch cpuid_fault invpcid_single pti ssbd ibrs ibpb stibp fsgsbase tsc_adjust bmi1 hle avx2 smep bmi2 invpcid rtm mpx rdseed adx smap clflushopt xsaveopt xsavec xsaves arat md_clear flush_l1d arch_capabilities
bugs		: cpu_meltdown spectre_v1 spectre_v2 spec_store_bypass l1tf mds swapgs taa itlb_multihit
bogomips	: 5808.00
clflush size	: 64
cache_alignment	: 64
address sizes	: 43 bits physical, 48 bits virtual
power management:

processor	: 7
vendor_id	: GenuineIntel
cpu family	: 6
model		: 158
model name	: Intel(R) Core(TM) i9-8950HK CPU @ 2.90GHz
stepping	: 10
microcode	: 0xc6
cpu MHz		: 2904.004
cache size	: 12288 KB
physical id	: 3
siblings	: 2
core id		: 1
cpu cores	: 2
apicid		: 7
initial apicid	: 7
fpu		: yes
fpu_exception	: yes
cpuid level	: 22
wp		: yes
flags		: fpu vme de pse tsc msr pae mce cx8 apic sep mtrr pge mca cmov pat pse36 clflush mmx fxsr sse sse2 ss ht syscall nx pdpe1gb rdtscp lm constant_tsc arch_perfmon nopl xtopology tsc_reliable nonstop_tsc cpuid pni pclmulqdq ssse3 fma cx16 pcid sse4_1 sse4_2 x2apic movbe popcnt tsc_deadline_timer aes xsave avx f16c rdrand hypervisor lahf_lm abm 3dnowprefetch cpuid_fault invpcid_single pti ssbd ibrs ibpb stibp fsgsbase tsc_adjust bmi1 hle avx2 smep bmi2 invpcid rtm mpx rdseed adx smap clflushopt xsaveopt xsavec xsaves arat md_clear flush_l1d arch_capabilities
bugs		: cpu_meltdown spectre_v1 spectre_v2 spec_store_bypass l1tf mds swapgs taa itlb_multihit
bogomips	: 5808.00
clflush size	: 64
cache_alignment	: 64
address sizes	: 43 bits physical, 48 bits virtual
power management:

MemTotal:        8144688 kB
MemFree:          289552 kB
MemAvailable:    1592484 kB
Buffers:          256228 kB
Cached:          2246828 kB
SwapCached:          252 kB
Active:          3282980 kB
Inactive:        1459040 kB
Active(anon):    2267472 kB
Inactive(anon):  1055488 kB
Active(file):    1015508 kB
Inactive(file):   403552 kB
Unevictable:          64 kB
Mlocked:              64 kB
SwapTotal:       8386556 kB
SwapFree:        8382192 kB
Dirty:                 0 kB
Writeback:             0 kB
AnonPages:       2238812 kB
Mapped:           411888 kB
Shmem:           1136532 kB
Slab:             346828 kB
SReclaimable:     189168 kB
SUnreclaim:       157660 kB
KernelStack:       13168 kB
PageTables:        44820 kB
NFS_Unstable:          0 kB
Bounce:                0 kB
WritebackTmp:          0 kB
CommitLimit:    12458900 kB
Committed_AS:    8040188 kB
VmallocTotal:   34359738367 kB
VmallocUsed:           0 kB
VmallocChunk:          0 kB
HardwareCorrupted:     0 kB
AnonHugePages:         0 kB
ShmemHugePages:        0 kB
ShmemPmdMapped:        0 kB
CmaTotal:              0 kB
CmaFree:               0 kB
HugePages_Total:       0
HugePages_Free:        0
HugePages_Rsvd:        0
HugePages_Surp:        0
Hugepagesize:       2048 kB
DirectMap4k:      190272 kB
DirectMap2M:     8198144 kB
DirectMap1G:     2097152 kB

#uptime
23:38:15 up 1 day,  3:01,  1 user,  load average: 0.05, 0.05, 0.00

#service info
 [ + ]  acpid
 [ + ]  alsa-utils
 [ - ]  anacron
 [ + ]  apparmor
 [ + ]  apport
 [ + ]  avahi-daemon
 [ + ]  bluetooth
 [ - ]  bootmisc.sh
 [ - ]  brltty
 [ - ]  checkfs.sh
 [ - ]  checkroot-bootclean.sh
 [ - ]  checkroot.sh
 [ + ]  console-setup
 [ + ]  cron
 [ + ]  cups
 [ + ]  cups-browsed
 [ + ]  dbus
 [ - ]  dns-clean
 [ + ]  grub-common
 [ - ]  hostname.sh
 [ - ]  hwclock.sh
 [ + ]  irqbalance
 [ - ]  kerneloops
 [ - ]  keyboard-setup.dpkg-bak
 [ - ]  killprocs
 [ + ]  kmod
 [ + ]  lightdm
 [ - ]  mountall-bootclean.sh
 [ - ]  mountall.sh
 [ - ]  mountdevsubfs.sh
 [ - ]  mountkernfs.sh
 [ - ]  mountnfs-bootclean.sh
 [ - ]  mountnfs.sh
 [ + ]  network-manager
 [ + ]  networking
 [ + ]  ondemand
 [ + ]  open-vm-tools
 [ - ]  plymouth
 [ - ]  plymouth-log
 [ - ]  pppd-dns
 [ + ]  procps
 [ - ]  rc.local
 [ + ]  resolvconf
 [ - ]  rsync
 [ + ]  rsyslog
 [ - ]  saned
 [ - ]  sendsigs
 [ + ]  speech-dispatcher
 [ - ]  thermald
 [ + ]  udev
 [ + ]  ufw
 [ - ]  umountfs
 [ - ]  umountnfs.sh
 [ - ]  umountroot
 [ + ]  unattended-upgrades
 [ + ]  urandom
 [ - ]  uuidd
 [ + ]  whoopsie
 [ - ]  x11-common

#NIC info
ens33     Link encap:Ethernet  HWaddr 00:0c:29:39:7f:a9  
          inet addr:192.168.128.135  Bcast:192.168.128.255  Mask:255.255.255.0
          inet6 addr: fe80::4740:e64e:a912:3c7b/64 Scope:Link
          UP BROADCAST RUNNING MULTICAST  MTU:1500  Metric:1
          RX packets:216225 errors:0 dropped:0 overruns:0 frame:0
          TX packets:33451 errors:0 dropped:0 overruns:0 carrier:0
          collisions:0 txqueuelen:1000 
          RX bytes:183763804 (183.7 MB)  TX bytes:3538173 (3.5 MB)

lo        Link encap:Local Loopback  
          inet addr:127.0.0.1  Mask:255.0.0.0
          inet6 addr: ::1/128 Scope:Host
          UP LOOPBACK RUNNING  MTU:65536  Metric:1
          RX packets:2175 errors:0 dropped:0 overruns:0 frame:0
          TX packets:2175 errors:0 dropped:0 overruns:0 carrier:0
          collisions:0 txqueuelen:1000 
          RX bytes:252198 (252.1 KB)  TX bytes:252198 (252.1 KB)

#Route info
Kernel IP routing table
Destination     Gateway         Genmask         Flags   MSS Window  irtt Iface
0.0.0.0         192.168.128.2   0.0.0.0         UG        0 0          0 ens33
169.254.0.0     0.0.0.0         255.255.0.0     U         0 0          0 ens33
192.168.128.0   0.0.0.0         255.255.255.0   U         0 0          0 ens33

#ARP info
? (192.168.128.1) at 00:50:56:c0:00:08 [ether] on ens33
? (192.168.128.2) at 00:50:56:f6:5f:58 [ether] on ens33

#process info
USER        PID %CPU %MEM    VSZ   RSS TTY      STAT START   TIME COMMAND
root          1  0.0  0.0 185384  5952 ?        -    May13   0:02 /sbin/init auto noprompt
root          -  0.0    -      -     - -        Ss   May13   0:02 -
root          2  0.0  0.0      0     0 ?        -    May13   0:00 [kthreadd]
root          -  0.0    -      -     - -        S    May13   0:00 -
root          4  0.0  0.0      0     0 ?        -    May13   0:00 [kworker/0:0H]
root          -  0.0    -      -     - -        I<   May13   0:00 -
root          6  0.0  0.0      0     0 ?        -    May13   0:00 [mm_percpu_wq]
root          -  0.0    -      -     - -        I<   May13   0:00 -
root          7  0.0  0.0      0     0 ?        -    May13   0:00 [ksoftirqd/0]
root          -  0.0    -      -     - -        S    May13   0:00 -
root          8  0.0  0.0      0     0 ?        -    May13   0:25 [rcu_sched]
root          -  0.0    -      -     - -        I    May13   0:25 -
root          9  0.0  0.0      0     0 ?        -    May13   0:00 [rcu_bh]
root          -  0.0    -      -     - -        I    May13   0:00 -
root         10  0.0  0.0      0     0 ?        -    May13   0:00 [migration/0]
root          -  0.0    -      -     - -        S    May13   0:00 -
root         11  0.0  0.0      0     0 ?        -    May13   0:00 [watchdog/0]
root          -  0.0    -      -     - -        S    May13   0:00 -
root         12  0.0  0.0      0     0 ?        -    May13   0:00 [cpuhp/0]
root          -  0.0    -      -     - -        S    May13   0:00 -
root         13  0.0  0.0      0     0 ?        -    May13   0:00 [cpuhp/1]
root          -  0.0    -      -     - -        S    May13   0:00 -
root         14  0.0  0.0      0     0 ?        -    May13   0:00 [watchdog/1]
root          -  0.0    -      -     - -        S    May13   0:00 -
root         15  0.0  0.0      0     0 ?        -    May13   0:00 [migration/1]
root          -  0.0    -      -     - -        S    May13   0:00 -
root         16  0.0  0.0      0     0 ?        -    May13   0:00 [ksoftirqd/1]
root          -  0.0    -      -     - -        S    May13   0:00 -
root         18  0.0  0.0      0     0 ?        -    May13   0:00 [kworker/1:0H]
root          -  0.0    -      -     - -        I<   May13   0:00 -
root         19  0.0  0.0      0     0 ?        -    May13   0:00 [cpuhp/2]
root          -  0.0    -      -     - -        S    May13   0:00 -
root         20  0.0  0.0      0     0 ?        -    May13   0:00 [watchdog/2]
root          -  0.0    -      -     - -        S    May13   0:00 -
root         21  0.0  0.0      0     0 ?        -    May13   0:00 [migration/2]
root          -  0.0    -      -     - -        S    May13   0:00 -
root         22  0.0  0.0      0     0 ?        -    May13   0:00 [ksoftirqd/2]
root          -  0.0    -      -     - -        S    May13   0:00 -
root         24  0.0  0.0      0     0 ?        -    May13   0:00 [kworker/2:0H]
root          -  0.0    -      -     - -        I<   May13   0:00 -
root         25  0.0  0.0      0     0 ?        -    May13   0:00 [cpuhp/3]
root          -  0.0    -      -     - -        S    May13   0:00 -
root         26  0.0  0.0      0     0 ?        -    May13   0:00 [watchdog/3]
root          -  0.0    -      -     - -        S    May13   0:00 -
root         27  0.0  0.0      0     0 ?        -    May13   0:00 [migration/3]
root          -  0.0    -      -     - -        S    May13   0:00 -
root         28  0.0  0.0      0     0 ?        -    May13   0:00 [ksoftirqd/3]
root          -  0.0    -      -     - -        S    May13   0:00 -
root         30  0.0  0.0      0     0 ?        -    May13   0:00 [kworker/3:0H]
root          -  0.0    -      -     - -        I<   May13   0:00 -
root         31  0.0  0.0      0     0 ?        -    May13   0:00 [cpuhp/4]
root          -  0.0    -      -     - -        S    May13   0:00 -
root         32  0.0  0.0      0     0 ?        -    May13   0:00 [watchdog/4]
root          -  0.0    -      -     - -        S    May13   0:00 -
root         33  0.0  0.0      0     0 ?        -    May13   0:00 [migration/4]
root          -  0.0    -      -     - -        S    May13   0:00 -
root         34  0.0  0.0      0     0 ?        -    May13   0:00 [ksoftirqd/4]
root          -  0.0    -      -     - -        S    May13   0:00 -
root         36  0.0  0.0      0     0 ?        -    May13   0:00 [kworker/4:0H]
root          -  0.0    -      -     - -        I<   May13   0:00 -
root         37  0.0  0.0      0     0 ?        -    May13   0:00 [cpuhp/5]
root          -  0.0    -      -     - -        S    May13   0:00 -
root         38  0.0  0.0      0     0 ?        -    May13   0:00 [watchdog/5]
root          -  0.0    -      -     - -        S    May13   0:00 -
root         39  0.0  0.0      0     0 ?        -    May13   0:00 [migration/5]
root          -  0.0    -      -     - -        S    May13   0:00 -
root         40  0.0  0.0      0     0 ?        -    May13   0:00 [ksoftirqd/5]
root          -  0.0    -      -     - -        S    May13   0:00 -
root         42  0.0  0.0      0     0 ?        -    May13   0:00 [kworker/5:0H]
root          -  0.0    -      -     - -        I<   May13   0:00 -
root         43  0.0  0.0      0     0 ?        -    May13   0:00 [cpuhp/6]
root          -  0.0    -      -     - -        S    May13   0:00 -
root         44  0.0  0.0      0     0 ?        -    May13   0:00 [watchdog/6]
root          -  0.0    -      -     - -        S    May13   0:00 -
root         45  0.0  0.0      0     0 ?        -    May13   0:00 [migration/6]
root          -  0.0    -      -     - -        S    May13   0:00 -
root         46  0.0  0.0      0     0 ?        -    May13   0:00 [ksoftirqd/6]
root          -  0.0    -      -     - -        S    May13   0:00 -
root         48  0.0  0.0      0     0 ?        -    May13   0:00 [kworker/6:0H]
root          -  0.0    -      -     - -        I<   May13   0:00 -
root         49  0.0  0.0      0     0 ?        -    May13   0:00 [cpuhp/7]
root          -  0.0    -      -     - -        S    May13   0:00 -
root         50  0.0  0.0      0     0 ?        -    May13   0:00 [watchdog/7]
root          -  0.0    -      -     - -        S    May13   0:00 -
root         51  0.0  0.0      0     0 ?        -    May13   0:00 [migration/7]
root          -  0.0    -      -     - -        S    May13   0:00 -
root         52  0.0  0.0      0     0 ?        -    May13   0:00 [ksoftirqd/7]
root          -  0.0    -      -     - -        S    May13   0:00 -
root         54  0.0  0.0      0     0 ?        -    May13   0:00 [kworker/7:0H]
root          -  0.0    -      -     - -        I<   May13   0:00 -
root         55  0.0  0.0      0     0 ?        -    May13   0:00 [kdevtmpfs]
root          -  0.0    -      -     - -        S    May13   0:00 -
root         56  0.0  0.0      0     0 ?        -    May13   0:00 [netns]
root          -  0.0    -      -     - -        I<   May13   0:00 -
root         57  0.0  0.0      0     0 ?        -    May13   0:00 [rcu_tasks_kthre]
root          -  0.0    -      -     - -        S    May13   0:00 -
root         58  0.0  0.0      0     0 ?        -    May13   0:00 [kauditd]
root          -  0.0    -      -     - -        S    May13   0:00 -
root         61  0.0  0.0      0     0 ?        -    May13   0:00 [khungtaskd]
root          -  0.0    -      -     - -        S    May13   0:00 -
root         62  0.0  0.0      0     0 ?        -    May13   0:00 [oom_reaper]
root          -  0.0    -      -     - -        S    May13   0:00 -
root         63  0.0  0.0      0     0 ?        -    May13   0:00 [writeback]
root          -  0.0    -      -     - -        I<   May13   0:00 -
root         64  0.0  0.0      0     0 ?        -    May13   0:00 [kcompactd0]
root          -  0.0    -      -     - -        S    May13   0:00 -
root         65  0.0  0.0      0     0 ?        -    May13   0:00 [ksmd]
root          -  0.0    -      -     - -        SN   May13   0:00 -
root         66  0.0  0.0      0     0 ?        -    May13   0:00 [khugepaged]
root          -  0.0    -      -     - -        SN   May13   0:00 -
root         67  0.0  0.0      0     0 ?        -    May13   0:00 [crypto]
root          -  0.0    -      -     - -        I<   May13   0:00 -
root         68  0.0  0.0      0     0 ?        -    May13   0:00 [kintegrityd]
root          -  0.0    -      -     - -        I<   May13   0:00 -
root         69  0.0  0.0      0     0 ?        -    May13   0:00 [kblockd]
root          -  0.0    -      -     - -        I<   May13   0:00 -
root         70  0.0  0.0      0     0 ?        -    May13   0:00 [ata_sff]
root          -  0.0    -      -     - -        I<   May13   0:00 -
root         71  0.0  0.0      0     0 ?        -    May13   0:00 [md]
root          -  0.0    -      -     - -        I<   May13   0:00 -
root         72  0.0  0.0      0     0 ?        -    May13   0:00 [edac-poller]
root          -  0.0    -      -     - -        I<   May13   0:00 -
root         73  0.0  0.0      0     0 ?        -    May13   0:00 [devfreq_wq]
root          -  0.0    -      -     - -        I<   May13   0:00 -
root         74  0.0  0.0      0     0 ?        -    May13   0:00 [watchdogd]
root          -  0.0    -      -     - -        I<   May13   0:00 -
root         83  0.0  0.0      0     0 ?        -    May13   0:00 [kswapd0]
root          -  0.0    -      -     - -        S    May13   0:00 -
root         85  0.0  0.0      0     0 ?        -    May13   0:00 [ecryptfs-kthrea]
root          -  0.0    -      -     - -        S    May13   0:00 -
root        127  0.0  0.0      0     0 ?        -    May13   0:00 [kthrotld]
root          -  0.0    -      -     - -        I<   May13   0:00 -
root        128  0.0  0.0      0     0 ?        -    May13   0:00 [acpi_thermal_pm]
root          -  0.0    -      -     - -        I<   May13   0:00 -
root        129  0.0  0.0      0     0 ?        -    May13   0:00 [scsi_eh_0]
root          -  0.0    -      -     - -        S    May13   0:00 -
root        130  0.0  0.0      0     0 ?        -    May13   0:00 [scsi_tmf_0]
root          -  0.0    -      -     - -        I<   May13   0:00 -
root        131  0.0  0.0      0     0 ?        -    May13   0:00 [scsi_eh_1]
root          -  0.0    -      -     - -        S    May13   0:00 -
root        132  0.0  0.0      0     0 ?        -    May13   0:00 [scsi_tmf_1]
root          -  0.0    -      -     - -        I<   May13   0:00 -
root        138  0.0  0.0      0     0 ?        -    May13   0:00 [ipv6_addrconf]
root          -  0.0    -      -     - -        I<   May13   0:00 -
root        147  0.0  0.0      0     0 ?        -    May13   0:00 [kstrp]
root          -  0.0    -      -     - -        I<   May13   0:00 -
root        164  0.0  0.0      0     0 ?        -    May13   0:00 [charger_manager]
root          -  0.0    -      -     - -        I<   May13   0:00 -
root        209  0.0  0.0      0     0 ?        -    May13   0:00 [mpt_poll_0]
root          -  0.0    -      -     - -        I<   May13   0:00 -
root        210  0.0  0.0      0     0 ?        -    May13   0:00 [mpt/0]
root          -  0.0    -      -     - -        I<   May13   0:00 -
root        211  0.0  0.0      0     0 ?        -    May13   0:00 [scsi_eh_2]
root          -  0.0    -      -     - -        S    May13   0:00 -
root        212  0.0  0.0      0     0 ?        -    May13   0:00 [scsi_tmf_2]
root          -  0.0    -      -     - -        I<   May13   0:00 -
root        213  0.0  0.0      0     0 ?        -    May13   0:00 [scsi_eh_3]
root          -  0.0    -      -     - -        S    May13   0:00 -
root        214  0.0  0.0      0     0 ?        -    May13   0:00 [scsi_tmf_3]
root          -  0.0    -      -     - -        I<   May13   0:00 -
root        215  0.0  0.0      0     0 ?        -    May13   0:00 [scsi_eh_4]
root          -  0.0    -      -     - -        S    May13   0:00 -
root        216  0.0  0.0      0     0 ?        -    May13   0:00 [scsi_tmf_4]
root          -  0.0    -      -     - -        I<   May13   0:00 -
root        217  0.0  0.0      0     0 ?        -    May13   0:00 [scsi_eh_5]
root          -  0.0    -      -     - -        S    May13   0:00 -
root        218  0.0  0.0      0     0 ?        -    May13   0:00 [scsi_tmf_5]
root          -  0.0    -      -     - -        I<   May13   0:00 -
root        219  0.0  0.0      0     0 ?        -    May13   0:00 [scsi_eh_6]
root          -  0.0    -      -     - -        S    May13   0:00 -
root        220  0.0  0.0      0     0 ?        -    May13   0:00 [scsi_tmf_6]
root          -  0.0    -      -     - -        I<   May13   0:00 -
root        221  0.0  0.0      0     0 ?        -    May13   0:00 [scsi_eh_7]
root          -  0.0    -      -     - -        S    May13   0:00 -
root        222  0.0  0.0      0     0 ?        -    May13   0:00 [scsi_tmf_7]
root          -  0.0    -      -     - -        I<   May13   0:00 -
root        223  0.0  0.0      0     0 ?        -    May13   0:00 [scsi_eh_8]
root          -  0.0    -      -     - -        S    May13   0:00 -
root        224  0.0  0.0      0     0 ?        -    May13   0:00 [scsi_tmf_8]
root          -  0.0    -      -     - -        I<   May13   0:00 -
root        225  0.0  0.0      0     0 ?        -    May13   0:00 [scsi_eh_9]
root          -  0.0    -      -     - -        S    May13   0:00 -
root        226  0.0  0.0      0     0 ?        -    May13   0:00 [scsi_tmf_9]
root          -  0.0    -      -     - -        I<   May13   0:00 -
root        227  0.0  0.0      0     0 ?        -    May13   0:00 [scsi_eh_10]
root          -  0.0    -      -     - -        S    May13   0:00 -
root        228  0.0  0.0      0     0 ?        -    May13   0:00 [scsi_tmf_10]
root          -  0.0    -      -     - -        I<   May13   0:00 -
root        229  0.0  0.0      0     0 ?        -    May13   0:00 [scsi_eh_11]
root          -  0.0    -      -     - -        S    May13   0:00 -
root        230  0.0  0.0      0     0 ?        -    May13   0:00 [scsi_tmf_11]
root          -  0.0    -      -     - -        I<   May13   0:00 -
root        231  0.0  0.0      0     0 ?        -    May13   0:00 [scsi_eh_12]
root          -  0.0    -      -     - -        S    May13   0:00 -
root        232  0.0  0.0      0     0 ?        -    May13   0:00 [scsi_tmf_12]
root          -  0.0    -      -     - -        I<   May13   0:00 -
root        233  0.0  0.0      0     0 ?        -    May13   0:00 [scsi_eh_13]
root          -  0.0    -      -     - -        S    May13   0:00 -
root        234  0.0  0.0      0     0 ?        -    May13   0:00 [scsi_tmf_13]
root          -  0.0    -      -     - -        I<   May13   0:00 -
root        235  0.0  0.0      0     0 ?        -    May13   0:00 [scsi_eh_14]
root          -  0.0    -      -     - -        S    May13   0:00 -
root        236  0.0  0.0      0     0 ?        -    May13   0:00 [scsi_tmf_14]
root          -  0.0    -      -     - -        I<   May13   0:00 -
root        237  0.0  0.0      0     0 ?        -    May13   0:00 [scsi_eh_15]
root          -  0.0    -      -     - -        S    May13   0:00 -
root        238  0.0  0.0      0     0 ?        -    May13   0:00 [scsi_tmf_15]
root          -  0.0    -      -     - -        I<   May13   0:00 -
root        239  0.0  0.0      0     0 ?        -    May13   0:00 [scsi_eh_16]
root          -  0.0    -      -     - -        S    May13   0:00 -
root        240  0.0  0.0      0     0 ?        -    May13   0:00 [scsi_tmf_16]
root          -  0.0    -      -     - -        I<   May13   0:00 -
root        241  0.0  0.0      0     0 ?        -    May13   0:00 [scsi_eh_17]
root          -  0.0    -      -     - -        S    May13   0:00 -
root        242  0.0  0.0      0     0 ?        -    May13   0:00 [scsi_tmf_17]
root          -  0.0    -      -     - -        I<   May13   0:00 -
root        243  0.0  0.0      0     0 ?        -    May13   0:00 [scsi_eh_18]
root          -  0.0    -      -     - -        S    May13   0:00 -
root        244  0.0  0.0      0     0 ?        -    May13   0:00 [scsi_tmf_18]
root          -  0.0    -      -     - -        I<   May13   0:00 -
root        245  0.0  0.0      0     0 ?        -    May13   0:00 [scsi_eh_19]
root          -  0.0    -      -     - -        S    May13   0:00 -
root        246  0.0  0.0      0     0 ?        -    May13   0:00 [scsi_tmf_19]
root          -  0.0    -      -     - -        I<   May13   0:00 -
root        247  0.0  0.0      0     0 ?        -    May13   0:00 [scsi_eh_20]
root          -  0.0    -      -     - -        S    May13   0:00 -
root        248  0.0  0.0      0     0 ?        -    May13   0:00 [scsi_tmf_20]
root          -  0.0    -      -     - -        I<   May13   0:00 -
root        249  0.0  0.0      0     0 ?        -    May13   0:00 [scsi_eh_21]
root          -  0.0    -      -     - -        S    May13   0:00 -
root        250  0.0  0.0      0     0 ?        -    May13   0:00 [scsi_tmf_21]
root          -  0.0    -      -     - -        I<   May13   0:00 -
root        251  0.0  0.0      0     0 ?        -    May13   0:00 [scsi_eh_22]
root          -  0.0    -      -     - -        S    May13   0:00 -
root        252  0.0  0.0      0     0 ?        -    May13   0:00 [scsi_tmf_22]
root          -  0.0    -      -     - -        I<   May13   0:00 -
root        253  0.0  0.0      0     0 ?        -    May13   0:00 [scsi_eh_23]
root          -  0.0    -      -     - -        S    May13   0:00 -
root        254  0.0  0.0      0     0 ?        -    May13   0:00 [scsi_tmf_23]
root          -  0.0    -      -     - -        I<   May13   0:00 -
root        255  0.0  0.0      0     0 ?        -    May13   0:00 [scsi_eh_24]
root          -  0.0    -      -     - -        S    May13   0:00 -
root        256  0.0  0.0      0     0 ?        -    May13   0:00 [scsi_tmf_24]
root          -  0.0    -      -     - -        I<   May13   0:00 -
root        257  0.0  0.0      0     0 ?        -    May13   0:00 [scsi_eh_25]
root          -  0.0    -      -     - -        S    May13   0:00 -
root        258  0.0  0.0      0     0 ?        -    May13   0:00 [scsi_tmf_25]
root          -  0.0    -      -     - -        I<   May13   0:00 -
root        259  0.0  0.0      0     0 ?        -    May13   0:00 [scsi_eh_26]
root          -  0.0    -      -     - -        S    May13   0:00 -
root        260  0.0  0.0      0     0 ?        -    May13   0:00 [scsi_tmf_26]
root          -  0.0    -      -     - -        I<   May13   0:00 -
root        261  0.0  0.0      0     0 ?        -    May13   0:00 [scsi_eh_27]
root          -  0.0    -      -     - -        S    May13   0:00 -
root        262  0.0  0.0      0     0 ?        -    May13   0:00 [scsi_tmf_27]
root          -  0.0    -      -     - -        I<   May13   0:00 -
root        263  0.0  0.0      0     0 ?        -    May13   0:00 [scsi_eh_28]
root          -  0.0    -      -     - -        S    May13   0:00 -
root        264  0.0  0.0      0     0 ?        -    May13   0:00 [scsi_tmf_28]
root          -  0.0    -      -     - -        I<   May13   0:00 -
root        265  0.0  0.0      0     0 ?        -    May13   0:00 [scsi_eh_29]
root          -  0.0    -      -     - -        S    May13   0:00 -
root        266  0.0  0.0      0     0 ?        -    May13   0:00 [scsi_tmf_29]
root          -  0.0    -      -     - -        I<   May13   0:00 -
root        267  0.0  0.0      0     0 ?        -    May13   0:00 [scsi_eh_30]
root          -  0.0    -      -     - -        S    May13   0:00 -
root        268  0.0  0.0      0     0 ?        -    May13   0:00 [scsi_tmf_30]
root          -  0.0    -      -     - -        I<   May13   0:00 -
root        269  0.0  0.0      0     0 ?        -    May13   0:00 [scsi_eh_31]
root          -  0.0    -      -     - -        S    May13   0:00 -
root        270  0.0  0.0      0     0 ?        -    May13   0:00 [scsi_tmf_31]
root          -  0.0    -      -     - -        I<   May13   0:00 -
root        271  0.0  0.0      0     0 ?        -    May13   0:00 [scsi_eh_32]
root          -  0.0    -      -     - -        S    May13   0:00 -
root        272  0.0  0.0      0     0 ?        -    May13   0:00 [scsi_tmf_32]
root          -  0.0    -      -     - -        I<   May13   0:00 -
root        301  0.0  0.0      0     0 ?        -    May13   0:00 [ttm_swap]
root          -  0.0    -      -     - -        I<   May13   0:00 -
root        302  0.0  0.0      0     0 ?        -    May13   0:05 [irq/16-vmwgfx]
root          -  0.0    -      -     - -        S    May13   0:05 -
root        310  0.0  0.0      0     0 ?        -    May13   0:00 [kworker/4:1H]
root          -  0.0    -      -     - -        I<   May13   0:00 -
root        311  0.0  0.0      0     0 ?        -    May13   0:00 [kworker/2:1H]
root          -  0.0    -      -     - -        I<   May13   0:00 -
root        312  0.0  0.0      0     0 ?        -    May13   0:00 [kworker/0:1H]
root          -  0.0    -      -     - -        I<   May13   0:00 -
root        313  0.0  0.0      0     0 ?        -    May13   0:00 [kworker/1:1H]
root          -  0.0    -      -     - -        I<   May13   0:00 -
root        314  0.0  0.0      0     0 ?        -    May13   0:00 [kworker/3:1H]
root          -  0.0    -      -     - -        I<   May13   0:00 -
root        328  0.0  0.0      0     0 ?        -    May13   0:00 [kworker/6:1H]
root          -  0.0    -      -     - -        I<   May13   0:00 -
root        339  0.0  0.0      0     0 ?        -    May13   0:00 [kworker/7:1H]
root          -  0.0    -      -     - -        I<   May13   0:00 -
root        342  0.0  0.0      0     0 ?        -    May13   0:03 [jbd2/sda1-8]
root          -  0.0    -      -     - -        S    May13   0:03 -
root        343  0.0  0.0      0     0 ?        -    May13   0:00 [ext4-rsv-conver]
root          -  0.0    -      -     - -        I<   May13   0:00 -
root        376  0.0  0.0  35396  8136 ?        -    May13   0:01 /lib/systemd/systemd-journald
root          -  0.0    -      -     - -        Ss   May13   0:01 -
root        388  0.0  0.0      0     0 ?        -    May13   0:00 [kworker/5:1H]
root          -  0.0    -      -     - -        I<   May13   0:00 -
root        419  0.0  0.0 158624   264 ?        -    May13   0:00 vmware-vmblock-fuse /run/vmblock-fuse -o rw,subtype=vmware-vmblock,default_permissions,allow_other,dev,suid
root          -  0.0    -      -     - -        Ssl  May13   0:00 -
root          -  0.0    -      -     - -        Ssl  May13   0:00 -
root          -  0.0    -      -     - -        Ssl  May13   0:00 -
root        424  0.0  0.1 194476 10372 ?        -    May13   0:56 /usr/bin/vmtoolsd
root          -  0.0    -      -     - -        Ssl  May13   0:56 -
root          -  0.0    -      -     - -        Ssl  May13   0:00 -
root        429  0.0  0.0  46308  4880 ?        -    May13   0:00 /lib/systemd/systemd-udevd
root          -  0.0    -      -     - -        Ss   May13   0:00 -
systemd+    459  0.0  0.0 102384  2556 ?        -    May13   0:00 /lib/systemd/systemd-timesyncd
systemd+      -  0.0    -      -     - -        Ssl  May13   0:00 -
systemd+      -  0.0    -      -     - -        Ssl  May13   0:00 -
root        696  0.0  0.0      0     0 ?        -    May13   0:00 [kworker/u257:1]
root          -  0.0    -      -     - -        I<   May13   0:00 -
root        919  0.0  0.0  32068  4560 ?        -    May13   0:00 /usr/lib/bluetooth/bluetoothd
root          -  0.0    -      -     - -        Ss   May13   0:00 -
root        922  0.0  0.0  28676  3176 ?        -    May13   0:00 /lib/systemd/systemd-logind
root          -  0.0    -      -     - -        Ss   May13   0:00 -
syslog      928  0.0  0.0 256392  3276 ?        -    May13   0:00 /usr/sbin/rsyslogd -n
syslog        -  0.0    -      -     - -        Ssl  May13   0:00 -
syslog        -  0.0    -      -     - -        Ssl  May13   0:00 -
syslog        -  0.0    -      -     - -        Ssl  May13   0:00 -
syslog        -  0.0    -      -     - -        Ssl  May13   0:00 -
message+    933  0.0  0.0  44416  5288 ?        -    May13   0:01 /usr/bin/dbus-daemon --system --address=systemd: --nofork --nopidfile --systemd-activation
message+      -  0.0    -      -     - -        Ss   May13   0:01 -
root        947  0.0  0.2 523092 16892 ?        -    May13   0:01 /usr/sbin/NetworkManager --no-daemon
root          -  0.0    -      -     - -        Ssl  May13   0:01 -
root          -  0.0    -      -     - -        Ssl  May13   0:00 -
root          -  0.0    -      -     - -        Ssl  May13   0:00 -
root        948  0.0  0.1  85440  9300 ?        -    May13   0:00 /usr/bin/VGAuthService
root          -  0.0    -      -     - -        Ss   May13   0:00 -
root        964  0.0  0.0   4396  1268 ?        -    May13   0:01 /usr/sbin/acpid
root          -  0.0    -      -     - -        Ss   May13   0:01 -
root        965  0.0  0.0  29008  2960 ?        -    May13   0:00 /usr/sbin/cron -f
root          -  0.0    -      -     - -        Ss   May13   0:00 -
avahi       969  0.0  0.0  44916  3128 ?        -    May13   0:00 avahi-daemon: running [ubuntu.local]
avahi         -  0.0    -      -     - -        Ss   May13   0:00 -
root        970  0.0  0.0 275888  6324 ?        -    May13   0:02 /usr/lib/accountsservice/accounts-daemon
root          -  0.0    -      -     - -        Ssl  May13   0:00 -
root          -  0.0    -      -     - -        Ssl  May13   0:02 -
root          -  0.0    -      -     - -        Ssl  May13   0:00 -
root        988  0.0  0.0  15936  1796 tty1     -    May13   0:00 /sbin/agetty --noclear tty1 linux
root          -  0.0    -      -     - -        Ss+  May13   0:00 -
avahi       989  0.0  0.0  44784   336 ?        -    May13   0:00 avahi-daemon: chroot helper
avahi         -  0.0    -      -     - -        S    May13   0:00 -
root       1012  0.0  0.0  19592  2132 ?        -    May13   0:05 /usr/sbin/irqbalance --pid=/var/run/irqbalance.pid
root          -  0.0    -      -     - -        Ss   May13   0:05 -
root       1028  0.0  0.0 350408  6168 ?        -    May13   0:00 /usr/sbin/lightdm
root          -  0.0    -      -     - -        SLsl May13   0:00 -
root          -  0.0    -      -     - -        SLsl May13   0:00 -
root          -  0.0    -      -     - -        SLsl May13   0:00 -
root       1032  0.0  0.1 281908  8716 ?        -    May13   0:00 /usr/lib/policykit-1/polkitd --no-debug
root          -  0.0    -      -     - -        Ssl  May13   0:00 -
root          -  0.0    -      -     - -        Ssl  May13   0:00 -
root          -  0.0    -      -     - -        Ssl  May13   0:00 -
root       1047  0.0  0.2 174584 19248 ?        -    May13   0:00 /usr/bin/python3 /usr/share/unattended-upgrades/unattended-upgrade-shutdown --wait-for-signal
root          -  0.0    -      -     - -        Ssl  May13   0:00 -
root          -  0.0    -      -     - -        Ssl  May13   0:00 -
root       1050  0.8  3.7 979888 307268 tty7    -    May13  13:16 /usr/lib/xorg/Xorg -core :0 -seat seat0 -auth /var/run/lightdm/root/:0 -nolisten tcp vt7 -novtswitch
root          -  0.7    -      -     - -        Ssl+ May13  12:26 -
root          -  0.0    -      -     - -        Ssl+ May13   0:50 -
nobody     1122  0.0  0.0  52864  4216 ?        -    May13   0:00 /usr/sbin/dnsmasq --no-resolv --keep-in-foreground --no-hosts --bind-interfaces --pid-file=/var/run/NetworkManager/dnsmasq.pid --listen-address=127.0.1.1 --cache-size=0 --conf-file=/dev/null --proxy-dnssec --enable-dbus=org.freedesktop.NetworkManager.dnsmasq --conf-dir=/etc/NetworkManager/dnsmasq.d
nobody        -  0.0    -      -     - -        S    May13   0:00 -
root       1320  0.0  0.0 230300  6300 ?        -    May13   0:00 lightdm --session-child 12 19
root          -  0.0    -      -     - -        Sl   May13   0:00 -
root          -  0.0    -      -     - -        Sl   May13   0:00 -
root          -  0.0    -      -     - -        Sl   May13   0:00 -
rtkit      1354  0.0  0.0 183544  2960 ?        -    May13   0:01 /usr/lib/rtkit/rtkit-daemon
rtkit         -  0.0    -      -     - -        SNsl May13   0:00 -
rtkit         -  0.0    -      -     - -        Ssl  May13   0:00 -
rtkit         -  0.0    -      -     - -        SNsl May13   0:00 -
root       1402  0.0  0.0      0     0 ?        -    May13   0:00 [krfcommd]
root          -  0.0    -      -     - -        S<   May13   0:00 -
root       1404  0.0  0.1 347144  9588 ?        -    May13   0:00 /usr/lib/upower/upowerd
root          -  0.0    -      -     - -        Ssl  May13   0:00 -
root          -  0.0    -      -     - -        Ssl  May13   0:00 -
root          -  0.0    -      -     - -        Ssl  May13   0:00 -
colord     1421  0.0  0.1 301136 10812 ?        -    May13   0:00 /usr/lib/colord/colord
colord        -  0.0    -      -     - -        Ssl  May13   0:00 -
colord        -  0.0    -      -     - -        Ssl  May13   0:00 -
colord        -  0.0    -      -     - -        Ssl  May13   0:00 -
whoopsie   1436  0.0  0.1 373968 11960 ?        -    May13   0:00 /usr/bin/whoopsie -f
whoopsie      -  0.0    -      -     - -        Ssl  May13   0:00 -
whoopsie      -  0.0    -      -     - -        Ssl  May13   0:00 -
whoopsie      -  0.0    -      -     - -        Ssl  May13   0:00 -
ray        1470  0.0  0.0  45300  4612 ?        -    May13   0:00 /lib/systemd/systemd --user LANG=en_US.UTF-8 PATH=/usr/local/sbin:/usr/local/bin:/usr/sbin:/usr/bin:/sbin:/bin:/snap/bin NOTIFY_SOCKET=/run/systemd/notify HOME=/home/ray LOGNAME=ray USER=ray SHELL=/bin/bash XDG_RUNTIME_DIR=/run/user/1000
ray           -  0.0    -      -     - -        Ss   May13   0:00 -
ray        1471  0.0  0.0  63464  2032 ?        -    May13   0:00 (sd-pam)
ray           -  0.0    -      -     - -        S    May13   0:00 -
ray        1477  0.0  0.0 205204  6508 ?        -    May13   0:02 /usr/bin/gnome-keyring-daemon --daemonize --login
ray           -  0.0    -      -     - -        Sl   May13   0:01 -
ray           -  0.0    -      -     - -        Sl   May13   0:00 -
ray           -  0.0    -      -     - -        Sl   May13   0:00 -
ray           -  0.0    -      -     - -        Sl   May13   0:01 -
ray        1479  0.0  0.0  46460  4680 ?        -    May13   0:00 /sbin/upstart --user XDG_VTNR=7 XDG_SESSION_ID=c2 CLUTTER_IM_MODULE=xim XDG_GREETER_DATA_DIR=/var/lib/lightdm-data/ray SHELL=/bin/bash QT_LINUX_ACCESSIBILITY_ALWAYS_ON=1 GTK_MODULES=gail:atk-bridge http_proxy=http://192.168.128.1:1080/ USER=ray QT_ACCESSIBILITY=1 XDG_SESSION_PATH=/org/freedesktop/DisplayManager/Session0 XDG_SEAT_PATH=/org/freedesktop/DisplayManager/Seat0 ftp_proxy=ftp://192.168.128.1:1080/ DEFAULTS_PATH=/usr/share/gconf/ubuntu.default.path XDG_CONFIG_DIRS=/etc/xdg/xdg-ubuntu:/usr/share/upstart/xdg:/etc/xdg DESKTOP_SESSION=ubuntu PATH=/home/ray/bin:/home/ray/.local/bin:/usr/local/sbin:/usr/local/bin:/usr/sbin:/usr/bin:/sbin:/bin:/usr/games:/usr/local/games:/snap/bin:/home/ray/gcc-arm-none-eabi-9-2019-q4-major/bin QT_IM_MODULE=ibus QT_QPA_PLATFORMTHEME=appmenu-qt5 PWD=/home/ray XDG_SESSION_TYPE=x11 XMODIFIERS=@im=ibus socks_proxy=socks://192.168.128.1:1080/ LANG=en_US.UTF-8 MANDATORY_PATH=/usr/share/gconf/ubuntu.mandatory.path GDM_LANG=en_US IM_CONFIG_PHASE=1 COMPIZ_CONFIG_PROFILE=ubuntu https_proxy=https://192.168.128.1:1080/ GDMSESSION=ubuntu SESSIONTYPE=gnome-session GTK2_MODULES=overlay-scrollbar SHLVL=0 XDG_SEAT=seat0 HOME=/home/ray LANGUAGE=en_US XDG_SESSION_DESKTOP=ubuntu LOGNAME=ray QT4_IM_MODULE=xim XDG_DATA_DIRS=/usr/share/ubuntu:/usr/share/gnome:/usr/local/share:/usr/share:/var/lib/snapd/desktop XDG_RUNTIME_DIR=/run/user/1000 DISPLAY=:0 GTK_IM_MODULE=ibus XDG_CURRENT_DESKTOP=Unity XAUTHORITY=/home/ray/.Xauthority
ray           -  0.0    -      -     - -        Ss   May13   0:00 -
ray        1560  0.0  0.0  32860   276 ?        -    May13   0:00 upstart-udev-bridge --daemon --user PATH=/home/ray/bin:/home/ray/.local/bin:/usr/local/sbin:/usr/local/bin:/usr/sbin:/usr/bin:/sbin:/bin:/usr/games:/usr/local/games:/snap/bin:/home/ray/gcc-arm-none-eabi-9-2019-q4-major/bin XDG_VTNR=7 XDG_SESSION_ID=c2 CLUTTER_IM_MODULE=xim XDG_GREETER_DATA_DIR=/var/lib/lightdm-data/ray SHELL=/bin/bash QT_LINUX_ACCESSIBILITY_ALWAYS_ON=1 GTK_MODULES=gail:atk-bridge http_proxy=http://192.168.128.1:1080/ USER=ray QT_ACCESSIBILITY=1 XDG_SESSION_PATH=/org/freedesktop/DisplayManager/Session0 XDG_SEAT_PATH=/org/freedesktop/DisplayManager/Seat0 ftp_proxy=ftp://192.168.128.1:1080/ DEFAULTS_PATH=/usr/share/gconf/ubuntu.default.path XDG_CONFIG_DIRS=/etc/xdg/xdg-ubuntu:/usr/share/upstart/xdg:/etc/xdg DESKTOP_SESSION=ubuntu QT_IM_MODULE=ibus QT_QPA_PLATFORMTHEME=appmenu-qt5 PWD=/home/ray XDG_SESSION_TYPE=x11 XMODIFIERS=@im=ibus socks_proxy=socks://192.168.128.1:1080/ LANG=en_US.UTF-8 MANDATORY_PATH=/usr/share/gconf/ubuntu.mandatory.path GDM_LANG=en_US IM_CONFIG_PHASE=1 COMPIZ_CONFIG_PROFILE=ubuntu https_proxy=https://192.168.128.1:1080/ GDMSESSION=ubuntu SESSIONTYPE=gnome-session GTK2_MODULES=overlay-scrollbar SHLVL=0 XDG_SEAT=seat0 HOME=/home/ray LANGUAGE=en_US XDG_SESSION_DESKTOP=ubuntu LOGNAME=ray QT4_IM_MODULE=xim XDG_DATA_DIRS=/usr/share/ubuntu:/usr/share/gnome:/usr/local/share:/usr/share:/var/lib/snapd/desktop XDG_RUNTIME_DIR=/run/user/1000 DISPLAY=:0 GTK_IM_MODULE=ibus XDG_CURRENT_DESKTOP=Unity XAUTHORITY=/home/ray/.Xauthority UPSTART_EVENTS=startup UPSTART_JOB=upstart-udev-bridge UPSTART_INSTANCE= UPSTART_SESSION=unix:abstract=/com/ubuntu/upstart-session/1000/1479
ray           -  0.0    -      -     - -        S    May13   0:00 -
ray        1562  0.0  0.0  43852  4292 ?        -    May13   0:18 dbus-daemon --fork --session --address=unix:abstract=/tmp/dbus-VXEQ4bkzcc USER=ray LANGUAGE=en_US UPSTART_INSTANCE= XDG_SEAT=seat0 XDG_SESSION_TYPE=x11 COMPIZ_CONFIG_PROFILE=ubuntu SHLVL=0 HOME=/home/ray QT4_IM_MODULE=xim DESKTOP_SESSION=ubuntu QT_LINUX_ACCESSIBILITY_ALWAYS_ON=1 GTK_MODULES=gail:atk-bridge:unity-gtk-module XDG_SEAT_PATH=/org/freedesktop/DisplayManager/Seat0 INSTANCE= DBUS_SESSION_BUS_ADDRESS=unix:abstract=/tmp/dbus-VXEQ4bkzcc QT_QPA_PLATFORMTHEME=appmenu-qt5 MANDATORY_PATH=/usr/share/gconf/ubuntu.mandatory.path IM_CONFIG_PHASE=1 https_proxy=https://192.168.128.1:1080/ SESSIONTYPE=gnome-session UPSTART_JOB=dbus LOGNAME=ray GTK_IM_MODULE=ibus http_proxy=http://192.168.128.1:1080/ DEFAULTS_PATH=/usr/share/gconf/ubuntu.default.path XDG_SESSION_ID=c2 socks_proxy=socks://192.168.128.1:1080/ DBUS_DEBUG_OUTPUT=1 GTK2_MODULES=overlay-scrollbar PATH=/home/ray/bin:/home/ray/.local/bin:/usr/local/sbin:/usr/local/bin:/usr/sbin:/usr/bin:/sbin:/bin:/usr/games:/usr/local/games:/snap/bin:/home/ray/gcc-arm-none-eabi-9-2019-q4-major/bin GDM_LANG=en_US XDG_SESSION_PATH=/org/freedesktop/DisplayManager/Session0 ftp_proxy=ftp://192.168.128.1:1080/ XDG_RUNTIME_DIR=/run/user/1000 DISPLAY=:0 LANG=en_US.UTF-8 XDG_CURRENT_DESKTOP=Unity XMODIFIERS=@im=ibus XDG_SESSION_DESKTOP=ubuntu XAUTHORITY=/home/ray/.Xauthority XDG_GREETER_DATA_DIR=/var/lib/lightdm-data/ray SHELL=/bin/bash QT_ACCESSIBILITY=1 GDMSESSION=ubuntu UPSTART_EVENTS=starting UPSTART_SESSION=unix:abstract=/com/ubuntu/upstart-session/1000/1479 XDG_VTNR=7 QT_IM_MODULE=ibus PWD=/home/ray CLUTTER_IM_MODULE=xim XDG_CONFIG_DIRS=/etc/xdg/xdg-ubuntu:/usr/share/upstart/xdg:/etc/xdg XDG_DATA_DIRS=/usr/share/ubuntu:/usr/share/gnome:/usr/local/share:/usr/share:/var/lib/snapd/desktop JOB=xsession-init
ray           -  0.0    -      -     - -        Ss   May13   0:18 -
ray        1574  0.0  0.1  86344  8876 ?        -    May13   0:00 /usr/lib/x86_64-linux-gnu/hud/window-stack-bridge PATH=/home/ray/bin:/home/ray/.local/bin:/usr/local/sbin:/usr/local/bin:/usr/sbin:/usr/bin:/sbin:/bin:/usr/games:/usr/local/games:/snap/bin:/home/ray/gcc-arm-none-eabi-9-2019-q4-major/bin XDG_VTNR=7 XDG_SESSION_ID=c2 CLUTTER_IM_MODULE=xim XDG_GREETER_DATA_DIR=/var/lib/lightdm-data/ray SHELL=/bin/bash QT_LINUX_ACCESSIBILITY_ALWAYS_ON=1 GTK_MODULES=gail:atk-bridge:unity-gtk-module http_proxy=http://192.168.128.1:1080/ USER=ray QT_ACCESSIBILITY=1 XDG_SESSION_PATH=/org/freedesktop/DisplayManager/Session0 XDG_SEAT_PATH=/org/freedesktop/DisplayManager/Seat0 ftp_proxy=ftp://192.168.128.1:1080/ DEFAULTS_PATH=/usr/share/gconf/ubuntu.default.path XDG_CONFIG_DIRS=/etc/xdg/xdg-ubuntu:/usr/share/upstart/xdg:/etc/xdg DESKTOP_SESSION=ubuntu QT_IM_MODULE=ibus QT_QPA_PLATFORMTHEME=appmenu-qt5 PWD=/home/ray XDG_SESSION_TYPE=x11 XMODIFIERS=@im=ibus socks_proxy=socks://192.168.128.1:1080/ LANG=en_US.UTF-8 MANDATORY_PATH=/usr/share/gconf/ubuntu.mandatory.path GDM_LANG=en_US IM_CONFIG_PHASE=1 COMPIZ_CONFIG_PROFILE=ubuntu https_proxy=https://192.168.128.1:1080/ GDMSESSION=ubuntu SESSIONTYPE=gnome-session GTK2_MODULES=overlay-scrollbar SHLVL=0 XDG_SEAT=seat0 HOME=/home/ray LANGUAGE=en_US XDG_SESSION_DESKTOP=ubuntu LOGNAME=ray QT4_IM_MODULE=xim XDG_DATA_DIRS=/usr/share/ubuntu:/usr/share/gnome:/usr/local/share:/usr/share:/var/lib/snapd/desktop XDG_RUNTIME_DIR=/run/user/1000 DISPLAY=:0 GTK_IM_MODULE=ibus XDG_CURRENT_DESKTOP=Unity XAUTHORITY=/home/ray/.Xauthority DBUS_SESSION_BUS_ADDRESS=unix:abstract=/tmp/dbus-VXEQ4bkzcc JOB=dbus INSTANCE= UPSTART_EVENTS=started UPSTART_JOB=window-stack-bridge UPSTART_INSTANCE= UPSTART_SESSION=unix:abstract=/com/ubuntu/upstart-session/1000/1479
ray           -  0.0    -      -     - -        Ss   May13   0:00 -
ray        1599  0.0  0.1 353580 15680 ?        -    May13   0:45 /usr/bin/ibus-daemon --daemonize --xim --address unix:tmpdir=/tmp/ibus USER=ray LANGUAGE=en_US UPSTART_INSTANCE= XDG_SEAT=seat0 TEXTDOMAIN=im-config XDG_SESSION_TYPE=x11 COMPIZ_CONFIG_PROFILE=ubuntu SHLVL=0 HOME=/home/ray QT4_IM_MODULE=xim DESKTOP_SESSION=ubuntu QT_LINUX_ACCESSIBILITY_ALWAYS_ON=1 GTK_MODULES=gail:atk-bridge:unity-gtk-module XDG_SEAT_PATH=/org/freedesktop/DisplayManager/Seat0 INSTANCE= DBUS_SESSION_BUS_ADDRESS=unix:abstract=/tmp/dbus-VXEQ4bkzcc QT_QPA_PLATFORMTHEME=appmenu-qt5 MANDATORY_PATH=/usr/share/gconf/ubuntu.mandatory.path IM_CONFIG_PHASE=2 https_proxy=https://192.168.128.1:1080/ SESSIONTYPE=gnome-session UPSTART_JOB=im-config LOGNAME=ray GTK_IM_MODULE=ibus http_proxy=http://192.168.128.1:1080/ DEFAULTS_PATH=/usr/share/gconf/ubuntu.default.path XDG_SESSION_ID=c2 socks_proxy=socks://192.168.128.1:1080/ GTK2_MODULES=overlay-scrollbar PATH=/home/ray/bin:/home/ray/.local/bin:/usr/local/sbin:/usr/local/bin:/usr/sbin:/usr/bin:/sbin:/bin:/usr/games:/usr/local/games:/snap/bin:/home/ray/gcc-arm-none-eabi-9-2019-q4-major/bin GDM_LANG=en_US XDG_SESSION_PATH=/org/freedesktop/DisplayManager/Session0 ftp_proxy=ftp://192.168.128.1:1080/ XDG_RUNTIME_DIR=/run/user/1000 DISPLAY=:0 LANG=en_US.UTF-8 XDG_CURRENT_DESKTOP=Unity XMODIFIERS=@im=ibus XDG_SESSION_DESKTOP=ubuntu XAUTHORITY=/home/ray/.Xauthority XDG_GREETER_DATA_DIR=/var/lib/lightdm-data/ray SHELL=/bin/bash QT_ACCESSIBILITY=1 GDMSESSION=ubuntu UPSTART_EVENTS=starting started UPSTART_SESSION=unix:abstract=/com/ubuntu/upstart-session/1000/1479 TEXTDOMAINDIR=/usr/share/locale/ XDG_VTNR=7 QT_IM_MODULE=ibus PWD=/home/ray CLUTTER_IM_MODULE=xim XDG_CONFIG_DIRS=/etc/xdg/xdg-ubuntu:/usr/share/upstart/xdg:/etc/xdg XDG_DATA_DIRS=/usr/share/ubuntu:/usr/share/gnome:/usr/local/share:/usr/share:/var/lib/snapd/desktop JOB=dbus
ray           -  0.0    -      -     - -        Ssl  May13   0:18 -
ray           -  0.0    -      -     - -        Ssl  May13   0:00 -
ray           -  0.0    -      -     - -        Ssl  May13   0:27 -
ray        1605  0.0  0.2 594380 23272 ?        -    15:26   0:00 /usr/lib/gvfs/gvfsd-recent --spawner :1.4 /org/gtk/gvfs/exec_spaw/8 XDG_RUNTIME_DIR=/run/user/1000 XMODIFIERS=@im XDG_GREETER_DATA_DIR=/var/lib/lightdm-data/ray XDG_SESSION_TYPE=x11 DBUS_SESSION_BUS_ADDRESS=unix:abstract=/tmp/dbus-VXEQ4bkzcc,guid=e59d67ae1dacb060b61762555ebbc9a3 USER=ray XAUTHORITY=/home/ray/.Xauthority QT_IM_MODULE=ibus DBUS_STARTER_BUS_TYPE=session SHLVL=0 UPSTART_INSTANCE= GNOME_KEYRING_CONTROL= XDG_SESSION_DESKTOP=ubuntu DBUS_DEBUG_OUTPUT=1 SHELL=/bin/bash ftp_proxy=ftp://192.168.128.1:1080/ UPSTART_EVENTS=starting QT_ACCESSIBILITY=1 INSTANCE= XDG_DATA_DIRS=/usr/share/ubuntu:/usr/share/gnome:/usr/local/share:/usr/share:/var/lib/snapd/desktop LANGUAGE=en_US QT4_IM_MODULE=xim IM_CONFIG_PHASE=1 https_proxy=https://192.168.128.1:1080/ GTK2_MODULES=overlay-scrollbar JOB=xsession-init PWD=/home/ray socks_proxy=socks://192.168.128.1:1080/ HOME=/home/ray DBUS_STARTER_ADDRESS=unix:abstract=/tmp/dbus-VXEQ4bkzcc,guid=e59d67ae1dacb060b61762555ebbc9a3 CLUTTER_IM_MODULE=xim DISPLAY=:0 SSH_AUTH_SOCK=/run/user/1000/keyring/ssh UPSTART_JOB=dbus PATH=/home/ray/bin:/home/ray/.local/bin:/usr/local/sbin:/usr/local/bin:/usr/sbin:/usr/bin:/sbin:/bin:/usr/games:/usr/local/games:/snap/bin:/home/ray/gcc-arm-none-eabi-9-2019-q4-major/bin GTK_MODULES=gail:atk-bridge:unity-gtk-module GTK_IM_MODULE=ibus GDMSESSION=ubuntu XDG_VTNR=7 XDG_SESSION_ID=c2 XDG_SEAT=seat0 COMPIZ_CONFIG_PROFILE=ubuntu MANDATORY_PATH=/usr/share/gconf/ubuntu.mandatory.path LANG=en_US.UTF-8 LOGNAME=ray SESSIONTYPE=gnome-session DEFAULTS_PATH=/usr/share/gconf/ubuntu.default.path XDG_SESSION_PATH=/org/freedesktop/DisplayManager/Session0 XDG_CURRENT_DESKTOP=Unity DESKTOP_SESSION=ubuntu QT_LINUX_ACCESSIBILITY_ALWAYS_ON=1 http_proxy=http://192.168.128.1:1080/ XDG_SEAT_PATH=/org/freedesktop/DisplayManager/Seat0 GNOME_KEYRING_PID= QT_QPA_PLATFORMTHEME=appmenu-qt5 GDM_LANG=en_US UPSTART_SESSION=unix:abstract=/com/ubuntu/upstart-session/1000/1479 XDG_CONFIG_DIRS=/etc/xdg/xdg-ubuntu:/usr/share/upstart/xdg:/etc/xdg
ray           -  0.0    -      -     - -        Sl   15:26   0:00 -
ray           -  0.0    -      -     - -        Sl   15:26   0:00 -
ray           -  0.0    -      -     - -        Sl   15:26   0:00 -
ray           -  0.0    -      -     - -        Sl   15:26   0:00 -
ray        1609  0.0  0.0  41284   392 ?        -    May13   0:00 upstart-file-bridge --daemon --user PATH=/home/ray/bin:/home/ray/.local/bin:/usr/local/sbin:/usr/local/bin:/usr/sbin:/usr/bin:/sbin:/bin:/usr/games:/usr/local/games:/snap/bin:/home/ray/gcc-arm-none-eabi-9-2019-q4-major/bin XDG_VTNR=7 XDG_SESSION_ID=c2 CLUTTER_IM_MODULE=xim XDG_GREETER_DATA_DIR=/var/lib/lightdm-data/ray SHELL=/bin/bash QT_LINUX_ACCESSIBILITY_ALWAYS_ON=1 GTK_MODULES=gail:atk-bridge:unity-gtk-module http_proxy=http://192.168.128.1:1080/ USER=ray QT_ACCESSIBILITY=1 XDG_SESSION_PATH=/org/freedesktop/DisplayManager/Session0 XDG_SEAT_PATH=/org/freedesktop/DisplayManager/Seat0 ftp_proxy=ftp://192.168.128.1:1080/ DEFAULTS_PATH=/usr/share/gconf/ubuntu.default.path XDG_CONFIG_DIRS=/etc/xdg/xdg-ubuntu:/usr/share/upstart/xdg:/etc/xdg DESKTOP_SESSION=ubuntu QT_IM_MODULE=ibus QT_QPA_PLATFORMTHEME=appmenu-qt5 PWD=/home/ray XDG_SESSION_TYPE=x11 XMODIFIERS=@im=ibus socks_proxy=socks://192.168.128.1:1080/ LANG=en_US.UTF-8 MANDATORY_PATH=/usr/share/gconf/ubuntu.mandatory.path GDM_LANG=en_US IM_CONFIG_PHASE=1 COMPIZ_CONFIG_PROFILE=ubuntu https_proxy=https://192.168.128.1:1080/ GDMSESSION=ubuntu SESSIONTYPE=gnome-session GTK2_MODULES=overlay-scrollbar SHLVL=0 XDG_SEAT=seat0 HOME=/home/ray LANGUAGE=en_US XDG_SESSION_DESKTOP=ubuntu LOGNAME=ray QT4_IM_MODULE=xim XDG_DATA_DIRS=/usr/share/ubuntu:/usr/share/gnome:/usr/local/share:/usr/share:/var/lib/snapd/desktop XDG_RUNTIME_DIR=/run/user/1000 DISPLAY=:0 GTK_IM_MODULE=ibus XDG_CURRENT_DESKTOP=Unity XAUTHORITY=/home/ray/.Xauthority DBUS_SESSION_BUS_ADDRESS=unix:abstract=/tmp/dbus-VXEQ4bkzcc JOB=dbus INSTANCE= UPSTART_EVENTS=started UPSTART_JOB=upstart-file-bridge UPSTART_INSTANCE= UPSTART_SESSION=unix:abstract=/com/ubuntu/upstart-session/1000/1479
ray           -  0.0    -      -     - -        S    May13   0:00 -
ray        1610  0.0  0.0  32792   324 ?        -    May13   0:01 upstart-dbus-bridge --daemon --session --user --bus-name session PATH=/home/ray/bin:/home/ray/.local/bin:/usr/local/sbin:/usr/local/bin:/usr/sbin:/usr/bin:/sbin:/bin:/usr/games:/usr/local/games:/snap/bin:/home/ray/gcc-arm-none-eabi-9-2019-q4-major/bin XDG_VTNR=7 XDG_SESSION_ID=c2 CLUTTER_IM_MODULE=xim XDG_GREETER_DATA_DIR=/var/lib/lightdm-data/ray SHELL=/bin/bash QT_LINUX_ACCESSIBILITY_ALWAYS_ON=1 GTK_MODULES=gail:atk-bridge:unity-gtk-module http_proxy=http://192.168.128.1:1080/ USER=ray QT_ACCESSIBILITY=1 XDG_SESSION_PATH=/org/freedesktop/DisplayManager/Session0 XDG_SEAT_PATH=/org/freedesktop/DisplayManager/Seat0 ftp_proxy=ftp://192.168.128.1:1080/ DEFAULTS_PATH=/usr/share/gconf/ubuntu.default.path XDG_CONFIG_DIRS=/etc/xdg/xdg-ubuntu:/usr/share/upstart/xdg:/etc/xdg DESKTOP_SESSION=ubuntu QT_IM_MODULE=ibus QT_QPA_PLATFORMTHEME=appmenu-qt5 PWD=/home/ray XDG_SESSION_TYPE=x11 XMODIFIERS=@im=ibus socks_proxy=socks://192.168.128.1:1080/ LANG=en_US.UTF-8 MANDATORY_PATH=/usr/share/gconf/ubuntu.mandatory.path GDM_LANG=en_US IM_CONFIG_PHASE=1 COMPIZ_CONFIG_PROFILE=ubuntu https_proxy=https://192.168.128.1:1080/ GDMSESSION=ubuntu SESSIONTYPE=gnome-session GTK2_MODULES=overlay-scrollbar SHLVL=0 XDG_SEAT=seat0 HOME=/home/ray LANGUAGE=en_US XDG_SESSION_DESKTOP=ubuntu LOGNAME=ray QT4_IM_MODULE=xim XDG_DATA_DIRS=/usr/share/ubuntu:/usr/share/gnome:/usr/local/share:/usr/share:/var/lib/snapd/desktop XDG_RUNTIME_DIR=/run/user/1000 DISPLAY=:0 GTK_IM_MODULE=ibus XDG_CURRENT_DESKTOP=Unity XAUTHORITY=/home/ray/.Xauthority DBUS_SESSION_BUS_ADDRESS=unix:abstract=/tmp/dbus-VXEQ4bkzcc JOB=dbus INSTANCE= UPSTART_EVENTS=started UPSTART_JOB=upstart-dbus-session-bridge UPSTART_INSTANCE= UPSTART_SESSION=unix:abstract=/com/ubuntu/upstart-session/1000/1479
ray           -  0.0    -      -     - -        S    May13   0:01 -
ray        1613  0.0  0.0  32792   320 ?        -    May13   0:00 upstart-dbus-bridge --daemon --system --user --bus-name system PATH=/home/ray/bin:/home/ray/.local/bin:/usr/local/sbin:/usr/local/bin:/usr/sbin:/usr/bin:/sbin:/bin:/usr/games:/usr/local/games:/snap/bin:/home/ray/gcc-arm-none-eabi-9-2019-q4-major/bin XDG_VTNR=7 XDG_SESSION_ID=c2 CLUTTER_IM_MODULE=xim XDG_GREETER_DATA_DIR=/var/lib/lightdm-data/ray SHELL=/bin/bash QT_LINUX_ACCESSIBILITY_ALWAYS_ON=1 GTK_MODULES=gail:atk-bridge:unity-gtk-module http_proxy=http://192.168.128.1:1080/ USER=ray QT_ACCESSIBILITY=1 XDG_SESSION_PATH=/org/freedesktop/DisplayManager/Session0 XDG_SEAT_PATH=/org/freedesktop/DisplayManager/Seat0 ftp_proxy=ftp://192.168.128.1:1080/ DEFAULTS_PATH=/usr/share/gconf/ubuntu.default.path XDG_CONFIG_DIRS=/etc/xdg/xdg-ubuntu:/usr/share/upstart/xdg:/etc/xdg DESKTOP_SESSION=ubuntu QT_IM_MODULE=ibus QT_QPA_PLATFORMTHEME=appmenu-qt5 PWD=/home/ray XDG_SESSION_TYPE=x11 XMODIFIERS=@im=ibus socks_proxy=socks://192.168.128.1:1080/ LANG=en_US.UTF-8 MANDATORY_PATH=/usr/share/gconf/ubuntu.mandatory.path GDM_LANG=en_US IM_CONFIG_PHASE=1 COMPIZ_CONFIG_PROFILE=ubuntu https_proxy=https://192.168.128.1:1080/ GDMSESSION=ubuntu SESSIONTYPE=gnome-session GTK2_MODULES=overlay-scrollbar SHLVL=0 XDG_SEAT=seat0 HOME=/home/ray LANGUAGE=en_US XDG_SESSION_DESKTOP=ubuntu LOGNAME=ray QT4_IM_MODULE=xim XDG_DATA_DIRS=/usr/share/ubuntu:/usr/share/gnome:/usr/local/share:/usr/share:/var/lib/snapd/desktop XDG_RUNTIME_DIR=/run/user/1000 DISPLAY=:0 GTK_IM_MODULE=ibus XDG_CURRENT_DESKTOP=Unity XAUTHORITY=/home/ray/.Xauthority DBUS_SESSION_BUS_ADDRESS=unix:abstract=/tmp/dbus-VXEQ4bkzcc JOB=dbus INSTANCE= UPSTART_EVENTS=started UPSTART_JOB=upstart-dbus-system-bridge UPSTART_INSTANCE= UPSTART_SESSION=unix:abstract=/com/ubuntu/upstart-session/1000/1479
ray           -  0.0    -      -     - -        S    May13   0:00 -
ray        1618  0.0  0.0 274548  6420 ?        -    May13   0:00 /usr/lib/gvfs/gvfsd XDG_RUNTIME_DIR=/run/user/1000 XMODIFIERS=@im XDG_GREETER_DATA_DIR=/var/lib/lightdm-data/ray XDG_SESSION_TYPE=x11 DBUS_SESSION_BUS_ADDRESS=unix:abstract=/tmp/dbus-VXEQ4bkzcc,guid=e59d67ae1dacb060b61762555ebbc9a3 USER=ray XAUTHORITY=/home/ray/.Xauthority QT_IM_MODULE=ibus DBUS_STARTER_BUS_TYPE=session SHLVL=0 UPSTART_INSTANCE= GNOME_KEYRING_CONTROL= XDG_SESSION_DESKTOP=ubuntu DBUS_DEBUG_OUTPUT=1 SHELL=/bin/bash ftp_proxy=ftp://192.168.128.1:1080/ UPSTART_EVENTS=starting QT_ACCESSIBILITY=1 INSTANCE= XDG_DATA_DIRS=/usr/share/ubuntu:/usr/share/gnome:/usr/local/share:/usr/share:/var/lib/snapd/desktop LANGUAGE=en_US QT4_IM_MODULE=xim IM_CONFIG_PHASE=1 https_proxy=https://192.168.128.1:1080/ GTK2_MODULES=overlay-scrollbar JOB=xsession-init PWD=/home/ray socks_proxy=socks://192.168.128.1:1080/ HOME=/home/ray DBUS_STARTER_ADDRESS=unix:abstract=/tmp/dbus-VXEQ4bkzcc,guid=e59d67ae1dacb060b61762555ebbc9a3 CLUTTER_IM_MODULE=xim DISPLAY=:0 SSH_AUTH_SOCK=/run/user/1000/keyring/ssh UPSTART_JOB=dbus PATH=/home/ray/bin:/home/ray/.local/bin:/usr/local/sbin:/usr/local/bin:/usr/sbin:/usr/bin:/sbin:/bin:/usr/games:/usr/local/games:/snap/bin:/home/ray/gcc-arm-none-eabi-9-2019-q4-major/bin GTK_MODULES=gail:atk-bridge:unity-gtk-module GTK_IM_MODULE=ibus GDMSESSION=ubuntu XDG_VTNR=7 XDG_SESSION_ID=c2 XDG_SEAT=seat0 COMPIZ_CONFIG_PROFILE=ubuntu MANDATORY_PATH=/usr/share/gconf/ubuntu.mandatory.path LANG=en_US.UTF-8 LOGNAME=ray SESSIONTYPE=gnome-session DEFAULTS_PATH=/usr/share/gconf/ubuntu.default.path XDG_SESSION_PATH=/org/freedesktop/DisplayManager/Session0 XDG_CURRENT_DESKTOP=Unity DESKTOP_SESSION=ubuntu QT_LINUX_ACCESSIBILITY_ALWAYS_ON=1 http_proxy=http://192.168.128.1:1080/ XDG_SEAT_PATH=/org/freedesktop/DisplayManager/Seat0 GNOME_KEYRING_PID= QT_QPA_PLATFORMTHEME=appmenu-qt5 GDM_LANG=en_US UPSTART_SESSION=unix:abstract=/com/ubuntu/upstart-session/1000/1479 XDG_CONFIG_DIRS=/etc/xdg/xdg-ubuntu:/usr/share/upstart/xdg:/etc/xdg
ray           -  0.0    -      -     - -        Sl   May13   0:00 -
ray           -  0.0    -      -     - -        Sl   May13   0:00 -
ray           -  0.0    -      -     - -        Sl   May13   0:00 -
ray        1624  0.0  0.0 406864  4860 ?        -    May13   0:00 /usr/lib/gvfs/gvfsd-fuse /run/user/1000/gvfs -f -o big_writes XDG_RUNTIME_DIR=/run/user/1000 XMODIFIERS=@im XDG_GREETER_DATA_DIR=/var/lib/lightdm-data/ray XDG_SESSION_TYPE=x11 DBUS_SESSION_BUS_ADDRESS=unix:abstract=/tmp/dbus-VXEQ4bkzcc,guid=e59d67ae1dacb060b61762555ebbc9a3 USER=ray XAUTHORITY=/home/ray/.Xauthority QT_IM_MODULE=ibus DBUS_STARTER_BUS_TYPE=session SHLVL=0 UPSTART_INSTANCE= GNOME_KEYRING_CONTROL= XDG_SESSION_DESKTOP=ubuntu DBUS_DEBUG_OUTPUT=1 SHELL=/bin/bash ftp_proxy=ftp://192.168.128.1:1080/ UPSTART_EVENTS=starting QT_ACCESSIBILITY=1 INSTANCE= XDG_DATA_DIRS=/usr/share/ubuntu:/usr/share/gnome:/usr/local/share:/usr/share:/var/lib/snapd/desktop LANGUAGE=en_US QT4_IM_MODULE=xim IM_CONFIG_PHASE=1 https_proxy=https://192.168.128.1:1080/ GTK2_MODULES=overlay-scrollbar JOB=xsession-init PWD=/home/ray socks_proxy=socks://192.168.128.1:1080/ HOME=/home/ray DBUS_STARTER_ADDRESS=unix:abstract=/tmp/dbus-VXEQ4bkzcc,guid=e59d67ae1dacb060b61762555ebbc9a3 CLUTTER_IM_MODULE=xim DISPLAY=:0 SSH_AUTH_SOCK=/run/user/1000/keyring/ssh UPSTART_JOB=dbus PATH=/home/ray/bin:/home/ray/.local/bin:/usr/local/sbin:/usr/local/bin:/usr/sbin:/usr/bin:/sbin:/bin:/usr/games:/usr/local/games:/snap/bin:/home/ray/gcc-arm-none-eabi-9-2019-q4-major/bin GTK_MODULES=gail:atk-bridge:unity-gtk-module GTK_IM_MODULE=ibus GDMSESSION=ubuntu XDG_VTNR=7 XDG_SESSION_ID=c2 XDG_SEAT=seat0 COMPIZ_CONFIG_PROFILE=ubuntu MANDATORY_PATH=/usr/share/gconf/ubuntu.mandatory.path LANG=en_US.UTF-8 LOGNAME=ray SESSIONTYPE=gnome-session DEFAULTS_PATH=/usr/share/gconf/ubuntu.default.path XDG_SESSION_PATH=/org/freedesktop/DisplayManager/Session0 XDG_CURRENT_DESKTOP=Unity DESKTOP_SESSION=ubuntu QT_LINUX_ACCESSIBILITY_ALWAYS_ON=1 http_proxy=http://192.168.128.1:1080/ XDG_SEAT_PATH=/org/freedesktop/DisplayManager/Seat0 GNOME_KEYRING_PID= QT_QPA_PLATFORMTHEME=appmenu-qt5 GDM_LANG=en_US UPSTART_SESSION=unix:abstract=/com/ubuntu/upstart-session/1000/1479 XDG_CONFIG_DIRS=/etc/xdg/xdg-ubuntu:/usr/share/upstart/xdg:/etc/xdg
ray           -  0.0    -      -     - -        Sl   May13   0:00 -
ray           -  0.0    -      -     - -        Sl   May13   0:00 -
ray           -  0.0    -      -     - -        Sl   May13   0:00 -
ray           -  0.0    -      -     - -        Sl   May13   0:00 -
ray           -  0.0    -      -     - -        Sl   May13   0:00 -
ray           -  0.0    -      -     - -        Sl   May13   0:00 -
ray        1627  0.0  0.0 264260  5924 ?        -    May13   0:00 /usr/lib/ibus/ibus-dconf USER=ray LANGUAGE=en_US UPSTART_INSTANCE= XDG_SEAT=seat0 TEXTDOMAIN=im-config XDG_SESSION_TYPE=x11 COMPIZ_CONFIG_PROFILE=ubuntu SHLVL=0 HOME=/home/ray QT4_IM_MODULE=xim DESKTOP_SESSION=ubuntu QT_LINUX_ACCESSIBILITY_ALWAYS_ON=1 GTK_MODULES=gail:atk-bridge:unity-gtk-module XDG_SEAT_PATH=/org/freedesktop/DisplayManager/Seat0 INSTANCE= DBUS_SESSION_BUS_ADDRESS=unix:abstract=/tmp/dbus-VXEQ4bkzcc QT_QPA_PLATFORMTHEME=appmenu-qt5 MANDATORY_PATH=/usr/share/gconf/ubuntu.mandatory.path IM_CONFIG_PHASE=2 https_proxy=https://192.168.128.1:1080/ SESSIONTYPE=gnome-session UPSTART_JOB=im-config LOGNAME=ray GTK_IM_MODULE=ibus http_proxy=http://192.168.128.1:1080/ DEFAULTS_PATH=/usr/share/gconf/ubuntu.default.path XDG_SESSION_ID=c2 socks_proxy=socks://192.168.128.1:1080/ GTK2_MODULES=overlay-scrollbar PATH=/home/ray/bin:/home/ray/.local/bin:/usr/local/sbin:/usr/local/bin:/usr/sbin:/usr/bin:/sbin:/bin:/usr/games:/usr/local/games:/snap/bin:/home/ray/gcc-arm-none-eabi-9-2019-q4-major/bin GDM_LANG=en_US XDG_SESSION_PATH=/org/freedesktop/DisplayManager/Session0 ftp_proxy=ftp://192.168.128.1:1080/ XDG_RUNTIME_DIR=/run/user/1000 DISPLAY=:0 LANG=en_US.UTF-8 XDG_CURRENT_DESKTOP=Unity XMODIFIERS=@im=ibus XDG_SESSION_DESKTOP=ubuntu XAUTHORITY=/home/ray/.Xauthority XDG_GREETER_DATA_DIR=/var/lib/lightdm-data/ray SHELL=/bin/bash QT_ACCESSIBILITY=1 GDMSESSION=ubuntu UPSTART_EVENTS=starting started UPSTART_SESSION=unix:abstract=/com/ubuntu/upstart-session/1000/1479 TEXTDOMAINDIR=/usr/share/locale/ XDG_VTNR=7 QT_IM_MODULE=ibus PWD=/home/ray CLUTTER_IM_MODULE=xim XDG_CONFIG_DIRS=/etc/xdg/xdg-ubuntu:/usr/share/upstart/xdg:/etc/xdg XDG_DATA_DIRS=/usr/share/ubuntu:/usr/share/gnome:/usr/local/share:/usr/share:/var/lib/snapd/desktop JOB=dbus
ray           -  0.0    -      -     - -        Sl   May13   0:00 -
ray           -  0.0    -      -     - -        Sl   May13   0:00 -
ray           -  0.0    -      -     - -        Sl   May13   0:00 -
ray           -  0.0    -      -     - -        Sl   May13   0:00 -
ray        1640  0.0  0.6 547820 50516 ?        -    May13   0:07 /usr/lib/x86_64-linux-gnu/bamf/bamfdaemon PATH=/home/ray/bin:/home/ray/.local/bin:/usr/local/sbin:/usr/local/bin:/usr/sbin:/usr/bin:/sbin:/bin:/usr/games:/usr/local/games:/snap/bin:/home/ray/gcc-arm-none-eabi-9-2019-q4-major/bin XDG_VTNR=7 XDG_SESSION_ID=c2 CLUTTER_IM_MODULE=xim XDG_GREETER_DATA_DIR=/var/lib/lightdm-data/ray SHELL=/bin/bash QT_LINUX_ACCESSIBILITY_ALWAYS_ON=1 GTK_MODULES=gail:atk-bridge:unity-gtk-module http_proxy=http://192.168.128.1:1080/ USER=ray QT_ACCESSIBILITY=1 XDG_SESSION_PATH=/org/freedesktop/DisplayManager/Session0 XDG_SEAT_PATH=/org/freedesktop/DisplayManager/Seat0 ftp_proxy=ftp://192.168.128.1:1080/ DEFAULTS_PATH=/usr/share/gconf/ubuntu.default.path XDG_CONFIG_DIRS=/etc/xdg/xdg-ubuntu:/usr/share/upstart/xdg:/etc/xdg DESKTOP_SESSION=ubuntu QT_IM_MODULE=ibus QT_QPA_PLATFORMTHEME=appmenu-qt5 PWD=/home/ray XDG_SESSION_TYPE=x11 XMODIFIERS=@im=ibus socks_proxy=socks://192.168.128.1:1080/ LANG=en_US.UTF-8 MANDATORY_PATH=/usr/share/gconf/ubuntu.mandatory.path GDM_LANG=en_US IM_CONFIG_PHASE=1 COMPIZ_CONFIG_PROFILE=ubuntu https_proxy=https://192.168.128.1:1080/ GDMSESSION=ubuntu SESSIONTYPE=gnome-session GTK2_MODULES=overlay-scrollbar SHLVL=0 XDG_SEAT=seat0 HOME=/home/ray LANGUAGE=en_US XDG_SESSION_DESKTOP=ubuntu LOGNAME=ray QT4_IM_MODULE=xim XDG_DATA_DIRS=/usr/share/ubuntu:/usr/share/gnome:/usr/local/share:/usr/share:/var/lib/snapd/desktop XDG_RUNTIME_DIR=/run/user/1000 DISPLAY=:0 GTK_IM_MODULE=ibus XDG_CURRENT_DESKTOP=Unity XAUTHORITY=/home/ray/.Xauthority DBUS_SESSION_BUS_ADDRESS=unix:abstract=/tmp/dbus-VXEQ4bkzcc GNOME_KEYRING_CONTROL= SSH_AUTH_SOCK=/run/user/1000/keyring/ssh GNOME_KEYRING_PID= UPSTART_JOB=bamfdaemon UPSTART_INSTANCE= UPSTART_SESSION=unix:abstract=/com/ubuntu/upstart-session/1000/1479
ray           -  0.0    -      -     - -        Ssl  May13   0:05 -
ray           -  0.0    -      -     - -        Ssl  May13   0:00 -
ray           -  0.0    -      -     - -        Ssl  May13   0:00 -
ray           -  0.0    -      -     - -        Ssl  May13   0:01 -
ray        1641  0.0  0.4 482080 33140 ?        -    May13   0:16 /usr/lib/ibus/ibus-ui-gtk3 USER=ray LANGUAGE=en_US UPSTART_INSTANCE= XDG_SEAT=seat0 TEXTDOMAIN=im-config XDG_SESSION_TYPE=x11 COMPIZ_CONFIG_PROFILE=ubuntu SHLVL=0 HOME=/home/ray QT4_IM_MODULE=xim DESKTOP_SESSION=ubuntu QT_LINUX_ACCESSIBILITY_ALWAYS_ON=1 GTK_MODULES=gail:atk-bridge:unity-gtk-module XDG_SEAT_PATH=/org/freedesktop/DisplayManager/Seat0 INSTANCE= DBUS_SESSION_BUS_ADDRESS=unix:abstract=/tmp/dbus-VXEQ4bkzcc QT_QPA_PLATFORMTHEME=appmenu-qt5 MANDATORY_PATH=/usr/share/gconf/ubuntu.mandatory.path IM_CONFIG_PHASE=2 https_proxy=https://192.168.128.1:1080/ SESSIONTYPE=gnome-session UPSTART_JOB=im-config LOGNAME=ray GTK_IM_MODULE=ibus http_proxy=http://192.168.128.1:1080/ DEFAULTS_PATH=/usr/share/gconf/ubuntu.default.path XDG_SESSION_ID=c2 socks_proxy=socks://192.168.128.1:1080/ GTK2_MODULES=overlay-scrollbar PATH=/home/ray/bin:/home/ray/.local/bin:/usr/local/sbin:/usr/local/bin:/usr/sbin:/usr/bin:/sbin:/bin:/usr/games:/usr/local/games:/snap/bin:/home/ray/gcc-arm-none-eabi-9-2019-q4-major/bin GDM_LANG=en_US XDG_SESSION_PATH=/org/freedesktop/DisplayManager/Session0 ftp_proxy=ftp://192.168.128.1:1080/ XDG_RUNTIME_DIR=/run/user/1000 DISPLAY=:0 LANG=en_US.UTF-8 XDG_CURRENT_DESKTOP=Unity XMODIFIERS=@im=ibus XDG_SESSION_DESKTOP=ubuntu XAUTHORITY=/home/ray/.Xauthority XDG_GREETER_DATA_DIR=/var/lib/lightdm-data/ray SHELL=/bin/bash QT_ACCESSIBILITY=1 GDMSESSION=ubuntu UPSTART_EVENTS=starting started UPSTART_SESSION=unix:abstract=/com/ubuntu/upstart-session/1000/1479 TEXTDOMAINDIR=/usr/share/locale/ XDG_VTNR=7 QT_IM_MODULE=ibus PWD=/home/ray CLUTTER_IM_MODULE=xim XDG_CONFIG_DIRS=/etc/xdg/xdg-ubuntu:/usr/share/upstart/xdg:/etc/xdg XDG_DATA_DIRS=/usr/share/ubuntu:/usr/share/gnome:/usr/local/share:/usr/share:/var/lib/snapd/desktop JOB=dbus
ray           -  0.0    -      -     - -        Sl   May13   0:07 -
ray           -  0.0    -      -     - -        Sl   May13   0:00 -
ray           -  0.0    -      -     - -        Sl   May13   0:00 -
ray           -  0.0    -      -     - -        Sl   May13   0:08 -
ray        1645  0.0  0.2 427640 21024 ?        -    May13   0:00 /usr/lib/ibus/ibus-x11 --kill-daemon USER=ray LANGUAGE=en_US UPSTART_INSTANCE= XDG_SEAT=seat0 TEXTDOMAIN=im-config XDG_SESSION_TYPE=x11 COMPIZ_CONFIG_PROFILE=ubuntu SHLVL=0 HOME=/home/ray QT4_IM_MODULE=xim DESKTOP_SESSION=ubuntu QT_LINUX_ACCESSIBILITY_ALWAYS_ON=1 GTK_MODULES=gail:atk-bridge:unity-gtk-module XDG_SEAT_PATH=/org/freedesktop/DisplayManager/Seat0 INSTANCE= DBUS_SESSION_BUS_ADDRESS=unix:abstract=/tmp/dbus-VXEQ4bkzcc QT_QPA_PLATFORMTHEME=appmenu-qt5 MANDATORY_PATH=/usr/share/gconf/ubuntu.mandatory.path IM_CONFIG_PHASE=2 https_proxy=https://192.168.128.1:1080/ SESSIONTYPE=gnome-session UPSTART_JOB=im-config LOGNAME=ray GTK_IM_MODULE=ibus http_proxy=http://192.168.128.1:1080/ DEFAULTS_PATH=/usr/share/gconf/ubuntu.default.path XDG_SESSION_ID=c2 socks_proxy=socks://192.168.128.1:1080/ GTK2_MODULES=overlay-scrollbar PATH=/home/ray/bin:/home/ray/.local/bin:/usr/local/sbin:/usr/local/bin:/usr/sbin:/usr/bin:/sbin:/bin:/usr/games:/usr/local/games:/snap/bin:/home/ray/gcc-arm-none-eabi-9-2019-q4-major/bin GDM_LANG=en_US XDG_SESSION_PATH=/org/freedesktop/DisplayManager/Session0 ftp_proxy=ftp://192.168.128.1:1080/ XDG_RUNTIME_DIR=/run/user/1000 DISPLAY=:0 LANG=en_US.UTF-8 XDG_CURRENT_DESKTOP=Unity XMODIFIERS=@im=ibus XDG_SESSION_DESKTOP=ubuntu XAUTHORITY=/home/ray/.Xauthority XDG_GREETER_DATA_DIR=/var/lib/lightdm-data/ray SHELL=/bin/bash QT_ACCESSIBILITY=1 GDMSESSION=ubuntu UPSTART_EVENTS=starting started UPSTART_SESSION=unix:abstract=/com/ubuntu/upstart-session/1000/1479 TEXTDOMAINDIR=/usr/share/locale/ XDG_VTNR=7 QT_IM_MODULE=ibus PWD=/home/ray CLUTTER_IM_MODULE=xim XDG_CONFIG_DIRS=/etc/xdg/xdg-ubuntu:/usr/share/upstart/xdg:/etc/xdg XDG_DATA_DIRS=/usr/share/ubuntu:/usr/share/gnome:/usr/local/share:/usr/share:/var/lib/snapd/desktop JOB=dbus
ray           -  0.0    -      -     - -        Sl   May13   0:00 -
ray           -  0.0    -      -     - -        Sl   May13   0:00 -
ray           -  0.0    -      -     - -        Sl   May13   0:00 -
ray           -  0.0    -      -     - -        Sl   May13   0:00 -
ray        1658  0.0  0.0 188388  5384 ?        -    May13   0:11 /usr/lib/ibus/ibus-engine-simple USER=ray LANGUAGE=en_US UPSTART_INSTANCE= XDG_SEAT=seat0 TEXTDOMAIN=im-config XDG_SESSION_TYPE=x11 COMPIZ_CONFIG_PROFILE=ubuntu SHLVL=0 HOME=/home/ray QT4_IM_MODULE=xim DESKTOP_SESSION=ubuntu QT_LINUX_ACCESSIBILITY_ALWAYS_ON=1 GTK_MODULES=gail:atk-bridge:unity-gtk-module XDG_SEAT_PATH=/org/freedesktop/DisplayManager/Seat0 INSTANCE= DBUS_SESSION_BUS_ADDRESS=unix:abstract=/tmp/dbus-VXEQ4bkzcc QT_QPA_PLATFORMTHEME=appmenu-qt5 MANDATORY_PATH=/usr/share/gconf/ubuntu.mandatory.path IM_CONFIG_PHASE=2 https_proxy=https://192.168.128.1:1080/ SESSIONTYPE=gnome-session UPSTART_JOB=im-config LOGNAME=ray GTK_IM_MODULE=ibus http_proxy=http://192.168.128.1:1080/ DEFAULTS_PATH=/usr/share/gconf/ubuntu.default.path XDG_SESSION_ID=c2 socks_proxy=socks://192.168.128.1:1080/ GTK2_MODULES=overlay-scrollbar PATH=/home/ray/bin:/home/ray/.local/bin:/usr/local/sbin:/usr/local/bin:/usr/sbin:/usr/bin:/sbin:/bin:/usr/games:/usr/local/games:/snap/bin:/home/ray/gcc-arm-none-eabi-9-2019-q4-major/bin GDM_LANG=en_US XDG_SESSION_PATH=/org/freedesktop/DisplayManager/Session0 ftp_proxy=ftp://192.168.128.1:1080/ XDG_RUNTIME_DIR=/run/user/1000 DISPLAY=:0 LANG=en_US.UTF-8 XDG_CURRENT_DESKTOP=Unity XMODIFIERS=@im=ibus XDG_SESSION_DESKTOP=ubuntu XAUTHORITY=/home/ray/.Xauthority XDG_GREETER_DATA_DIR=/var/lib/lightdm-data/ray SHELL=/bin/bash QT_ACCESSIBILITY=1 GDMSESSION=ubuntu UPSTART_EVENTS=starting started UPSTART_SESSION=unix:abstract=/com/ubuntu/upstart-session/1000/1479 TEXTDOMAINDIR=/usr/share/locale/ XDG_VTNR=7 QT_IM_MODULE=ibus PWD=/home/ray CLUTTER_IM_MODULE=xim XDG_CONFIG_DIRS=/etc/xdg/xdg-ubuntu:/usr/share/upstart/xdg:/etc/xdg XDG_DATA_DIRS=/usr/share/ubuntu:/usr/share/gnome:/usr/local/share:/usr/share:/var/lib/snapd/desktop JOB=dbus
ray           -  0.0    -      -     - -        Sl   May13   0:03 -
ray           -  0.0    -      -     - -        Sl   May13   0:00 -
ray           -  0.0    -      -     - -        Sl   May13   0:08 -
ray        1666  0.0  0.0 166536   676 ?        -    May13   0:03 gpg-agent --homedir /home/ray/.gnupg --use-standard-socket --daemon
ray           -  0.0    -      -     - -        Ss   May13   0:03 -
ray        1676  0.0  2.7 833152 222164 ?       -    May13   0:40 /usr/lib/x86_64-linux-gnu/hud/hud-service PATH=/home/ray/bin:/home/ray/.local/bin:/usr/local/sbin:/usr/local/bin:/usr/sbin:/usr/bin:/sbin:/bin:/usr/games:/usr/local/games:/snap/bin:/home/ray/gcc-arm-none-eabi-9-2019-q4-major/bin XDG_VTNR=7 XDG_SESSION_ID=c2 CLUTTER_IM_MODULE=xim XDG_GREETER_DATA_DIR=/var/lib/lightdm-data/ray SHELL=/bin/bash QT_LINUX_ACCESSIBILITY_ALWAYS_ON=1 GTK_MODULES=gail:atk-bridge:unity-gtk-module http_proxy=http://192.168.128.1:1080/ USER=ray QT_ACCESSIBILITY=1 XDG_SESSION_PATH=/org/freedesktop/DisplayManager/Session0 XDG_SEAT_PATH=/org/freedesktop/DisplayManager/Seat0 ftp_proxy=ftp://192.168.128.1:1080/ DEFAULTS_PATH=/usr/share/gconf/ubuntu.default.path XDG_CONFIG_DIRS=/etc/xdg/xdg-ubuntu:/usr/share/upstart/xdg:/etc/xdg DESKTOP_SESSION=ubuntu QT_IM_MODULE=ibus QT_QPA_PLATFORMTHEME=appmenu-qt5 PWD=/home/ray XDG_SESSION_TYPE=x11 XMODIFIERS=@im=ibus socks_proxy=socks://192.168.128.1:1080/ LANG=en_US.UTF-8 MANDATORY_PATH=/usr/share/gconf/ubuntu.mandatory.path GDM_LANG=en_US IM_CONFIG_PHASE=1 COMPIZ_CONFIG_PROFILE=ubuntu https_proxy=https://192.168.128.1:1080/ GDMSESSION=ubuntu SESSIONTYPE=gnome-session GTK2_MODULES=overlay-scrollbar SHLVL=0 XDG_SEAT=seat0 HOME=/home/ray LANGUAGE=en_US XDG_SESSION_DESKTOP=ubuntu LOGNAME=ray QT4_IM_MODULE=xim XDG_DATA_DIRS=/usr/share/ubuntu:/usr/share/gnome:/usr/local/share:/usr/share:/var/lib/snapd/desktop XDG_RUNTIME_DIR=/run/user/1000 DISPLAY=:0 GTK_IM_MODULE=ibus XDG_CURRENT_DESKTOP=Unity XAUTHORITY=/home/ray/.Xauthority DBUS_SESSION_BUS_ADDRESS=unix:abstract=/tmp/dbus-VXEQ4bkzcc GNOME_KEYRING_CONTROL= SSH_AUTH_SOCK=/run/user/1000/keyring/ssh GNOME_KEYRING_PID= GPG_AGENT_INFO=/home/ray/.gnupg/S.gpg-agent:0:1 GNOME_DESKTOP_SESSION_ID=this-is-deprecated JOB=dbus INSTANCE= SESSION=ubuntu UPSTART_EVENTS=started xsession UPSTART_JOB=hud UPSTART_INSTANCE= UPSTART_SESSION=unix:abstract=/com/ubuntu/upstart-session/1000/1479
ray           -  0.0    -      -     - -        Ssl  May13   0:40 -
ray           -  0.0    -      -     - -        Ssl  May13   0:00 -
ray           -  0.0    -      -     - -        Ssl  May13   0:00 -
ray           -  0.0    -      -     - -        Ssl  May13   0:00 -
ray        1678  0.0  0.4 937012 37176 ?        -    May13   0:05 /usr/lib/unity-settings-daemon/unity-settings-daemon PATH=/home/ray/bin:/home/ray/.local/bin:/usr/local/sbin:/usr/local/bin:/usr/sbin:/usr/bin:/sbin:/bin:/usr/games:/usr/local/games:/snap/bin:/home/ray/gcc-arm-none-eabi-9-2019-q4-major/bin XDG_VTNR=7 XDG_SESSION_ID=c2 CLUTTER_IM_MODULE=xim XDG_GREETER_DATA_DIR=/var/lib/lightdm-data/ray SHELL=/bin/bash QT_LINUX_ACCESSIBILITY_ALWAYS_ON=1 GTK_MODULES=gail:atk-bridge:unity-gtk-module http_proxy=http://192.168.128.1:1080/ USER=ray QT_ACCESSIBILITY=1 XDG_SESSION_PATH=/org/freedesktop/DisplayManager/Session0 XDG_SEAT_PATH=/org/freedesktop/DisplayManager/Seat0 ftp_proxy=ftp://192.168.128.1:1080/ DEFAULTS_PATH=/usr/share/gconf/ubuntu.default.path XDG_CONFIG_DIRS=/etc/xdg/xdg-ubuntu:/usr/share/upstart/xdg:/etc/xdg DESKTOP_SESSION=ubuntu QT_IM_MODULE=ibus QT_QPA_PLATFORMTHEME=appmenu-qt5 PWD=/home/ray XDG_SESSION_TYPE=x11 XMODIFIERS=@im=ibus socks_proxy=socks://192.168.128.1:1080/ LANG=en_US.UTF-8 MANDATORY_PATH=/usr/share/gconf/ubuntu.mandatory.path GDM_LANG=en_US IM_CONFIG_PHASE=1 COMPIZ_CONFIG_PROFILE=ubuntu https_proxy=https://192.168.128.1:1080/ GDMSESSION=ubuntu SESSIONTYPE=gnome-session GTK2_MODULES=overlay-scrollbar SHLVL=0 XDG_SEAT=seat0 HOME=/home/ray LANGUAGE=en_US XDG_SESSION_DESKTOP=ubuntu LOGNAME=ray QT4_IM_MODULE=xim XDG_DATA_DIRS=/usr/share/ubuntu:/usr/share/gnome:/usr/local/share:/usr/share:/var/lib/snapd/desktop XDG_RUNTIME_DIR=/run/user/1000 DISPLAY=:0 GTK_IM_MODULE=ibus XDG_CURRENT_DESKTOP=Unity XAUTHORITY=/home/ray/.Xauthority DBUS_SESSION_BUS_ADDRESS=unix:abstract=/tmp/dbus-VXEQ4bkzcc GNOME_KEYRING_CONTROL= SSH_AUTH_SOCK=/run/user/1000/keyring/ssh GNOME_KEYRING_PID= GPG_AGENT_INFO=/home/ray/.gnupg/S.gpg-agent:0:1 GNOME_DESKTOP_SESSION_ID=this-is-deprecated JOB=gnome-session INSTANCE=Unity UPSTART_EVENTS=started starting UPSTART_JOB=unity-settings-daemon UPSTART_INSTANCE= UPSTART_SESSION=unix:abstract=/com/ubuntu/upstart-session/1000/1479
ray           -  0.0    -      -     - -        Ssl  May13   0:05 -
ray           -  0.0    -      -     - -        Ssl  May13   0:00 -
ray           -  0.0    -      -     - -        Ssl  May13   0:00 -
ray           -  0.0    -      -     - -        Ssl  May13   0:00 -
ray        1686  0.0  0.0 338004  5452 ?        -    May13   0:00 /usr/lib/at-spi2-core/at-spi-bus-launcher --launch-immediately PATH=/home/ray/bin:/home/ray/.local/bin:/usr/local/sbin:/usr/local/bin:/usr/sbin:/usr/bin:/sbin:/bin:/usr/games:/usr/local/games:/snap/bin:/home/ray/gcc-arm-none-eabi-9-2019-q4-major/bin XDG_VTNR=7 XDG_SESSION_ID=c2 CLUTTER_IM_MODULE=xim XDG_GREETER_DATA_DIR=/var/lib/lightdm-data/ray SHELL=/bin/bash QT_LINUX_ACCESSIBILITY_ALWAYS_ON=1 GTK_MODULES=gail:atk-bridge:unity-gtk-module http_proxy=http://192.168.128.1:1080/ USER=ray QT_ACCESSIBILITY=1 XDG_SESSION_PATH=/org/freedesktop/DisplayManager/Session0 XDG_SEAT_PATH=/org/freedesktop/DisplayManager/Seat0 ftp_proxy=ftp://192.168.128.1:1080/ DEFAULTS_PATH=/usr/share/gconf/ubuntu.default.path XDG_CONFIG_DIRS=/etc/xdg/xdg-ubuntu:/usr/share/upstart/xdg:/etc/xdg DESKTOP_SESSION=ubuntu QT_IM_MODULE=ibus QT_QPA_PLATFORMTHEME=appmenu-qt5 PWD=/home/ray XDG_SESSION_TYPE=x11 XMODIFIERS=@im=ibus socks_proxy=socks://192.168.128.1:1080/ LANG=en_US.UTF-8 MANDATORY_PATH=/usr/share/gconf/ubuntu.mandatory.path GDM_LANG=en_US IM_CONFIG_PHASE=1 COMPIZ_CONFIG_PROFILE=ubuntu https_proxy=https://192.168.128.1:1080/ GDMSESSION=ubuntu SESSIONTYPE=gnome-session GTK2_MODULES=overlay-scrollbar SHLVL=0 XDG_SEAT=seat0 HOME=/home/ray LANGUAGE=en_US XDG_SESSION_DESKTOP=ubuntu LOGNAME=ray QT4_IM_MODULE=xim XDG_DATA_DIRS=/usr/share/ubuntu:/usr/share/gnome:/usr/local/share:/usr/share:/var/lib/snapd/desktop XDG_RUNTIME_DIR=/run/user/1000 DISPLAY=:0 GTK_IM_MODULE=ibus XDG_CURRENT_DESKTOP=Unity XAUTHORITY=/home/ray/.Xauthority DBUS_SESSION_BUS_ADDRESS=unix:abstract=/tmp/dbus-VXEQ4bkzcc GNOME_KEYRING_CONTROL= SSH_AUTH_SOCK=/run/user/1000/keyring/ssh GNOME_KEYRING_PID= GPG_AGENT_INFO=/home/ray/.gnupg/S.gpg-agent:0:1 GNOME_DESKTOP_SESSION_ID=this-is-deprecated JOB=gnome-session INSTANCE=Unity UPSTART_EVENTS=started starting UPSTART_JOB=at-spi2-registryd UPSTART_INSTANCE= UPSTART_SESSION=unix:abstract=/com/ubuntu/upstart-session/1000/1479
ray           -  0.0    -      -     - -        Ssl  May13   0:00 -
ray           -  0.0    -      -     - -        Ssl  May13   0:00 -
ray           -  0.0    -      -     - -        Ssl  May13   0:00 -
ray           -  0.0    -      -     - -        Ssl  May13   0:00 -
ray        1687  0.0  0.1 566868 14824 ?        -    May13   0:00 /usr/lib/gnome-session/gnome-session-binary --session=ubuntu GNOME_KEYRING_PID= USER=ray LANGUAGE=en_US XDG_SEAT=seat0 XDG_SESSION_TYPE=x11 COMPIZ_CONFIG_PROFILE=ubuntu SESSION=ubuntu SHLVL=0 HOME=/home/ray QT4_IM_MODULE=xim DESKTOP_SESSION=ubuntu QT_LINUX_ACCESSIBILITY_ALWAYS_ON=1 GTK_MODULES=gail:atk-bridge:unity-gtk-module XDG_SEAT_PATH=/org/freedesktop/DisplayManager/Seat0 INSTANCE= DBUS_SESSION_BUS_ADDRESS=unix:abstract=/tmp/dbus-VXEQ4bkzcc GNOME_KEYRING_CONTROL= QT_QPA_PLATFORMTHEME=appmenu-qt5 MANDATORY_PATH=/usr/share/gconf/ubuntu.mandatory.path IM_CONFIG_PHASE=1 https_proxy=https://192.168.128.1:1080/ SESSIONTYPE=gnome-session LOGNAME=ray GTK_IM_MODULE=ibus http_proxy=http://192.168.128.1:1080/ DEFAULTS_PATH=/usr/share/gconf/ubuntu.default.path XDG_SESSION_ID=c2 socks_proxy=socks://192.168.128.1:1080/ GNOME_DESKTOP_SESSION_ID=this-is-deprecated GTK2_MODULES=overlay-scrollbar PATH=/home/ray/bin:/home/ray/.local/bin:/usr/local/sbin:/usr/local/bin:/usr/sbin:/usr/bin:/sbin:/bin:/usr/games:/usr/local/games:/snap/bin:/home/ray/gcc-arm-none-eabi-9-2019-q4-major/bin GDM_LANG=en_US XDG_SESSION_PATH=/org/freedesktop/DisplayManager/Session0 ftp_proxy=ftp://192.168.128.1:1080/ XDG_RUNTIME_DIR=/run/user/1000 DISPLAY=:0 LANG=en_US.UTF-8 XDG_CURRENT_DESKTOP=Unity XMODIFIERS=@im=ibus XDG_SESSION_DESKTOP=ubuntu XAUTHORITY=/home/ray/.Xauthority XDG_GREETER_DATA_DIR=/var/lib/lightdm-data/ray SSH_AUTH_SOCK=/run/user/1000/keyring/ssh SHELL=/bin/bash QT_ACCESSIBILITY=1 GDMSESSION=ubuntu GPG_AGENT_INFO=/home/ray/.gnupg/S.gpg-agent:0:1 UPSTART_SESSION=unix:abstract=/com/ubuntu/upstart-session/1000/1479 XDG_VTNR=7 QT_IM_MODULE=ibus PWD=/home/ray CLUTTER_IM_MODULE=xim XDG_CONFIG_DIRS=/etc/xdg/xdg-ubuntu:/usr/share/upstart/xdg:/etc/xdg XDG_DATA_DIRS=/usr/share/ubuntu:/usr/share/gnome:/usr/local/share:/usr/share:/var/lib/snapd/desktop JOB=dbus
ray           -  0.0    -      -     - -        Ssl  May13   0:00 -
ray           -  0.0    -      -     - -        Ssl  May13   0:00 -
ray           -  0.0    -      -     - -        Ssl  May13   0:00 -
ray           -  0.0    -      -     - -        Ssl  May13   0:00 -
ray        1695  0.0  0.0  42892  3916 ?        -    May13   0:00 /usr/bin/dbus-daemon --config-file=/etc/at-spi2/accessibility.conf --nofork --print-address 3 PATH=/home/ray/bin:/home/ray/.local/bin:/usr/local/sbin:/usr/local/bin:/usr/sbin:/usr/bin:/sbin:/bin:/usr/games:/usr/local/games:/snap/bin:/home/ray/gcc-arm-none-eabi-9-2019-q4-major/bin XDG_VTNR=7 XDG_SESSION_ID=c2 CLUTTER_IM_MODULE=xim XDG_GREETER_DATA_DIR=/var/lib/lightdm-data/ray SHELL=/bin/bash QT_LINUX_ACCESSIBILITY_ALWAYS_ON=1 GTK_MODULES=gail:atk-bridge:unity-gtk-module http_proxy=http://192.168.128.1:1080/ USER=ray QT_ACCESSIBILITY=1 XDG_SESSION_PATH=/org/freedesktop/DisplayManager/Session0 XDG_SEAT_PATH=/org/freedesktop/DisplayManager/Seat0 ftp_proxy=ftp://192.168.128.1:1080/ DEFAULTS_PATH=/usr/share/gconf/ubuntu.default.path XDG_CONFIG_DIRS=/etc/xdg/xdg-ubuntu:/usr/share/upstart/xdg:/etc/xdg DESKTOP_SESSION=ubuntu QT_IM_MODULE=ibus QT_QPA_PLATFORMTHEME=appmenu-qt5 PWD=/home/ray XDG_SESSION_TYPE=x11 XMODIFIERS=@im=ibus socks_proxy=socks://192.168.128.1:1080/ LANG=en_US.UTF-8 MANDATORY_PATH=/usr/share/gconf/ubuntu.mandatory.path GDM_LANG=en_US IM_CONFIG_PHASE=1 COMPIZ_CONFIG_PROFILE=ubuntu https_proxy=https://192.168.128.1:1080/ GDMSESSION=ubuntu SESSIONTYPE=gnome-session GTK2_MODULES=overlay-scrollbar SHLVL=0 XDG_SEAT=seat0 HOME=/home/ray LANGUAGE=en_US XDG_SESSION_DESKTOP=ubuntu LOGNAME=ray QT4_IM_MODULE=xim XDG_DATA_DIRS=/usr/share/ubuntu:/usr/share/gnome:/usr/local/share:/usr/share:/var/lib/snapd/desktop XDG_RUNTIME_DIR=/run/user/1000 DISPLAY=:0 GTK_IM_MODULE=ibus XDG_CURRENT_DESKTOP=Unity XAUTHORITY=/home/ray/.Xauthority DBUS_SESSION_BUS_ADDRESS=unix:abstract=/tmp/dbus-VXEQ4bkzcc GNOME_KEYRING_CONTROL= SSH_AUTH_SOCK=/run/user/1000/keyring/ssh GNOME_KEYRING_PID= GPG_AGENT_INFO=/home/ray/.gnupg/S.gpg-agent:0:1 GNOME_DESKTOP_SESSION_ID=this-is-deprecated JOB=gnome-session INSTANCE=Unity UPSTART_EVENTS=started starting UPSTART_JOB=at-spi2-registryd UPSTART_INSTANCE= UPSTART_SESSION=unix:abstract=/com/ubuntu/upstart-session/1000/1479
ray           -  0.0    -      -     - -        S    May13   0:00 -
ray        1699  0.1  1.1 695724 96932 ?        -    May13   1:46 /usr/lib/x86_64-linux-gnu/unity/unity-panel-service PATH=/home/ray/bin:/home/ray/.local/bin:/usr/local/sbin:/usr/local/bin:/usr/sbin:/usr/bin:/sbin:/bin:/usr/games:/usr/local/games:/snap/bin:/home/ray/gcc-arm-none-eabi-9-2019-q4-major/bin XDG_VTNR=7 XDG_SESSION_ID=c2 CLUTTER_IM_MODULE=xim XDG_GREETER_DATA_DIR=/var/lib/lightdm-data/ray SHELL=/bin/bash QT_LINUX_ACCESSIBILITY_ALWAYS_ON=1 GTK_MODULES=gail:atk-bridge:unity-gtk-module http_proxy=http://192.168.128.1:1080/ USER=ray QT_ACCESSIBILITY=1 XDG_SESSION_PATH=/org/freedesktop/DisplayManager/Session0 XDG_SEAT_PATH=/org/freedesktop/DisplayManager/Seat0 ftp_proxy=ftp://192.168.128.1:1080/ DEFAULTS_PATH=/usr/share/gconf/ubuntu.default.path XDG_CONFIG_DIRS=/etc/xdg/xdg-ubuntu:/usr/share/upstart/xdg:/etc/xdg DESKTOP_SESSION=ubuntu QT_IM_MODULE=ibus QT_QPA_PLATFORMTHEME=appmenu-qt5 PWD=/home/ray XDG_SESSION_TYPE=x11 XMODIFIERS=@im=ibus socks_proxy=socks://192.168.128.1:1080/ LANG=en_US.UTF-8 MANDATORY_PATH=/usr/share/gconf/ubuntu.mandatory.path GDM_LANG=en_US IM_CONFIG_PHASE=1 COMPIZ_CONFIG_PROFILE=ubuntu https_proxy=https://192.168.128.1:1080/ GDMSESSION=ubuntu SESSIONTYPE=gnome-session GTK2_MODULES=overlay-scrollbar SHLVL=0 XDG_SEAT=seat0 HOME=/home/ray LANGUAGE=en_US XDG_SESSION_DESKTOP=ubuntu LOGNAME=ray QT4_IM_MODULE=xim XDG_DATA_DIRS=/usr/share/ubuntu:/usr/share/gnome:/usr/local/share:/usr/share:/var/lib/snapd/desktop XDG_RUNTIME_DIR=/run/user/1000 DISPLAY=:0 GTK_IM_MODULE=ibus XDG_CURRENT_DESKTOP=Unity XAUTHORITY=/home/ray/.Xauthority DBUS_SESSION_BUS_ADDRESS=unix:abstract=/tmp/dbus-VXEQ4bkzcc GNOME_KEYRING_CONTROL= SSH_AUTH_SOCK=/run/user/1000/keyring/ssh GNOME_KEYRING_PID= GPG_AGENT_INFO=/home/ray/.gnupg/S.gpg-agent:0:1 GNOME_DESKTOP_SESSION_ID=this-is-deprecated UPSTART_EVENTS=desktop-start UPSTART_JOB=unity-panel-service UPSTART_INSTANCE= UPSTART_SESSION=unix:abstract=/com/ubuntu/upstart-session/1000/1479
ray           -  0.0    -      -     - -        Ssl  May13   1:31 -
ray           -  0.0    -      -     - -        Ssl  May13   0:00 -
ray           -  0.0    -      -     - -        Ssl  May13   0:00 -
ray           -  0.0    -      -     - -        Ssl  May13   0:14 -
ray        1707  0.0  0.0 206968  5304 ?        -    May13   0:05 /usr/lib/at-spi2-core/at-spi2-registryd --use-gnome-session XDG_RUNTIME_DIR=/run/user/1000 XMODIFIERS=@im=ibus XDG_GREETER_DATA_DIR=/var/lib/lightdm-data/ray XDG_SESSION_TYPE=x11 DBUS_SESSION_BUS_ADDRESS=unix:abstract=/tmp/dbus-VXEQ4bkzcc USER=ray QT_IM_MODULE=ibus XAUTHORITY=/home/ray/.Xauthority DBUS_STARTER_BUS_TYPE=accessibility UPSTART_INSTANCE= SHLVL=0 GNOME_KEYRING_CONTROL= XDG_SESSION_DESKTOP=ubuntu SHELL=/bin/bash UPSTART_EVENTS=started starting ftp_proxy=ftp://192.168.128.1:1080/ QT_ACCESSIBILITY=1 INSTANCE=Unity XDG_DATA_DIRS=/usr/share/ubuntu:/usr/share/gnome:/usr/local/share:/usr/share:/var/lib/snapd/desktop LANGUAGE=en_US IM_CONFIG_PHASE=1 QT4_IM_MODULE=xim https_proxy=https://192.168.128.1:1080/ GTK2_MODULES=overlay-scrollbar JOB=gnome-session PWD=/home/ray socks_proxy=socks://192.168.128.1:1080/ HOME=/home/ray DBUS_STARTER_ADDRESS=unix:abstract=/tmp/dbus-zgfg1XmMMc,guid=6677dffd9d182323772894ad5ebbc9a6 CLUTTER_IM_MODULE=xim DISPLAY=:0 SSH_AUTH_SOCK=/run/user/1000/keyring/ssh UPSTART_JOB=at-spi2-registryd PATH=/home/ray/bin:/home/ray/.local/bin:/usr/local/sbin:/usr/local/bin:/usr/sbin:/usr/bin:/sbin:/bin:/usr/games:/usr/local/games:/snap/bin:/home/ray/gcc-arm-none-eabi-9-2019-q4-major/bin GNOME_DESKTOP_SESSION_ID=this-is-deprecated GTK_MODULES=gail:atk-bridge:unity-gtk-module XDG_VTNR=7 GDMSESSION=ubuntu GTK_IM_MODULE=ibus XDG_SESSION_ID=c2 GPG_AGENT_INFO=/home/ray/.gnupg/S.gpg-agent:0:1 XDG_SEAT=seat0 MANDATORY_PATH=/usr/share/gconf/ubuntu.mandatory.path COMPIZ_CONFIG_PROFILE=ubuntu LANG=en_US.UTF-8 LOGNAME=ray SESSIONTYPE=gnome-session XDG_SESSION_PATH=/org/freedesktop/DisplayManager/Session0 DEFAULTS_PATH=/usr/share/gconf/ubuntu.default.path XDG_CURRENT_DESKTOP=Unity DESKTOP_SESSION=ubuntu http_proxy=http://192.168.128.1:1080/ QT_LINUX_ACCESSIBILITY_ALWAYS_ON=1 XDG_SEAT_PATH=/org/freedesktop/DisplayManager/Seat0 GNOME_KEYRING_PID= QT_QPA_PLATFORMTHEME=appmenu-qt5 GDM_LANG=en_US UPSTART_SESSION=unix:abstract=/com/ubuntu/upstart-session/1000/1479 XDG_CONFIG_DIRS=/etc/xdg/xdg-ubuntu:/usr/share/upstart/xdg:/etc/xdg
ray           -  0.0    -      -     - -        Sl   May13   0:05 -
ray           -  0.0    -      -     - -        Sl   May13   0:00 -
ray           -  0.0    -      -     - -        Sl   May13   0:00 -
ray        1741  0.0  0.0 178796  4896 ?        -    May13   0:00 /usr/lib/dconf/dconf-service UNITY_DEFAULT_PROFILE=unity XDG_RUNTIME_DIR=/run/user/1000 XMODIFIERS=@im XDG_GREETER_DATA_DIR=/var/lib/lightdm-data/ray XDG_SESSION_TYPE=x11 DBUS_SESSION_BUS_ADDRESS=unix:abstract=/tmp/dbus-VXEQ4bkzcc,guid=e59d67ae1dacb060b61762555ebbc9a3 USER=ray XAUTHORITY=/home/ray/.Xauthority QT_IM_MODULE=ibus DBUS_STARTER_BUS_TYPE=session SHLVL=0 UPSTART_INSTANCE= GNOME_KEYRING_CONTROL= XDG_SESSION_DESKTOP=ubuntu DBUS_DEBUG_OUTPUT=1 SHELL=/bin/bash ftp_proxy=ftp://192.168.128.1:1080/ UPSTART_EVENTS=starting QT_ACCESSIBILITY=1 INSTANCE= XDG_DATA_DIRS=/usr/share/ubuntu:/usr/share/gnome:/usr/local/share:/usr/share:/var/lib/snapd/desktop LANGUAGE=en_US QT4_IM_MODULE=xim IM_CONFIG_PHASE=1 https_proxy=https://192.168.128.1:1080/ GTK2_MODULES=overlay-scrollbar JOB=xsession-init PWD=/home/ray socks_proxy=socks://192.168.128.1:1080/ HOME=/home/ray DBUS_STARTER_ADDRESS=unix:abstract=/tmp/dbus-VXEQ4bkzcc,guid=e59d67ae1dacb060b61762555ebbc9a3 CLUTTER_IM_MODULE=xim DISPLAY=:0 SSH_AUTH_SOCK=/run/user/1000/keyring/ssh UPSTART_JOB=dbus PATH=/home/ray/bin:/home/ray/.local/bin:/usr/local/sbin:/usr/local/bin:/usr/sbin:/usr/bin:/sbin:/bin:/usr/games:/usr/local/games:/snap/bin:/home/ray/gcc-arm-none-eabi-9-2019-q4-major/bin GNOME_DESKTOP_SESSION_ID=this-is-deprecated GTK_MODULES=gail:atk-bridge:unity-gtk-module GTK_IM_MODULE=ibus GDMSESSION=ubuntu XDG_VTNR=7 XDG_SESSION_ID=c2 GPG_AGENT_INFO=/home/ray/.gnupg/S.gpg-agent:0:1 XDG_SEAT=seat0 COMPIZ_CONFIG_PROFILE=ubuntu MANDATORY_PATH=/usr/share/gconf/ubuntu.mandatory.path LANG=en_US.UTF-8 LOGNAME=ray UNITY_HAS_3D_SUPPORT=true SESSIONTYPE=gnome-session DEFAULTS_PATH=/usr/share/gconf/ubuntu.default.path XDG_SESSION_PATH=/org/freedesktop/DisplayManager/Session0 XDG_CURRENT_DESKTOP=Unity DESKTOP_SESSION=ubuntu QT_LINUX_ACCESSIBILITY_ALWAYS_ON=1 http_proxy=http://192.168.128.1:1080/ XDG_SEAT_PATH=/org/freedesktop/DisplayManager/Seat0 GNOME_KEYRING_PID= QT_QPA_PLATFORMTHEME=appmenu-qt5 GDM_LANG=en_US UPSTART_SESSION=unix:abstract=/com/ubuntu/upstart-session/1000/1479 XDG_CONFIG_DIRS=/etc/xdg/xdg-ubuntu:/usr/share/upstart/xdg:/etc/xdg
ray           -  0.0    -      -     - -        Sl   May13   0:00 -
ray           -  0.0    -      -     - -        Sl   May13   0:00 -
ray           -  0.0    -      -     - -        Sl   May13   0:00 -
ray        1743  0.0  0.0 354388  6880 ?        -    May13   0:00 /usr/lib/x86_64-linux-gnu/indicator-messages/indicator-messages-service PATH=/home/ray/bin:/home/ray/.local/bin:/usr/local/sbin:/usr/local/bin:/usr/sbin:/usr/bin:/sbin:/bin:/usr/games:/usr/local/games:/snap/bin:/home/ray/gcc-arm-none-eabi-9-2019-q4-major/bin XDG_VTNR=7 XDG_SESSION_ID=c2 CLUTTER_IM_MODULE=xim XDG_GREETER_DATA_DIR=/var/lib/lightdm-data/ray SHELL=/bin/bash QT_LINUX_ACCESSIBILITY_ALWAYS_ON=1 GTK_MODULES=gail:atk-bridge:unity-gtk-module http_proxy=http://192.168.128.1:1080/ USER=ray QT_ACCESSIBILITY=1 XDG_SESSION_PATH=/org/freedesktop/DisplayManager/Session0 XDG_SEAT_PATH=/org/freedesktop/DisplayManager/Seat0 ftp_proxy=ftp://192.168.128.1:1080/ DEFAULTS_PATH=/usr/share/gconf/ubuntu.default.path XDG_CONFIG_DIRS=/etc/xdg/xdg-ubuntu:/usr/share/upstart/xdg:/etc/xdg DESKTOP_SESSION=ubuntu QT_IM_MODULE=ibus QT_QPA_PLATFORMTHEME=appmenu-qt5 PWD=/home/ray XDG_SESSION_TYPE=x11 XMODIFIERS=@im=ibus socks_proxy=socks://192.168.128.1:1080/ LANG=en_US.UTF-8 MANDATORY_PATH=/usr/share/gconf/ubuntu.mandatory.path GDM_LANG=en_US IM_CONFIG_PHASE=1 COMPIZ_CONFIG_PROFILE=ubuntu https_proxy=https://192.168.128.1:1080/ GDMSESSION=ubuntu SESSIONTYPE=gnome-session GTK2_MODULES=overlay-scrollbar SHLVL=0 XDG_SEAT=seat0 HOME=/home/ray LANGUAGE=en_US XDG_SESSION_DESKTOP=ubuntu LOGNAME=ray QT4_IM_MODULE=xim XDG_DATA_DIRS=/usr/share/ubuntu:/usr/share/gnome:/usr/local/share:/usr/share:/var/lib/snapd/desktop XDG_RUNTIME_DIR=/run/user/1000 DISPLAY=:0 GTK_IM_MODULE=ibus XDG_CURRENT_DESKTOP=Unity XAUTHORITY=/home/ray/.Xauthority DBUS_SESSION_BUS_ADDRESS=unix:abstract=/tmp/dbus-VXEQ4bkzcc GNOME_KEYRING_CONTROL= SSH_AUTH_SOCK=/run/user/1000/keyring/ssh GNOME_KEYRING_PID= GPG_AGENT_INFO=/home/ray/.gnupg/S.gpg-agent:0:1 GNOME_DESKTOP_SESSION_ID=this-is-deprecated UNITY_HAS_3D_SUPPORT=true UNITY_DEFAULT_PROFILE=unity UPSTART_EVENTS=indicator-services-start UPSTART_JOB=indicator-messages UPSTART_INSTANCE= UPSTART_SESSION=unix:abstract=/com/ubuntu/upstart-session/1000/1479
ray           -  0.0    -      -     - -        Ssl  May13   0:00 -
ray           -  0.0    -      -     - -        Ssl  May13   0:00 -
ray           -  0.0    -      -     - -        Ssl  May13   0:00 -
ray           -  0.0    -      -     - -        Ssl  May13   0:00 -
ray        1746  0.0  0.0 407112  5548 ?        -    May13   0:00 /usr/lib/x86_64-linux-gnu/indicator-bluetooth/indicator-bluetooth-service PATH=/home/ray/bin:/home/ray/.local/bin:/usr/local/sbin:/usr/local/bin:/usr/sbin:/usr/bin:/sbin:/bin:/usr/games:/usr/local/games:/snap/bin:/home/ray/gcc-arm-none-eabi-9-2019-q4-major/bin XDG_VTNR=7 XDG_SESSION_ID=c2 CLUTTER_IM_MODULE=xim XDG_GREETER_DATA_DIR=/var/lib/lightdm-data/ray SHELL=/bin/bash QT_LINUX_ACCESSIBILITY_ALWAYS_ON=1 GTK_MODULES=gail:atk-bridge:unity-gtk-module http_proxy=http://192.168.128.1:1080/ USER=ray QT_ACCESSIBILITY=1 XDG_SESSION_PATH=/org/freedesktop/DisplayManager/Session0 XDG_SEAT_PATH=/org/freedesktop/DisplayManager/Seat0 ftp_proxy=ftp://192.168.128.1:1080/ DEFAULTS_PATH=/usr/share/gconf/ubuntu.default.path XDG_CONFIG_DIRS=/etc/xdg/xdg-ubuntu:/usr/share/upstart/xdg:/etc/xdg DESKTOP_SESSION=ubuntu QT_IM_MODULE=ibus QT_QPA_PLATFORMTHEME=appmenu-qt5 PWD=/home/ray XDG_SESSION_TYPE=x11 XMODIFIERS=@im=ibus socks_proxy=socks://192.168.128.1:1080/ LANG=en_US.UTF-8 MANDATORY_PATH=/usr/share/gconf/ubuntu.mandatory.path GDM_LANG=en_US IM_CONFIG_PHASE=1 COMPIZ_CONFIG_PROFILE=ubuntu https_proxy=https://192.168.128.1:1080/ GDMSESSION=ubuntu SESSIONTYPE=gnome-session GTK2_MODULES=overlay-scrollbar SHLVL=0 XDG_SEAT=seat0 HOME=/home/ray LANGUAGE=en_US XDG_SESSION_DESKTOP=ubuntu LOGNAME=ray QT4_IM_MODULE=xim XDG_DATA_DIRS=/usr/share/ubuntu:/usr/share/gnome:/usr/local/share:/usr/share:/var/lib/snapd/desktop XDG_RUNTIME_DIR=/run/user/1000 DISPLAY=:0 GTK_IM_MODULE=ibus XDG_CURRENT_DESKTOP=Unity XAUTHORITY=/home/ray/.Xauthority DBUS_SESSION_BUS_ADDRESS=unix:abstract=/tmp/dbus-VXEQ4bkzcc GNOME_KEYRING_CONTROL= SSH_AUTH_SOCK=/run/user/1000/keyring/ssh GNOME_KEYRING_PID= GPG_AGENT_INFO=/home/ray/.gnupg/S.gpg-agent:0:1 GNOME_DESKTOP_SESSION_ID=this-is-deprecated UNITY_HAS_3D_SUPPORT=true UNITY_DEFAULT_PROFILE=unity UPSTART_EVENTS=indicator-services-start UPSTART_JOB=indicator-bluetooth UPSTART_INSTANCE= UPSTART_SESSION=unix:abstract=/com/ubuntu/upstart-session/1000/1479
ray           -  0.0    -      -     - -        Ssl  May13   0:00 -
ray           -  0.0    -      -     - -        Ssl  May13   0:00 -
ray           -  0.0    -      -     - -        Ssl  May13   0:00 -
ray           -  0.0    -      -     - -        Ssl  May13   0:00 -
ray        1748  0.0  0.0 568160  7820 ?        -    May13   0:00 /usr/lib/x86_64-linux-gnu/indicator-power/indicator-power-service PATH=/home/ray/bin:/home/ray/.local/bin:/usr/local/sbin:/usr/local/bin:/usr/sbin:/usr/bin:/sbin:/bin:/usr/games:/usr/local/games:/snap/bin:/home/ray/gcc-arm-none-eabi-9-2019-q4-major/bin XDG_VTNR=7 XDG_SESSION_ID=c2 CLUTTER_IM_MODULE=xim XDG_GREETER_DATA_DIR=/var/lib/lightdm-data/ray SHELL=/bin/bash QT_LINUX_ACCESSIBILITY_ALWAYS_ON=1 GTK_MODULES=gail:atk-bridge:unity-gtk-module http_proxy=http://192.168.128.1:1080/ USER=ray QT_ACCESSIBILITY=1 XDG_SESSION_PATH=/org/freedesktop/DisplayManager/Session0 XDG_SEAT_PATH=/org/freedesktop/DisplayManager/Seat0 ftp_proxy=ftp://192.168.128.1:1080/ DEFAULTS_PATH=/usr/share/gconf/ubuntu.default.path XDG_CONFIG_DIRS=/etc/xdg/xdg-ubuntu:/usr/share/upstart/xdg:/etc/xdg DESKTOP_SESSION=ubuntu QT_IM_MODULE=ibus QT_QPA_PLATFORMTHEME=appmenu-qt5 PWD=/home/ray XDG_SESSION_TYPE=x11 XMODIFIERS=@im=ibus socks_proxy=socks://192.168.128.1:1080/ LANG=en_US.UTF-8 MANDATORY_PATH=/usr/share/gconf/ubuntu.mandatory.path GDM_LANG=en_US IM_CONFIG_PHASE=1 COMPIZ_CONFIG_PROFILE=ubuntu https_proxy=https://192.168.128.1:1080/ GDMSESSION=ubuntu SESSIONTYPE=gnome-session GTK2_MODULES=overlay-scrollbar SHLVL=0 XDG_SEAT=seat0 HOME=/home/ray LANGUAGE=en_US XDG_SESSION_DESKTOP=ubuntu LOGNAME=ray QT4_IM_MODULE=xim XDG_DATA_DIRS=/usr/share/ubuntu:/usr/share/gnome:/usr/local/share:/usr/share:/var/lib/snapd/desktop XDG_RUNTIME_DIR=/run/user/1000 DISPLAY=:0 GTK_IM_MODULE=ibus XDG_CURRENT_DESKTOP=Unity XAUTHORITY=/home/ray/.Xauthority DBUS_SESSION_BUS_ADDRESS=unix:abstract=/tmp/dbus-VXEQ4bkzcc GNOME_KEYRING_CONTROL= SSH_AUTH_SOCK=/run/user/1000/keyring/ssh GNOME_KEYRING_PID= GPG_AGENT_INFO=/home/ray/.gnupg/S.gpg-agent:0:1 GNOME_DESKTOP_SESSION_ID=this-is-deprecated UNITY_HAS_3D_SUPPORT=true UNITY_DEFAULT_PROFILE=unity UPSTART_EVENTS=indicator-services-start UPSTART_JOB=indicator-power UPSTART_INSTANCE= UPSTART_SESSION=unix:abstract=/com/ubuntu/upstart-session/1000/1479
ray           -  0.0    -      -     - -        Ssl  May13   0:00 -
ray           -  0.0    -      -     - -        Ssl  May13   0:00 -
ray           -  0.0    -      -     - -        Ssl  May13   0:00 -
ray           -  0.0    -      -     - -        Ssl  May13   0:00 -
ray        1752  0.0  0.2 1233844 17212 ?       -    May13   0:00 /usr/lib/x86_64-linux-gnu/indicator-datetime/indicator-datetime-service PATH=/home/ray/bin:/home/ray/.local/bin:/usr/local/sbin:/usr/local/bin:/usr/sbin:/usr/bin:/sbin:/bin:/usr/games:/usr/local/games:/snap/bin:/home/ray/gcc-arm-none-eabi-9-2019-q4-major/bin XDG_VTNR=7 XDG_SESSION_ID=c2 CLUTTER_IM_MODULE=xim XDG_GREETER_DATA_DIR=/var/lib/lightdm-data/ray SHELL=/bin/bash QT_LINUX_ACCESSIBILITY_ALWAYS_ON=1 GTK_MODULES=gail:atk-bridge:unity-gtk-module http_proxy=http://192.168.128.1:1080/ USER=ray QT_ACCESSIBILITY=1 XDG_SESSION_PATH=/org/freedesktop/DisplayManager/Session0 XDG_SEAT_PATH=/org/freedesktop/DisplayManager/Seat0 ftp_proxy=ftp://192.168.128.1:1080/ DEFAULTS_PATH=/usr/share/gconf/ubuntu.default.path XDG_CONFIG_DIRS=/etc/xdg/xdg-ubuntu:/usr/share/upstart/xdg:/etc/xdg DESKTOP_SESSION=ubuntu QT_IM_MODULE=ibus QT_QPA_PLATFORMTHEME=appmenu-qt5 PWD=/home/ray XDG_SESSION_TYPE=x11 XMODIFIERS=@im=ibus socks_proxy=socks://192.168.128.1:1080/ LANG=en_US.UTF-8 MANDATORY_PATH=/usr/share/gconf/ubuntu.mandatory.path GDM_LANG=en_US IM_CONFIG_PHASE=1 COMPIZ_CONFIG_PROFILE=ubuntu https_proxy=https://192.168.128.1:1080/ GDMSESSION=ubuntu SESSIONTYPE=gnome-session GTK2_MODULES=overlay-scrollbar SHLVL=0 XDG_SEAT=seat0 HOME=/home/ray LANGUAGE=en_US XDG_SESSION_DESKTOP=ubuntu LOGNAME=ray QT4_IM_MODULE=xim XDG_DATA_DIRS=/usr/share/ubuntu:/usr/share/gnome:/usr/local/share:/usr/share:/var/lib/snapd/desktop XDG_RUNTIME_DIR=/run/user/1000 DISPLAY=:0 GTK_IM_MODULE=ibus XDG_CURRENT_DESKTOP=Unity XAUTHORITY=/home/ray/.Xauthority DBUS_SESSION_BUS_ADDRESS=unix:abstract=/tmp/dbus-VXEQ4bkzcc GNOME_KEYRING_CONTROL= SSH_AUTH_SOCK=/run/user/1000/keyring/ssh GNOME_KEYRING_PID= GPG_AGENT_INFO=/home/ray/.gnupg/S.gpg-agent:0:1 GNOME_DESKTOP_SESSION_ID=this-is-deprecated UNITY_HAS_3D_SUPPORT=true UNITY_DEFAULT_PROFILE=unity UPSTART_EVENTS=indicator-services-start UPSTART_JOB=indicator-datetime UPSTART_INSTANCE= UPSTART_SESSION=unix:abstract=/com/ubuntu/upstart-session/1000/1479
ray           -  0.0    -      -     - -        Ssl  May13   0:00 -
ray           -  0.0    -      -     - -        Ssl  May13   0:00 -
ray           -  0.0    -      -     - -        Ssl  May13   0:00 -
ray           -  0.0    -      -     - -        Ssl  May13   0:00 -
ray           -  0.0    -      -     - -        Ssl  May13   0:00 -
ray           -  0.0    -      -     - -        Ssl  May13   0:00 -
ray        1757  0.0  0.2 589796 22796 ?        -    May13   0:00 /usr/lib/x86_64-linux-gnu/indicator-keyboard/indicator-keyboard-service --use-gtk PATH=/home/ray/bin:/home/ray/.local/bin:/usr/local/sbin:/usr/local/bin:/usr/sbin:/usr/bin:/sbin:/bin:/usr/games:/usr/local/games:/snap/bin:/home/ray/gcc-arm-none-eabi-9-2019-q4-major/bin XDG_VTNR=7 XDG_SESSION_ID=c2 CLUTTER_IM_MODULE=xim XDG_GREETER_DATA_DIR=/var/lib/lightdm-data/ray SHELL=/bin/bash QT_LINUX_ACCESSIBILITY_ALWAYS_ON=1 GTK_MODULES=gail:atk-bridge:unity-gtk-module http_proxy=http://192.168.128.1:1080/ USER=ray QT_ACCESSIBILITY=1 XDG_SESSION_PATH=/org/freedesktop/DisplayManager/Session0 XDG_SEAT_PATH=/org/freedesktop/DisplayManager/Seat0 ftp_proxy=ftp://192.168.128.1:1080/ DEFAULTS_PATH=/usr/share/gconf/ubuntu.default.path XDG_CONFIG_DIRS=/etc/xdg/xdg-ubuntu:/usr/share/upstart/xdg:/etc/xdg DESKTOP_SESSION=ubuntu QT_IM_MODULE=ibus QT_QPA_PLATFORMTHEME=appmenu-qt5 PWD=/home/ray XDG_SESSION_TYPE=x11 XMODIFIERS=@im=ibus socks_proxy=socks://192.168.128.1:1080/ LANG=en_US.UTF-8 MANDATORY_PATH=/usr/share/gconf/ubuntu.mandatory.path GDM_LANG=en_US IM_CONFIG_PHASE=1 COMPIZ_CONFIG_PROFILE=ubuntu https_proxy=https://192.168.128.1:1080/ GDMSESSION=ubuntu SESSIONTYPE=gnome-session GTK2_MODULES=overlay-scrollbar SHLVL=0 XDG_SEAT=seat0 HOME=/home/ray LANGUAGE=en_US XDG_SESSION_DESKTOP=ubuntu LOGNAME=ray QT4_IM_MODULE=xim XDG_DATA_DIRS=/usr/share/ubuntu:/usr/share/gnome:/usr/local/share:/usr/share:/var/lib/snapd/desktop XDG_RUNTIME_DIR=/run/user/1000 DISPLAY=:0 GTK_IM_MODULE=ibus XDG_CURRENT_DESKTOP=Unity XAUTHORITY=/home/ray/.Xauthority DBUS_SESSION_BUS_ADDRESS=unix:abstract=/tmp/dbus-VXEQ4bkzcc GNOME_KEYRING_CONTROL= SSH_AUTH_SOCK=/run/user/1000/keyring/ssh GNOME_KEYRING_PID= GPG_AGENT_INFO=/home/ray/.gnupg/S.gpg-agent:0:1 GNOME_DESKTOP_SESSION_ID=this-is-deprecated UNITY_HAS_3D_SUPPORT=true UNITY_DEFAULT_PROFILE=unity UPSTART_EVENTS=indicator-services-start UPSTART_JOB=indicator-keyboard UPSTART_INSTANCE= UPSTART_SESSION=unix:abstract=/com/ubuntu/upstart-session/1000/1479
ray           -  0.0    -      -     - -        Ssl  May13   0:00 -
ray           -  0.0    -      -     - -        Ssl  May13   0:00 -
ray           -  0.0    -      -     - -        Ssl  May13   0:00 -
ray           -  0.0    -      -     - -        Ssl  May13   0:00 -
ray        1758  0.0  0.1 810732 10176 ?        -    May13   0:00 /usr/lib/x86_64-linux-gnu/indicator-sound/indicator-sound-service PATH=/home/ray/bin:/home/ray/.local/bin:/usr/local/sbin:/usr/local/bin:/usr/sbin:/usr/bin:/sbin:/bin:/usr/games:/usr/local/games:/snap/bin:/home/ray/gcc-arm-none-eabi-9-2019-q4-major/bin XDG_VTNR=7 XDG_SESSION_ID=c2 CLUTTER_IM_MODULE=xim XDG_GREETER_DATA_DIR=/var/lib/lightdm-data/ray SHELL=/bin/bash QT_LINUX_ACCESSIBILITY_ALWAYS_ON=1 GTK_MODULES=gail:atk-bridge:unity-gtk-module http_proxy=http://192.168.128.1:1080/ USER=ray QT_ACCESSIBILITY=1 XDG_SESSION_PATH=/org/freedesktop/DisplayManager/Session0 XDG_SEAT_PATH=/org/freedesktop/DisplayManager/Seat0 ftp_proxy=ftp://192.168.128.1:1080/ DEFAULTS_PATH=/usr/share/gconf/ubuntu.default.path XDG_CONFIG_DIRS=/etc/xdg/xdg-ubuntu:/usr/share/upstart/xdg:/etc/xdg DESKTOP_SESSION=ubuntu QT_IM_MODULE=ibus QT_QPA_PLATFORMTHEME=appmenu-qt5 PWD=/home/ray XDG_SESSION_TYPE=x11 XMODIFIERS=@im=ibus socks_proxy=socks://192.168.128.1:1080/ LANG=en_US.UTF-8 MANDATORY_PATH=/usr/share/gconf/ubuntu.mandatory.path GDM_LANG=en_US IM_CONFIG_PHASE=1 COMPIZ_CONFIG_PROFILE=ubuntu https_proxy=https://192.168.128.1:1080/ GDMSESSION=ubuntu SESSIONTYPE=gnome-session GTK2_MODULES=overlay-scrollbar SHLVL=0 XDG_SEAT=seat0 HOME=/home/ray LANGUAGE=en_US XDG_SESSION_DESKTOP=ubuntu LOGNAME=ray QT4_IM_MODULE=xim XDG_DATA_DIRS=/usr/share/ubuntu:/usr/share/gnome:/usr/local/share:/usr/share:/var/lib/snapd/desktop XDG_RUNTIME_DIR=/run/user/1000 DISPLAY=:0 GTK_IM_MODULE=ibus XDG_CURRENT_DESKTOP=Unity XAUTHORITY=/home/ray/.Xauthority DBUS_SESSION_BUS_ADDRESS=unix:abstract=/tmp/dbus-VXEQ4bkzcc GNOME_KEYRING_CONTROL= SSH_AUTH_SOCK=/run/user/1000/keyring/ssh GNOME_KEYRING_PID= GPG_AGENT_INFO=/home/ray/.gnupg/S.gpg-agent:0:1 GNOME_DESKTOP_SESSION_ID=this-is-deprecated UNITY_HAS_3D_SUPPORT=true UNITY_DEFAULT_PROFILE=unity UPSTART_EVENTS=indicator-services-start UPSTART_JOB=indicator-sound UPSTART_INSTANCE= UPSTART_SESSION=unix:abstract=/com/ubuntu/upstart-session/1000/1479
ray           -  0.0    -      -     - -        Ssl  May13   0:00 -
ray           -  0.0    -      -     - -        Ssl  May13   0:00 -
ray           -  0.0    -      -     - -        Ssl  May13   0:00 -
ray           -  0.0    -      -     - -        Ssl  May13   0:00 -
ray        1760  0.0  0.2 547360 24320 ?        -    May13   0:00 /usr/lib/x86_64-linux-gnu/indicator-printers/indicator-printers-service PATH=/home/ray/bin:/home/ray/.local/bin:/usr/local/sbin:/usr/local/bin:/usr/sbin:/usr/bin:/sbin:/bin:/usr/games:/usr/local/games:/snap/bin:/home/ray/gcc-arm-none-eabi-9-2019-q4-major/bin XDG_VTNR=7 XDG_SESSION_ID=c2 CLUTTER_IM_MODULE=xim XDG_GREETER_DATA_DIR=/var/lib/lightdm-data/ray SHELL=/bin/bash QT_LINUX_ACCESSIBILITY_ALWAYS_ON=1 GTK_MODULES=gail:atk-bridge:unity-gtk-module http_proxy=http://192.168.128.1:1080/ USER=ray QT_ACCESSIBILITY=1 XDG_SESSION_PATH=/org/freedesktop/DisplayManager/Session0 XDG_SEAT_PATH=/org/freedesktop/DisplayManager/Seat0 ftp_proxy=ftp://192.168.128.1:1080/ DEFAULTS_PATH=/usr/share/gconf/ubuntu.default.path XDG_CONFIG_DIRS=/etc/xdg/xdg-ubuntu:/usr/share/upstart/xdg:/etc/xdg DESKTOP_SESSION=ubuntu QT_IM_MODULE=ibus QT_QPA_PLATFORMTHEME=appmenu-qt5 PWD=/home/ray XDG_SESSION_TYPE=x11 XMODIFIERS=@im=ibus socks_proxy=socks://192.168.128.1:1080/ LANG=en_US.UTF-8 MANDATORY_PATH=/usr/share/gconf/ubuntu.mandatory.path GDM_LANG=en_US IM_CONFIG_PHASE=1 COMPIZ_CONFIG_PROFILE=ubuntu https_proxy=https://192.168.128.1:1080/ GDMSESSION=ubuntu SESSIONTYPE=gnome-session GTK2_MODULES=overlay-scrollbar SHLVL=0 XDG_SEAT=seat0 HOME=/home/ray LANGUAGE=en_US XDG_SESSION_DESKTOP=ubuntu LOGNAME=ray QT4_IM_MODULE=xim XDG_DATA_DIRS=/usr/share/ubuntu:/usr/share/gnome:/usr/local/share:/usr/share:/var/lib/snapd/desktop XDG_RUNTIME_DIR=/run/user/1000 DISPLAY=:0 GTK_IM_MODULE=ibus XDG_CURRENT_DESKTOP=Unity XAUTHORITY=/home/ray/.Xauthority DBUS_SESSION_BUS_ADDRESS=unix:abstract=/tmp/dbus-VXEQ4bkzcc GNOME_KEYRING_CONTROL= SSH_AUTH_SOCK=/run/user/1000/keyring/ssh GNOME_KEYRING_PID= GPG_AGENT_INFO=/home/ray/.gnupg/S.gpg-agent:0:1 GNOME_DESKTOP_SESSION_ID=this-is-deprecated UNITY_HAS_3D_SUPPORT=true UNITY_DEFAULT_PROFILE=unity SESSION=ubuntu UPSTART_EVENTS=indicator-services-start xsession UPSTART_JOB=indicator-printers UPSTART_INSTANCE= UPSTART_SESSION=unix:abstract=/com/ubuntu/upstart-session/1000/1479
ray           -  0.0    -      -     - -        Ssl  May13   0:00 -
ray           -  0.0    -      -     - -        Ssl  May13   0:00 -
ray           -  0.0    -      -     - -        Ssl  May13   0:00 -
ray           -  0.0    -      -     - -        Ssl  May13   0:00 -
ray        1761  0.0  0.0 887340  6332 ?        -    May13   0:00 /usr/lib/x86_64-linux-gnu/indicator-session/indicator-session-service PATH=/home/ray/bin:/home/ray/.local/bin:/usr/local/sbin:/usr/local/bin:/usr/sbin:/usr/bin:/sbin:/bin:/usr/games:/usr/local/games:/snap/bin:/home/ray/gcc-arm-none-eabi-9-2019-q4-major/bin XDG_VTNR=7 XDG_SESSION_ID=c2 CLUTTER_IM_MODULE=xim XDG_GREETER_DATA_DIR=/var/lib/lightdm-data/ray SHELL=/bin/bash QT_LINUX_ACCESSIBILITY_ALWAYS_ON=1 GTK_MODULES=gail:atk-bridge:unity-gtk-module http_proxy=http://192.168.128.1:1080/ USER=ray QT_ACCESSIBILITY=1 XDG_SESSION_PATH=/org/freedesktop/DisplayManager/Session0 XDG_SEAT_PATH=/org/freedesktop/DisplayManager/Seat0 ftp_proxy=ftp://192.168.128.1:1080/ DEFAULTS_PATH=/usr/share/gconf/ubuntu.default.path XDG_CONFIG_DIRS=/etc/xdg/xdg-ubuntu:/usr/share/upstart/xdg:/etc/xdg DESKTOP_SESSION=ubuntu QT_IM_MODULE=ibus QT_QPA_PLATFORMTHEME=appmenu-qt5 PWD=/home/ray XDG_SESSION_TYPE=x11 XMODIFIERS=@im=ibus socks_proxy=socks://192.168.128.1:1080/ LANG=en_US.UTF-8 MANDATORY_PATH=/usr/share/gconf/ubuntu.mandatory.path GDM_LANG=en_US IM_CONFIG_PHASE=1 COMPIZ_CONFIG_PROFILE=ubuntu https_proxy=https://192.168.128.1:1080/ GDMSESSION=ubuntu SESSIONTYPE=gnome-session GTK2_MODULES=overlay-scrollbar SHLVL=0 XDG_SEAT=seat0 HOME=/home/ray LANGUAGE=en_US XDG_SESSION_DESKTOP=ubuntu LOGNAME=ray QT4_IM_MODULE=xim XDG_DATA_DIRS=/usr/share/ubuntu:/usr/share/gnome:/usr/local/share:/usr/share:/var/lib/snapd/desktop XDG_RUNTIME_DIR=/run/user/1000 DISPLAY=:0 GTK_IM_MODULE=ibus XDG_CURRENT_DESKTOP=Unity XAUTHORITY=/home/ray/.Xauthority DBUS_SESSION_BUS_ADDRESS=unix:abstract=/tmp/dbus-VXEQ4bkzcc GNOME_KEYRING_CONTROL= SSH_AUTH_SOCK=/run/user/1000/keyring/ssh GNOME_KEYRING_PID= GPG_AGENT_INFO=/home/ray/.gnupg/S.gpg-agent:0:1 GNOME_DESKTOP_SESSION_ID=this-is-deprecated UNITY_HAS_3D_SUPPORT=true UNITY_DEFAULT_PROFILE=unity UPSTART_EVENTS=indicator-services-start UPSTART_JOB=indicator-session UPSTART_INSTANCE= UPSTART_SESSION=unix:abstract=/com/ubuntu/upstart-session/1000/1479
ray           -  0.0    -      -     - -        Ssl  May13   0:00 -
ray           -  0.0    -      -     - -        Ssl  May13   0:00 -
ray           -  0.0    -      -     - -        Ssl  May13   0:00 -
ray           -  0.0    -      -     - -        Ssl  May13   0:00 -
ray        1773  0.0  0.1 403148 12828 ?        -    May13   0:00 /usr/lib/x86_64-linux-gnu/indicator-application/indicator-application-service PATH=/home/ray/bin:/home/ray/.local/bin:/usr/local/sbin:/usr/local/bin:/usr/sbin:/usr/bin:/sbin:/bin:/usr/games:/usr/local/games:/snap/bin:/home/ray/gcc-arm-none-eabi-9-2019-q4-major/bin XDG_VTNR=7 XDG_SESSION_ID=c2 CLUTTER_IM_MODULE=xim XDG_GREETER_DATA_DIR=/var/lib/lightdm-data/ray SHELL=/bin/bash QT_LINUX_ACCESSIBILITY_ALWAYS_ON=1 GTK_MODULES=gail:atk-bridge:unity-gtk-module http_proxy=http://192.168.128.1:1080/ USER=ray QT_ACCESSIBILITY=1 XDG_SESSION_PATH=/org/freedesktop/DisplayManager/Session0 XDG_SEAT_PATH=/org/freedesktop/DisplayManager/Seat0 ftp_proxy=ftp://192.168.128.1:1080/ DEFAULTS_PATH=/usr/share/gconf/ubuntu.default.path XDG_CONFIG_DIRS=/etc/xdg/xdg-ubuntu:/usr/share/upstart/xdg:/etc/xdg DESKTOP_SESSION=ubuntu QT_IM_MODULE=ibus QT_QPA_PLATFORMTHEME=appmenu-qt5 PWD=/home/ray XDG_SESSION_TYPE=x11 XMODIFIERS=@im=ibus socks_proxy=socks://192.168.128.1:1080/ LANG=en_US.UTF-8 MANDATORY_PATH=/usr/share/gconf/ubuntu.mandatory.path GDM_LANG=en_US IM_CONFIG_PHASE=1 COMPIZ_CONFIG_PROFILE=ubuntu https_proxy=https://192.168.128.1:1080/ GDMSESSION=ubuntu SESSIONTYPE=gnome-session GTK2_MODULES=overlay-scrollbar SHLVL=0 XDG_SEAT=seat0 HOME=/home/ray LANGUAGE=en_US XDG_SESSION_DESKTOP=ubuntu LOGNAME=ray QT4_IM_MODULE=xim XDG_DATA_DIRS=/usr/share/ubuntu:/usr/share/gnome:/usr/local/share:/usr/share:/var/lib/snapd/desktop XDG_RUNTIME_DIR=/run/user/1000 DISPLAY=:0 GTK_IM_MODULE=ibus XDG_CURRENT_DESKTOP=Unity XAUTHORITY=/home/ray/.Xauthority DBUS_SESSION_BUS_ADDRESS=unix:abstract=/tmp/dbus-VXEQ4bkzcc GNOME_KEYRING_CONTROL= SSH_AUTH_SOCK=/run/user/1000/keyring/ssh GNOME_KEYRING_PID= GPG_AGENT_INFO=/home/ray/.gnupg/S.gpg-agent:0:1 GNOME_DESKTOP_SESSION_ID=this-is-deprecated UNITY_HAS_3D_SUPPORT=true UNITY_DEFAULT_PROFILE=unity UPSTART_EVENTS=indicator-services-start UPSTART_JOB=indicator-application UPSTART_INSTANCE= UPSTART_SESSION=unix:abstract=/com/ubuntu/upstart-session/1000/1479
ray           -  0.0    -      -     - -        Ssl  May13   0:00 -
ray           -  0.0    -      -     - -        Ssl  May13   0:00 -
ray           -  0.0    -      -     - -        Ssl  May13   0:00 -
ray        1807  0.0  0.1 434816 11368 ?        -    May13   0:00 /usr/bin/pulseaudio --start --log-target=syslog PATH=/home/ray/bin:/home/ray/.local/bin:/usr/local/sbin:/usr/local/bin:/usr/sbin:/usr/bin:/sbin:/bin:/usr/games:/usr/local/games:/snap/bin:/home/ray/gcc-arm-none-eabi-9-2019-q4-major/bin XDG_VTNR=7 XDG_SESSION_ID=c2 CLUTTER_IM_MODULE=xim XDG_GREETER_DATA_DIR=/var/lib/lightdm-data/ray SHELL=/bin/bash QT_LINUX_ACCESSIBILITY_ALWAYS_ON=1 GTK_MODULES=gail:atk-bridge:unity-gtk-module http_proxy=http://192.168.128.1:1080/ USER=ray QT_ACCESSIBILITY=1 XDG_SESSION_PATH=/org/freedesktop/DisplayManager/Session0 XDG_SEAT_PATH=/org/freedesktop/DisplayManager/Seat0 ftp_proxy=ftp://192.168.128.1:1080/ DEFAULTS_PATH=/usr/share/gconf/ubuntu.default.path XDG_CONFIG_DIRS=/etc/xdg/xdg-ubuntu:/usr/share/upstart/xdg:/etc/xdg DESKTOP_SESSION=ubuntu QT_IM_MODULE=ibus QT_QPA_PLATFORMTHEME=appmenu-qt5 PWD=/home/ray XDG_SESSION_TYPE=x11 XMODIFIERS=@im=ibus socks_proxy=socks://192.168.128.1:1080/ LANG=en_US.UTF-8 MANDATORY_PATH=/usr/share/gconf/ubuntu.mandatory.path GDM_LANG=en_US IM_CONFIG_PHASE=1 COMPIZ_CONFIG_PROFILE=ubuntu https_proxy=https://192.168.128.1:1080/ GDMSESSION=ubuntu SESSIONTYPE=gnome-session GTK2_MODULES=overlay-scrollbar SHLVL=0 XDG_SEAT=seat0 HOME=/home/ray LANGUAGE=en_US XDG_SESSION_DESKTOP=ubuntu LOGNAME=ray QT4_IM_MODULE=xim XDG_DATA_DIRS=/usr/share/ubuntu:/usr/share/gnome:/usr/local/share:/usr/share:/var/lib/snapd/desktop XDG_RUNTIME_DIR=/run/user/1000 DISPLAY=:0 GTK_IM_MODULE=ibus XDG_CURRENT_DESKTOP=Unity XAUTHORITY=/home/ray/.Xauthority DBUS_SESSION_BUS_ADDRESS=unix:abstract=/tmp/dbus-VXEQ4bkzcc GNOME_KEYRING_CONTROL= SSH_AUTH_SOCK=/run/user/1000/keyring/ssh GNOME_KEYRING_PID= GPG_AGENT_INFO=/home/ray/.gnupg/S.gpg-agent:0:1 GNOME_DESKTOP_SESSION_ID=this-is-deprecated UNITY_HAS_3D_SUPPORT=true UNITY_DEFAULT_PROFILE=unity UPSTART_EVENTS=indicator-services-start UPSTART_JOB=indicator-sound UPSTART_INSTANCE= UPSTART_SESSION=unix:abstract=/com/ubuntu/upstart-session/1000/1479 LD_BIND_NOW=1
ray           -  0.0    -      -     - -        Sl   May13   0:00 -
ray           -  0.0    -      -     - -        Sl   May13   0:00 -
ray           -  0.0    -      -     - -        Sl   May13   0:00 -
ray        1819  0.0  0.2 1242888 23280 ?       -    May13   0:00 /usr/lib/evolution/evolution-source-registry UNITY_DEFAULT_PROFILE=unity XDG_RUNTIME_DIR=/run/user/1000 XMODIFIERS=@im XDG_GREETER_DATA_DIR=/var/lib/lightdm-data/ray XDG_SESSION_TYPE=x11 DBUS_SESSION_BUS_ADDRESS=unix:abstract=/tmp/dbus-VXEQ4bkzcc,guid=e59d67ae1dacb060b61762555ebbc9a3 USER=ray XAUTHORITY=/home/ray/.Xauthority QT_IM_MODULE=ibus DBUS_STARTER_BUS_TYPE=session SHLVL=0 UPSTART_INSTANCE= XDG_MENU_PREFIX=gnome- GNOME_KEYRING_CONTROL= XDG_SESSION_DESKTOP=ubuntu DBUS_DEBUG_OUTPUT=1 SHELL=/bin/bash ftp_proxy=ftp://192.168.128.1:1080/ UPSTART_EVENTS=starting QT_ACCESSIBILITY=1 INSTANCE= XDG_DATA_DIRS=/usr/share/ubuntu:/usr/share/gnome:/usr/local/share:/usr/share:/var/lib/snapd/desktop LANGUAGE=en_US QT4_IM_MODULE=xim IM_CONFIG_PHASE=1 https_proxy=https://192.168.128.1:1080/ GTK2_MODULES=overlay-scrollbar JOB=xsession-init PWD=/home/ray socks_proxy=socks://192.168.128.1:1080/ HOME=/home/ray DBUS_STARTER_ADDRESS=unix:abstract=/tmp/dbus-VXEQ4bkzcc,guid=e59d67ae1dacb060b61762555ebbc9a3 CLUTTER_IM_MODULE=xim DISPLAY=:0 SSH_AUTH_SOCK=/run/user/1000/keyring/ssh UPSTART_JOB=dbus PATH=/home/ray/bin:/home/ray/.local/bin:/usr/local/sbin:/usr/local/bin:/usr/sbin:/usr/bin:/sbin:/bin:/usr/games:/usr/local/games:/snap/bin:/home/ray/gcc-arm-none-eabi-9-2019-q4-major/bin GNOME_DESKTOP_SESSION_ID=this-is-deprecated GTK_MODULES=gail:atk-bridge:unity-gtk-module GTK_IM_MODULE=ibus GDMSESSION=ubuntu XDG_VTNR=7 XDG_SESSION_ID=c2 GPG_AGENT_INFO=/home/ray/.gnupg/S.gpg-agent:0:1 XDG_SEAT=seat0 COMPIZ_CONFIG_PROFILE=ubuntu MANDATORY_PATH=/usr/share/gconf/ubuntu.mandatory.path LANG=en_US.UTF-8 LOGNAME=ray UNITY_HAS_3D_SUPPORT=true SESSIONTYPE=gnome-session DEFAULTS_PATH=/usr/share/gconf/ubuntu.default.path XDG_SESSION_PATH=/org/freedesktop/DisplayManager/Session0 XDG_CURRENT_DESKTOP=Unity DESKTOP_SESSION=ubuntu QT_LINUX_ACCESSIBILITY_ALWAYS_ON=1 http_proxy=http://192.168.128.1:1080/ XDG_SEAT_PATH=/org/freedesktop/DisplayManager/Seat0 GNOME_KEYRING_PID= QT_QPA_PLATFORMTHEME=appmenu-qt5 GDM_LANG=en_US UPSTART_SESSION=unix:abstract=/com/ubuntu/upstart-session/1000/1479 XDG_CONFIG_DIRS=/etc/xdg/xdg-ubuntu:/usr/share/upstart/xdg:/etc/xdg
ray           -  0.0    -      -     - -        Sl   May13   0:00 -
ray           -  0.0    -      -     - -        Sl   May13   0:00 -
ray           -  0.0    -      -     - -        Sl   May13   0:00 -
ray           -  0.0    -      -     - -        Sl   May13   0:00 -
ray        1843  0.7  2.0 1669332 167772 ?      -    May13  11:25 compiz PATH=/home/ray/bin:/home/ray/.local/bin:/usr/local/sbin:/usr/local/bin:/usr/sbin:/usr/bin:/sbin:/bin:/usr/games:/usr/local/games:/snap/bin:/home/ray/gcc-arm-none-eabi-9-2019-q4-major/bin XDG_VTNR=7 XDG_SESSION_ID=c2 CLUTTER_IM_MODULE=xim XDG_GREETER_DATA_DIR=/var/lib/lightdm-data/ray SHELL=/bin/bash QT_LINUX_ACCESSIBILITY_ALWAYS_ON=1 GTK_MODULES=gail:atk-bridge:unity-gtk-module http_proxy=http://192.168.128.1:1080/ USER=ray QT_ACCESSIBILITY=1 XDG_SESSION_PATH=/org/freedesktop/DisplayManager/Session0 XDG_SEAT_PATH=/org/freedesktop/DisplayManager/Seat0 ftp_proxy=ftp://192.168.128.1:1080/ DEFAULTS_PATH=/usr/share/gconf/ubuntu.default.path XDG_CONFIG_DIRS=/etc/xdg/xdg-ubuntu:/usr/share/upstart/xdg:/etc/xdg DESKTOP_SESSION=ubuntu QT_IM_MODULE=ibus QT_QPA_PLATFORMTHEME=appmenu-qt5 PWD=/home/ray XDG_SESSION_TYPE=x11 XMODIFIERS=@im=ibus socks_proxy=socks://192.168.128.1:1080/ LANG=en_US.UTF-8 MANDATORY_PATH=/usr/share/gconf/ubuntu.mandatory.path GDM_LANG=en_US IM_CONFIG_PHASE=1 COMPIZ_CONFIG_PROFILE=ubuntu https_proxy=https://192.168.128.1:1080/ GDMSESSION=ubuntu SESSIONTYPE=gnome-session GTK2_MODULES=overlay-scrollbar SHLVL=0 XDG_SEAT=seat0 HOME=/home/ray LANGUAGE=en_US XDG_SESSION_DESKTOP=ubuntu LOGNAME=ray QT4_IM_MODULE=xim XDG_DATA_DIRS=/usr/share/ubuntu:/usr/share/gnome:/usr/local/share:/usr/share:/var/lib/snapd/desktop XDG_RUNTIME_DIR=/run/user/1000 DISPLAY=:0 GTK_IM_MODULE=ibus XDG_CURRENT_DESKTOP=Unity XAUTHORITY=/home/ray/.Xauthority DBUS_SESSION_BUS_ADDRESS=unix:abstract=/tmp/dbus-VXEQ4bkzcc GNOME_KEYRING_CONTROL= SSH_AUTH_SOCK=/run/user/1000/keyring/ssh GNOME_KEYRING_PID= GPG_AGENT_INFO=/home/ray/.gnupg/S.gpg-agent:0:1 GNOME_DESKTOP_SESSION_ID=this-is-deprecated SESSION=ubuntu JOB=unity-settings-daemon INSTANCE= UPSTART_EVENTS=xsession started UNITY_HAS_3D_SUPPORT=true UNITY_DEFAULT_PROFILE=unity XDG_MENU_PREFIX=gnome- SESSION_MANAGER=local/ubuntu:@/tmp/.ICE-unix/1687,unix/ubuntu:/tmp/.ICE-unix/1687 UPSTART_JOB=unity7 UPSTART_INSTANCE= UPSTART_SESSION=unix:abstract=/com/ubuntu/upstart-session/1000/1479
ray           -  0.6    -      -     - -        Ssl  May13  11:21 -
ray           -  0.0    -      -     - -        Ssl  May13   0:00 -
ray           -  0.0    -      -     - -        Ssl  May13   0:00 -
ray           -  0.0    -      -     - -        Ssl  May13   0:03 -
ray           -  0.0    -      -     - -        Ssl  May13   0:00 -
ray           -  0.0    -      -     - -        Ssl  May13   0:00 -
ray           -  0.0    -      -     - -        Ssl  May13   0:00 -
ray           -  0.0    -      -     - -        Ssl  May13   0:00 -
ray           -  0.0    -      -     - -        Ssl  May13   0:00 -
ray           -  0.0    -      -     - -        Ssl  May13   0:00 -
ray           -  0.0    -      -     - -        Ssl  May13   0:00 -
ray           -  0.0    -      -     - -        Ssl  May13   0:00 -
ray        1849  0.0  1.3 1359992 106496 ?      -    May13   0:05 /usr/bin/gnome-software --gapplication-service GNOME_KEYRING_PID= USER=ray LANGUAGE=en_US XDG_SEAT=seat0 XDG_SESSION_TYPE=x11 COMPIZ_CONFIG_PROFILE=ubuntu SESSION=ubuntu SHLVL=0 HOME=/home/ray QT4_IM_MODULE=xim DESKTOP_SESSION=ubuntu QT_LINUX_ACCESSIBILITY_ALWAYS_ON=1 GTK_MODULES=gail:atk-bridge:unity-gtk-module XDG_SEAT_PATH=/org/freedesktop/DisplayManager/Seat0 INSTANCE= DBUS_SESSION_BUS_ADDRESS=unix:abstract=/tmp/dbus-VXEQ4bkzcc GNOME_KEYRING_CONTROL= QT_QPA_PLATFORMTHEME=appmenu-qt5 MANDATORY_PATH=/usr/share/gconf/ubuntu.mandatory.path IM_CONFIG_PHASE=1 https_proxy=https://192.168.128.1:1080/ SESSIONTYPE=gnome-session LOGNAME=ray GTK_IM_MODULE=ibus http_proxy=http://192.168.128.1:1080/ DEFAULTS_PATH=/usr/share/gconf/ubuntu.default.path XDG_SESSION_ID=c2 socks_proxy=socks://192.168.128.1:1080/ GNOME_DESKTOP_SESSION_ID=this-is-deprecated GTK2_MODULES=overlay-scrollbar PATH=/home/ray/bin:/home/ray/.local/bin:/usr/local/sbin:/usr/local/bin:/usr/sbin:/usr/bin:/sbin:/bin:/usr/games:/usr/local/games:/snap/bin:/home/ray/gcc-arm-none-eabi-9-2019-q4-major/bin GDM_LANG=en_US XDG_SESSION_PATH=/org/freedesktop/DisplayManager/Session0 ftp_proxy=ftp://192.168.128.1:1080/ XDG_RUNTIME_DIR=/run/user/1000 DISPLAY=:0 LANG=en_US.UTF-8 XDG_CURRENT_DESKTOP=Unity XMODIFIERS=@im=ibus XDG_SESSION_DESKTOP=ubuntu XAUTHORITY=/home/ray/.Xauthority XDG_GREETER_DATA_DIR=/var/lib/lightdm-data/ray SSH_AUTH_SOCK=/run/user/1000/keyring/ssh SHELL=/bin/bash QT_ACCESSIBILITY=1 GDMSESSION=ubuntu GPG_AGENT_INFO=/home/ray/.gnupg/S.gpg-agent:0:1 UPSTART_SESSION=unix:abstract=/com/ubuntu/upstart-session/1000/1479 XDG_VTNR=7 QT_IM_MODULE=ibus PWD=/home/ray CLUTTER_IM_MODULE=xim XDG_CONFIG_DIRS=/etc/xdg/xdg-ubuntu:/usr/share/upstart/xdg:/etc/xdg XDG_DATA_DIRS=/usr/share/ubuntu:/usr/share/gnome:/usr/local/share:/usr/share:/var/lib/snapd/desktop JOB=dbus XDG_MENU_PREFIX=gnome- SESSION_MANAGER=local/ubuntu:@/tmp/.ICE-unix/1687,unix/ubuntu:/tmp/.ICE-unix/1687 DESKTOP_AUTOSTART_ID=10c6ebcd2aa21cb77c15893651595561400000016870041 GIO_LAUNCHED_DESKTOP_FILE=/etc/xdg/autostart/gnome-software-service.desktop GIO_LAUNCHED_DESKTOP_FILE_PID=1849
ray           -  0.0    -      -     - -        SLl  May13   0:02 -
ray           -  0.0    -      -     - -        SLl  May13   0:01 -
ray           -  0.0    -      -     - -        SLl  May13   0:00 -
ray           -  0.0    -      -     - -        SLl  May13   0:00 -
ray        1852  0.0  1.4 1598560 117136 ?      -    May13   0:23 nautilus -n GNOME_KEYRING_PID= USER=ray LANGUAGE=en_US XDG_SEAT=seat0 XDG_SESSION_TYPE=x11 COMPIZ_CONFIG_PROFILE=ubuntu SESSION=ubuntu SHLVL=0 HOME=/home/ray QT4_IM_MODULE=xim DESKTOP_SESSION=ubuntu QT_LINUX_ACCESSIBILITY_ALWAYS_ON=1 GTK_MODULES=gail:atk-bridge:unity-gtk-module XDG_SEAT_PATH=/org/freedesktop/DisplayManager/Seat0 INSTANCE= DBUS_SESSION_BUS_ADDRESS=unix:abstract=/tmp/dbus-VXEQ4bkzcc GNOME_KEYRING_CONTROL= QT_QPA_PLATFORMTHEME=appmenu-qt5 MANDATORY_PATH=/usr/share/gconf/ubuntu.mandatory.path IM_CONFIG_PHASE=1 https_proxy=https://192.168.128.1:1080/ SESSIONTYPE=gnome-session LOGNAME=ray GTK_IM_MODULE=ibus http_proxy=http://192.168.128.1:1080/ DEFAULTS_PATH=/usr/share/gconf/ubuntu.default.path XDG_SESSION_ID=c2 socks_proxy=socks://192.168.128.1:1080/ GNOME_DESKTOP_SESSION_ID=this-is-deprecated GTK2_MODULES=overlay-scrollbar PATH=/home/ray/bin:/home/ray/.local/bin:/usr/local/sbin:/usr/local/bin:/usr/sbin:/usr/bin:/sbin:/bin:/usr/games:/usr/local/games:/snap/bin:/home/ray/gcc-arm-none-eabi-9-2019-q4-major/bin GDM_LANG=en_US XDG_SESSION_PATH=/org/freedesktop/DisplayManager/Session0 ftp_proxy=ftp://192.168.128.1:1080/ XDG_RUNTIME_DIR=/run/user/1000 DISPLAY=:0 LANG=en_US.UTF-8 XDG_CURRENT_DESKTOP=Unity XMODIFIERS=@im=ibus XDG_SESSION_DESKTOP=ubuntu XAUTHORITY=/home/ray/.Xauthority XDG_GREETER_DATA_DIR=/var/lib/lightdm-data/ray SSH_AUTH_SOCK=/run/user/1000/keyring/ssh SHELL=/bin/bash QT_ACCESSIBILITY=1 GDMSESSION=ubuntu GPG_AGENT_INFO=/home/ray/.gnupg/S.gpg-agent:0:1 UPSTART_SESSION=unix:abstract=/com/ubuntu/upstart-session/1000/1479 XDG_VTNR=7 QT_IM_MODULE=ibus PWD=/home/ray CLUTTER_IM_MODULE=xim XDG_CONFIG_DIRS=/etc/xdg/xdg-ubuntu:/usr/share/upstart/xdg:/etc/xdg XDG_DATA_DIRS=/usr/share/ubuntu:/usr/share/gnome:/usr/local/share:/usr/share:/var/lib/snapd/desktop JOB=dbus XDG_MENU_PREFIX=gnome- SESSION_MANAGER=local/ubuntu:@/tmp/.ICE-unix/1687,unix/ubuntu:/tmp/.ICE-unix/1687 DESKTOP_AUTOSTART_ID=10c6ebcd2aa21cb77c15893651595778600000016870045 GIO_LAUNCHED_DESKTOP_FILE=/etc/xdg/autostart/nautilus-autostart.desktop GIO_LAUNCHED_DESKTOP_FILE_PID=1852
ray           -  0.0    -      -     - -        Sl   May13   0:22 -
ray           -  0.0    -      -     - -        Sl   May13   0:00 -
ray           -  0.0    -      -     - -        Sl   May13   0:00 -
ray           -  0.0    -      -     - -        Sl   May13   0:00 -
ray           -  0.0    -      -     - -        Sl   May13   0:00 -
ray           -  0.0    -      -     - -        Sl   May13   0:00 -
ray           -  0.0    -      -     - -        Sl   May13   0:00 -
ray           -  0.0    -      -     - -        Sl   May13   0:00 -
ray           -  0.0    -      -     - -        Sl   May13   0:00 -
ray           -  0.0    -      -     - -        Sl   May13   0:00 -
ray           -  0.0    -      -     - -        Sl   May13   0:00 -
ray           -  0.0    -      -     - -        Sl   May13   0:00 -
ray           -  0.0    -      -     - -        Sl   23:42   0:00 -
ray        1855  0.0  0.7 862976 59416 ?        -    May13   0:00 /usr/lib/evolution/evolution-calendar-factory UNITY_DEFAULT_PROFILE=unity XDG_RUNTIME_DIR=/run/user/1000 SESSION_MANAGER=local/ubuntu:@/tmp/.ICE-unix/1687,unix/ubuntu:/tmp/.ICE-unix/1687 XMODIFIERS=@im XDG_GREETER_DATA_DIR=/var/lib/lightdm-data/ray XDG_SESSION_TYPE=x11 DBUS_SESSION_BUS_ADDRESS=unix:abstract=/tmp/dbus-VXEQ4bkzcc,guid=e59d67ae1dacb060b61762555ebbc9a3 USER=ray XAUTHORITY=/home/ray/.Xauthority QT_IM_MODULE=ibus DBUS_STARTER_BUS_TYPE=session SHLVL=0 UPSTART_INSTANCE= XDG_MENU_PREFIX=gnome- GNOME_KEYRING_CONTROL= XDG_SESSION_DESKTOP=ubuntu DBUS_DEBUG_OUTPUT=1 SHELL=/bin/bash ftp_proxy=ftp://192.168.128.1:1080/ UPSTART_EVENTS=starting QT_ACCESSIBILITY=1 INSTANCE= XDG_DATA_DIRS=/usr/share/ubuntu:/usr/share/gnome:/usr/local/share:/usr/share:/var/lib/snapd/desktop LANGUAGE=en_US QT4_IM_MODULE=xim IM_CONFIG_PHASE=1 https_proxy=https://192.168.128.1:1080/ GTK2_MODULES=overlay-scrollbar JOB=xsession-init PWD=/home/ray socks_proxy=socks://192.168.128.1:1080/ HOME=/home/ray DBUS_STARTER_ADDRESS=unix:abstract=/tmp/dbus-VXEQ4bkzcc,guid=e59d67ae1dacb060b61762555ebbc9a3 CLUTTER_IM_MODULE=xim DISPLAY=:0 SSH_AUTH_SOCK=/run/user/1000/keyring/ssh UPSTART_JOB=dbus PATH=/home/ray/bin:/home/ray/.local/bin:/usr/local/sbin:/usr/local/bin:/usr/sbin:/usr/bin:/sbin:/bin:/usr/games:/usr/local/games:/snap/bin:/home/ray/gcc-arm-none-eabi-9-2019-q4-major/bin GNOME_DESKTOP_SESSION_ID=this-is-deprecated GTK_MODULES=gail:atk-bridge:unity-gtk-module GTK_IM_MODULE=ibus GDMSESSION=ubuntu XDG_VTNR=7 XDG_SESSION_ID=c2 GPG_AGENT_INFO=/home/ray/.gnupg/S.gpg-agent:0:1 XDG_SEAT=seat0 COMPIZ_CONFIG_PROFILE=ubuntu MANDATORY_PATH=/usr/share/gconf/ubuntu.mandatory.path LANG=en_US.UTF-8 LOGNAME=ray UNITY_HAS_3D_SUPPORT=true SESSIONTYPE=gnome-session DEFAULTS_PATH=/usr/share/gconf/ubuntu.default.path XDG_SESSION_PATH=/org/freedesktop/DisplayManager/Session0 XDG_CURRENT_DESKTOP=Unity DESKTOP_SESSION=ubuntu QT_LINUX_ACCESSIBILITY_ALWAYS_ON=1 http_proxy=http://192.168.128.1:1080/ XDG_SEAT_PATH=/org/freedesktop/DisplayManager/Seat0 GNOME_KEYRING_PID= QT_QPA_PLATFORMTHEME=appmenu-qt5 GDM_LANG=en_US UPSTART_SESSION=unix:abstract=/com/ubuntu/upstart-session/1000/1479 XDG_CONFIG_DIRS=/etc/xdg/xdg-ubuntu:/usr/share/upstart/xdg:/etc/xdg
ray           -  0.0    -      -     - -        Sl   May13   0:00 -
ray           -  0.0    -      -     - -        Sl   May13   0:00 -
ray           -  0.0    -      -     - -        Sl   May13   0:00 -
ray           -  0.0    -      -     - -        Sl   May13   0:00 -
ray           -  0.0    -      -     - -        Sl   May13   0:00 -
ray        1857  0.0  0.2 429340 19772 ?        -    May13   0:00 /usr/lib/policykit-1-gnome/polkit-gnome-authentication-agent-1 GNOME_KEYRING_PID= USER=ray LANGUAGE=en_US XDG_SEAT=seat0 XDG_SESSION_TYPE=x11 COMPIZ_CONFIG_PROFILE=ubuntu SESSION=ubuntu SHLVL=0 HOME=/home/ray QT4_IM_MODULE=xim DESKTOP_SESSION=ubuntu QT_LINUX_ACCESSIBILITY_ALWAYS_ON=1 GTK_MODULES=gail:atk-bridge:unity-gtk-module XDG_SEAT_PATH=/org/freedesktop/DisplayManager/Seat0 INSTANCE= DBUS_SESSION_BUS_ADDRESS=unix:abstract=/tmp/dbus-VXEQ4bkzcc GNOME_KEYRING_CONTROL= QT_QPA_PLATFORMTHEME=appmenu-qt5 MANDATORY_PATH=/usr/share/gconf/ubuntu.mandatory.path IM_CONFIG_PHASE=1 https_proxy=https://192.168.128.1:1080/ SESSIONTYPE=gnome-session LOGNAME=ray GTK_IM_MODULE=ibus http_proxy=http://192.168.128.1:1080/ DEFAULTS_PATH=/usr/share/gconf/ubuntu.default.path XDG_SESSION_ID=c2 socks_proxy=socks://192.168.128.1:1080/ GNOME_DESKTOP_SESSION_ID=this-is-deprecated GTK2_MODULES=overlay-scrollbar PATH=/home/ray/bin:/home/ray/.local/bin:/usr/local/sbin:/usr/local/bin:/usr/sbin:/usr/bin:/sbin:/bin:/usr/games:/usr/local/games:/snap/bin:/home/ray/gcc-arm-none-eabi-9-2019-q4-major/bin GDM_LANG=en_US XDG_SESSION_PATH=/org/freedesktop/DisplayManager/Session0 ftp_proxy=ftp://192.168.128.1:1080/ XDG_RUNTIME_DIR=/run/user/1000 DISPLAY=:0 LANG=en_US.UTF-8 XDG_CURRENT_DESKTOP=Unity XMODIFIERS=@im=ibus XDG_SESSION_DESKTOP=ubuntu XAUTHORITY=/home/ray/.Xauthority XDG_GREETER_DATA_DIR=/var/lib/lightdm-data/ray SSH_AUTH_SOCK=/run/user/1000/keyring/ssh SHELL=/bin/bash QT_ACCESSIBILITY=1 GDMSESSION=ubuntu GPG_AGENT_INFO=/home/ray/.gnupg/S.gpg-agent:0:1 UPSTART_SESSION=unix:abstract=/com/ubuntu/upstart-session/1000/1479 XDG_VTNR=7 QT_IM_MODULE=ibus PWD=/home/ray CLUTTER_IM_MODULE=xim XDG_CONFIG_DIRS=/etc/xdg/xdg-ubuntu:/usr/share/upstart/xdg:/etc/xdg XDG_DATA_DIRS=/usr/share/ubuntu:/usr/share/gnome:/usr/local/share:/usr/share:/var/lib/snapd/desktop JOB=dbus XDG_MENU_PREFIX=gnome- SESSION_MANAGER=local/ubuntu:@/tmp/.ICE-unix/1687,unix/ubuntu:/tmp/.ICE-unix/1687 DESKTOP_AUTOSTART_ID=10c6ebcd2aa21cb77c15893651594928700000016870033 GIO_LAUNCHED_DESKTOP_FILE=/etc/xdg/autostart/polkit-gnome-authentication-agent-1.desktop GIO_LAUNCHED_DESKTOP_FILE_PID=1857
ray           -  0.0    -      -     - -        Sl   May13   0:00 -
ray           -  0.0    -      -     - -        Sl   May13   0:00 -
ray           -  0.0    -      -     - -        Sl   May13   0:00 -
ray           -  0.0    -      -     - -        Sl   May13   0:00 -
ray        1870  0.0  0.3 736824 32268 ?        -    May13   0:01 nm-applet GNOME_KEYRING_PID= USER=ray LANGUAGE=en_US XDG_SEAT=seat0 XDG_SESSION_TYPE=x11 COMPIZ_CONFIG_PROFILE=ubuntu SESSION=ubuntu SHLVL=0 HOME=/home/ray QT4_IM_MODULE=xim DESKTOP_SESSION=ubuntu QT_LINUX_ACCESSIBILITY_ALWAYS_ON=1 GTK_MODULES=gail:atk-bridge:unity-gtk-module XDG_SEAT_PATH=/org/freedesktop/DisplayManager/Seat0 INSTANCE= DBUS_SESSION_BUS_ADDRESS=unix:abstract=/tmp/dbus-VXEQ4bkzcc GNOME_KEYRING_CONTROL= QT_QPA_PLATFORMTHEME=appmenu-qt5 MANDATORY_PATH=/usr/share/gconf/ubuntu.mandatory.path IM_CONFIG_PHASE=1 https_proxy=https://192.168.128.1:1080/ SESSIONTYPE=gnome-session LOGNAME=ray GTK_IM_MODULE=ibus http_proxy=http://192.168.128.1:1080/ DEFAULTS_PATH=/usr/share/gconf/ubuntu.default.path XDG_SESSION_ID=c2 socks_proxy=socks://192.168.128.1:1080/ GNOME_DESKTOP_SESSION_ID=this-is-deprecated GTK2_MODULES=overlay-scrollbar PATH=/home/ray/bin:/home/ray/.local/bin:/usr/local/sbin:/usr/local/bin:/usr/sbin:/usr/bin:/sbin:/bin:/usr/games:/usr/local/games:/snap/bin:/home/ray/gcc-arm-none-eabi-9-2019-q4-major/bin GDM_LANG=en_US XDG_SESSION_PATH=/org/freedesktop/DisplayManager/Session0 ftp_proxy=ftp://192.168.128.1:1080/ XDG_RUNTIME_DIR=/run/user/1000 DISPLAY=:0 LANG=en_US.UTF-8 XDG_CURRENT_DESKTOP=Unity XMODIFIERS=@im=ibus XDG_SESSION_DESKTOP=ubuntu XAUTHORITY=/home/ray/.Xauthority XDG_GREETER_DATA_DIR=/var/lib/lightdm-data/ray SSH_AUTH_SOCK=/run/user/1000/keyring/ssh SHELL=/bin/bash QT_ACCESSIBILITY=1 GDMSESSION=ubuntu GPG_AGENT_INFO=/home/ray/.gnupg/S.gpg-agent:0:1 UPSTART_SESSION=unix:abstract=/com/ubuntu/upstart-session/1000/1479 XDG_VTNR=7 QT_IM_MODULE=ibus PWD=/home/ray CLUTTER_IM_MODULE=xim XDG_CONFIG_DIRS=/etc/xdg/xdg-ubuntu:/usr/share/upstart/xdg:/etc/xdg XDG_DATA_DIRS=/usr/share/ubuntu:/usr/share/gnome:/usr/local/share:/usr/share:/var/lib/snapd/desktop JOB=dbus XDG_MENU_PREFIX=gnome- SESSION_MANAGER=local/ubuntu:@/tmp/.ICE-unix/1687,unix/ubuntu:/tmp/.ICE-unix/1687 DESKTOP_AUTOSTART_ID=10c6ebcd2aa21cb77c15893651594399400000016870024 GIO_LAUNCHED_DESKTOP_FILE=/etc/xdg/autostart/nm-applet.desktop GIO_LAUNCHED_DESKTOP_FILE_PID=1870
ray           -  0.0    -      -     - -        Sl   May13   0:00 -
ray           -  0.0    -      -     - -        Sl   May13   0:00 -
ray           -  0.0    -      -     - -        Sl   May13   0:00 -
ray           -  0.0    -      -     - -        Sl   May13   0:00 -
ray        1873  0.0  0.2 576836 20376 ?        -    May13   0:00 /usr/lib/unity-settings-daemon/unity-fallback-mount-helper GNOME_KEYRING_PID= USER=ray LANGUAGE=en_US XDG_SEAT=seat0 XDG_SESSION_TYPE=x11 COMPIZ_CONFIG_PROFILE=ubuntu SESSION=ubuntu SHLVL=0 HOME=/home/ray QT4_IM_MODULE=xim DESKTOP_SESSION=ubuntu QT_LINUX_ACCESSIBILITY_ALWAYS_ON=1 GTK_MODULES=gail:atk-bridge:unity-gtk-module XDG_SEAT_PATH=/org/freedesktop/DisplayManager/Seat0 INSTANCE= DBUS_SESSION_BUS_ADDRESS=unix:abstract=/tmp/dbus-VXEQ4bkzcc GNOME_KEYRING_CONTROL= QT_QPA_PLATFORMTHEME=appmenu-qt5 MANDATORY_PATH=/usr/share/gconf/ubuntu.mandatory.path IM_CONFIG_PHASE=1 https_proxy=https://192.168.128.1:1080/ SESSIONTYPE=gnome-session LOGNAME=ray GTK_IM_MODULE=ibus http_proxy=http://192.168.128.1:1080/ DEFAULTS_PATH=/usr/share/gconf/ubuntu.default.path XDG_SESSION_ID=c2 socks_proxy=socks://192.168.128.1:1080/ GNOME_DESKTOP_SESSION_ID=this-is-deprecated GTK2_MODULES=overlay-scrollbar PATH=/home/ray/bin:/home/ray/.local/bin:/usr/local/sbin:/usr/local/bin:/usr/sbin:/usr/bin:/sbin:/bin:/usr/games:/usr/local/games:/snap/bin:/home/ray/gcc-arm-none-eabi-9-2019-q4-major/bin GDM_LANG=en_US XDG_SESSION_PATH=/org/freedesktop/DisplayManager/Session0 ftp_proxy=ftp://192.168.128.1:1080/ XDG_RUNTIME_DIR=/run/user/1000 DISPLAY=:0 LANG=en_US.UTF-8 XDG_CURRENT_DESKTOP=Unity XMODIFIERS=@im=ibus XDG_SESSION_DESKTOP=ubuntu XAUTHORITY=/home/ray/.Xauthority XDG_GREETER_DATA_DIR=/var/lib/lightdm-data/ray SSH_AUTH_SOCK=/run/user/1000/keyring/ssh SHELL=/bin/bash QT_ACCESSIBILITY=1 GDMSESSION=ubuntu GPG_AGENT_INFO=/home/ray/.gnupg/S.gpg-agent:0:1 UPSTART_SESSION=unix:abstract=/com/ubuntu/upstart-session/1000/1479 XDG_VTNR=7 QT_IM_MODULE=ibus PWD=/home/ray CLUTTER_IM_MODULE=xim XDG_CONFIG_DIRS=/etc/xdg/xdg-ubuntu:/usr/share/upstart/xdg:/etc/xdg XDG_DATA_DIRS=/usr/share/ubuntu:/usr/share/gnome:/usr/local/share:/usr/share:/var/lib/snapd/desktop JOB=dbus XDG_MENU_PREFIX=gnome- SESSION_MANAGER=local/ubuntu:@/tmp/.ICE-unix/1687,unix/ubuntu:/tmp/.ICE-unix/1687 DESKTOP_AUTOSTART_ID=10c6ebcd2aa21cb77c15893651595839400000016870046 GIO_LAUNCHED_DESKTOP_FILE=/etc/xdg/autostart/unity-fallback-mount-helper.desktop GIO_LAUNCHED_DESKTOP_FILE_PID=1873
ray           -  0.0    -      -     - -        Sl   May13   0:00 -
ray           -  0.0    -      -     - -        Sl   May13   0:00 -
ray           -  0.0    -      -     - -        Sl   May13   0:00 -
ray           -  0.0    -      -     - -        Sl   May13   0:00 -
ray        1876  0.0  0.4 531304 35204 ?        -    May13   1:13 /usr/bin/vmtoolsd -n vmusr --blockFd 3 GNOME_KEYRING_PID= USER=ray LANGUAGE=en_US XDG_SEAT=seat0 XDG_SESSION_TYPE=x11 COMPIZ_CONFIG_PROFILE=ubuntu SESSION=ubuntu SHLVL=0 HOME=/home/ray QT4_IM_MODULE=xim DESKTOP_SESSION=ubuntu QT_LINUX_ACCESSIBILITY_ALWAYS_ON=1 GTK_MODULES=gail:atk-bridge:unity-gtk-module XDG_SEAT_PATH=/org/freedesktop/DisplayManager/Seat0 INSTANCE= DBUS_SESSION_BUS_ADDRESS=unix:abstract=/tmp/dbus-VXEQ4bkzcc GNOME_KEYRING_CONTROL= QT_QPA_PLATFORMTHEME=appmenu-qt5 MANDATORY_PATH=/usr/share/gconf/ubuntu.mandatory.path IM_CONFIG_PHASE=1 https_proxy=https://192.168.128.1:1080/ SESSIONTYPE=gnome-session LOGNAME=ray GTK_IM_MODULE=ibus http_proxy=http://192.168.128.1:1080/ DEFAULTS_PATH=/usr/share/gconf/ubuntu.default.path XDG_SESSION_ID=c2 socks_proxy=socks://192.168.128.1:1080/ GNOME_DESKTOP_SESSION_ID=this-is-deprecated GTK2_MODULES=overlay-scrollbar PATH=/home/ray/bin:/home/ray/.local/bin:/usr/local/sbin:/usr/local/bin:/usr/sbin:/usr/bin:/sbin:/bin:/usr/games:/usr/local/games:/snap/bin:/home/ray/gcc-arm-none-eabi-9-2019-q4-major/bin GDM_LANG=en_US XDG_SESSION_PATH=/org/freedesktop/DisplayManager/Session0 ftp_proxy=ftp://192.168.128.1:1080/ XDG_RUNTIME_DIR=/run/user/1000 DISPLAY=:0 LANG=en_US.UTF-8 XDG_CURRENT_DESKTOP=Unity XMODIFIERS=@im=ibus XDG_SESSION_DESKTOP=ubuntu XAUTHORITY=/home/ray/.Xauthority XDG_GREETER_DATA_DIR=/var/lib/lightdm-data/ray SSH_AUTH_SOCK=/run/user/1000/keyring/ssh SHELL=/bin/bash QT_ACCESSIBILITY=1 GDMSESSION=ubuntu GPG_AGENT_INFO=/home/ray/.gnupg/S.gpg-agent:0:1 UPSTART_SESSION=unix:abstract=/com/ubuntu/upstart-session/1000/1479 XDG_VTNR=7 QT_IM_MODULE=ibus PWD=/home/ray CLUTTER_IM_MODULE=xim XDG_CONFIG_DIRS=/etc/xdg/xdg-ubuntu:/usr/share/upstart/xdg:/etc/xdg XDG_DATA_DIRS=/usr/share/ubuntu:/usr/share/gnome:/usr/local/share:/usr/share:/var/lib/snapd/desktop JOB=dbus XDG_MENU_PREFIX=gnome- SESSION_MANAGER=local/ubuntu:@/tmp/.ICE-unix/1687,unix/ubuntu:/tmp/.ICE-unix/1687 DESKTOP_AUTOSTART_ID=10c6ebcd2aa21cb77c15893651594461000000016870025 GIO_LAUNCHED_DESKTOP_FILE=/etc/xdg/autostart/vmware-user.desktop GIO_LAUNCHED_DESKTOP_FILE_PID=1871
ray           -  0.0    -      -     - -        Sl   May13   1:13 -
ray           -  0.0    -      -     - -        Sl   May13   0:00 -
ray           -  0.0    -      -     - -        Sl   May13   0:00 -
ray           -  0.0    -      -     - -        Sl   May13   0:00 -
ray        1917  0.0  0.0 359180  7504 ?        -    May13   0:00 /usr/lib/gvfs/gvfs-udisks2-volume-monitor UNITY_DEFAULT_PROFILE=unity XDG_RUNTIME_DIR=/run/user/1000 SESSION_MANAGER=local/ubuntu:@/tmp/.ICE-unix/1687,unix/ubuntu:/tmp/.ICE-unix/1687 XMODIFIERS=@im XDG_GREETER_DATA_DIR=/var/lib/lightdm-data/ray XDG_SESSION_TYPE=x11 DBUS_SESSION_BUS_ADDRESS=unix:abstract=/tmp/dbus-VXEQ4bkzcc,guid=e59d67ae1dacb060b61762555ebbc9a3 USER=ray XAUTHORITY=/home/ray/.Xauthority QT_IM_MODULE=ibus DBUS_STARTER_BUS_TYPE=session SHLVL=0 UPSTART_INSTANCE= XDG_MENU_PREFIX=gnome- GNOME_KEYRING_CONTROL= XDG_SESSION_DESKTOP=ubuntu DBUS_DEBUG_OUTPUT=1 SHELL=/bin/bash ftp_proxy=ftp://192.168.128.1:1080/ UPSTART_EVENTS=starting QT_ACCESSIBILITY=1 INSTANCE= XDG_DATA_DIRS=/usr/share/ubuntu:/usr/share/gnome:/usr/local/share:/usr/share:/var/lib/snapd/desktop LANGUAGE=en_US QT4_IM_MODULE=xim IM_CONFIG_PHASE=1 https_proxy=https://192.168.128.1:1080/ GTK2_MODULES=overlay-scrollbar JOB=xsession-init PWD=/home/ray socks_proxy=socks://192.168.128.1:1080/ HOME=/home/ray DBUS_STARTER_ADDRESS=unix:abstract=/tmp/dbus-VXEQ4bkzcc,guid=e59d67ae1dacb060b61762555ebbc9a3 CLUTTER_IM_MODULE=xim DISPLAY=:0 SSH_AUTH_SOCK=/run/user/1000/keyring/ssh UPSTART_JOB=dbus PATH=/home/ray/bin:/home/ray/.local/bin:/usr/local/sbin:/usr/local/bin:/usr/sbin:/usr/bin:/sbin:/bin:/usr/games:/usr/local/games:/snap/bin:/home/ray/gcc-arm-none-eabi-9-2019-q4-major/bin GNOME_DESKTOP_SESSION_ID=this-is-deprecated GTK_MODULES=gail:atk-bridge:unity-gtk-module GTK_IM_MODULE=ibus GDMSESSION=ubuntu XDG_VTNR=7 XDG_SESSION_ID=c2 GPG_AGENT_INFO=/home/ray/.gnupg/S.gpg-agent:0:1 XDG_SEAT=seat0 COMPIZ_CONFIG_PROFILE=ubuntu MANDATORY_PATH=/usr/share/gconf/ubuntu.mandatory.path LANG=en_US.UTF-8 LOGNAME=ray UNITY_HAS_3D_SUPPORT=true SESSIONTYPE=gnome-session DEFAULTS_PATH=/usr/share/gconf/ubuntu.default.path XDG_SESSION_PATH=/org/freedesktop/DisplayManager/Session0 XDG_CURRENT_DESKTOP=Unity DESKTOP_SESSION=ubuntu QT_LINUX_ACCESSIBILITY_ALWAYS_ON=1 http_proxy=http://192.168.128.1:1080/ XDG_SEAT_PATH=/org/freedesktop/DisplayManager/Seat0 GNOME_KEYRING_PID= QT_QPA_PLATFORMTHEME=appmenu-qt5 GDM_LANG=en_US UPSTART_SESSION=unix:abstract=/com/ubuntu/upstart-session/1000/1479 XDG_CONFIG_DIRS=/etc/xdg/xdg-ubuntu:/usr/share/upstart/xdg:/etc/xdg
ray           -  0.0    -      -     - -        Sl   May13   0:00 -
ray           -  0.0    -      -     - -        Sl   May13   0:00 -
ray           -  0.0    -      -     - -        Sl   May13   0:00 -
root       1929  0.0  0.1 506264  8492 ?        -    May13   0:00 /usr/lib/udisks2/udisksd --no-debug
root          -  0.0    -      -     - -        Ssl  May13   0:00 -
root          -  0.0    -      -     - -        Ssl  May13   0:00 -
root          -  0.0    -      -     - -        Ssl  May13   0:00 -
root          -  0.0    -      -     - -        Ssl  May13   0:00 -
root          -  0.0    -      -     - -        Ssl  May13   0:00 -
root       1936  0.0  0.4 510256 37700 ?        -    May13   0:01 /usr/lib/x86_64-linux-gnu/fwupd/fwupd
root          -  0.0    -      -     - -        Ssl  May13   0:01 -
root          -  0.0    -      -     - -        Ssl  May13   0:00 -
root          -  0.0    -      -     - -        Ssl  May13   0:00 -
root          -  0.0    -      -     - -        Ssl  May13   0:00 -
root          -  0.0    -      -     - -        Ssl  May13   0:00 -
ray        1939  0.0  0.0 259520  4596 ?        -    May13   0:00 /usr/lib/gvfs/gvfs-mtp-volume-monitor UNITY_DEFAULT_PROFILE=unity XDG_RUNTIME_DIR=/run/user/1000 SESSION_MANAGER=local/ubuntu:@/tmp/.ICE-unix/1687,unix/ubuntu:/tmp/.ICE-unix/1687 XMODIFIERS=@im XDG_GREETER_DATA_DIR=/var/lib/lightdm-data/ray XDG_SESSION_TYPE=x11 DBUS_SESSION_BUS_ADDRESS=unix:abstract=/tmp/dbus-VXEQ4bkzcc,guid=e59d67ae1dacb060b61762555ebbc9a3 USER=ray XAUTHORITY=/home/ray/.Xauthority QT_IM_MODULE=ibus DBUS_STARTER_BUS_TYPE=session SHLVL=0 UPSTART_INSTANCE= XDG_MENU_PREFIX=gnome- GNOME_KEYRING_CONTROL= XDG_SESSION_DESKTOP=ubuntu DBUS_DEBUG_OUTPUT=1 SHELL=/bin/bash ftp_proxy=ftp://192.168.128.1:1080/ UPSTART_EVENTS=starting QT_ACCESSIBILITY=1 INSTANCE= XDG_DATA_DIRS=/usr/share/ubuntu:/usr/share/gnome:/usr/local/share:/usr/share:/var/lib/snapd/desktop LANGUAGE=en_US QT4_IM_MODULE=xim IM_CONFIG_PHASE=1 https_proxy=https://192.168.128.1:1080/ GTK2_MODULES=overlay-scrollbar JOB=xsession-init PWD=/home/ray socks_proxy=socks://192.168.128.1:1080/ HOME=/home/ray DBUS_STARTER_ADDRESS=unix:abstract=/tmp/dbus-VXEQ4bkzcc,guid=e59d67ae1dacb060b61762555ebbc9a3 CLUTTER_IM_MODULE=xim DISPLAY=:0 SSH_AUTH_SOCK=/run/user/1000/keyring/ssh UPSTART_JOB=dbus PATH=/home/ray/bin:/home/ray/.local/bin:/usr/local/sbin:/usr/local/bin:/usr/sbin:/usr/bin:/sbin:/bin:/usr/games:/usr/local/games:/snap/bin:/home/ray/gcc-arm-none-eabi-9-2019-q4-major/bin GNOME_DESKTOP_SESSION_ID=this-is-deprecated GTK_MODULES=gail:atk-bridge:unity-gtk-module GTK_IM_MODULE=ibus GDMSESSION=ubuntu XDG_VTNR=7 XDG_SESSION_ID=c2 GPG_AGENT_INFO=/home/ray/.gnupg/S.gpg-agent:0:1 XDG_SEAT=seat0 COMPIZ_CONFIG_PROFILE=ubuntu MANDATORY_PATH=/usr/share/gconf/ubuntu.mandatory.path LANG=en_US.UTF-8 LOGNAME=ray UNITY_HAS_3D_SUPPORT=true SESSIONTYPE=gnome-session DEFAULTS_PATH=/usr/share/gconf/ubuntu.default.path XDG_SESSION_PATH=/org/freedesktop/DisplayManager/Session0 XDG_CURRENT_DESKTOP=Unity DESKTOP_SESSION=ubuntu QT_LINUX_ACCESSIBILITY_ALWAYS_ON=1 http_proxy=http://192.168.128.1:1080/ XDG_SEAT_PATH=/org/freedesktop/DisplayManager/Seat0 GNOME_KEYRING_PID= QT_QPA_PLATFORMTHEME=appmenu-qt5 GDM_LANG=en_US UPSTART_SESSION=unix:abstract=/com/ubuntu/upstart-session/1000/1479 XDG_CONFIG_DIRS=/etc/xdg/xdg-ubuntu:/usr/share/upstart/xdg:/etc/xdg
ray           -  0.0    -      -     - -        Sl   May13   0:00 -
ray           -  0.0    -      -     - -        Sl   May13   0:00 -
ray           -  0.0    -      -     - -        Sl   May13   0:00 -
ray        1944  0.0  0.0 271716  5116 ?        -    May13   0:00 /usr/lib/gvfs/gvfs-gphoto2-volume-monitor UNITY_DEFAULT_PROFILE=unity XDG_RUNTIME_DIR=/run/user/1000 SESSION_MANAGER=local/ubuntu:@/tmp/.ICE-unix/1687,unix/ubuntu:/tmp/.ICE-unix/1687 XMODIFIERS=@im XDG_GREETER_DATA_DIR=/var/lib/lightdm-data/ray XDG_SESSION_TYPE=x11 DBUS_SESSION_BUS_ADDRESS=unix:abstract=/tmp/dbus-VXEQ4bkzcc,guid=e59d67ae1dacb060b61762555ebbc9a3 USER=ray XAUTHORITY=/home/ray/.Xauthority QT_IM_MODULE=ibus DBUS_STARTER_BUS_TYPE=session SHLVL=0 UPSTART_INSTANCE= XDG_MENU_PREFIX=gnome- GNOME_KEYRING_CONTROL= XDG_SESSION_DESKTOP=ubuntu DBUS_DEBUG_OUTPUT=1 SHELL=/bin/bash ftp_proxy=ftp://192.168.128.1:1080/ UPSTART_EVENTS=starting QT_ACCESSIBILITY=1 INSTANCE= XDG_DATA_DIRS=/usr/share/ubuntu:/usr/share/gnome:/usr/local/share:/usr/share:/var/lib/snapd/desktop LANGUAGE=en_US QT4_IM_MODULE=xim IM_CONFIG_PHASE=1 https_proxy=https://192.168.128.1:1080/ GTK2_MODULES=overlay-scrollbar JOB=xsession-init PWD=/home/ray socks_proxy=socks://192.168.128.1:1080/ HOME=/home/ray DBUS_STARTER_ADDRESS=unix:abstract=/tmp/dbus-VXEQ4bkzcc,guid=e59d67ae1dacb060b61762555ebbc9a3 CLUTTER_IM_MODULE=xim DISPLAY=:0 SSH_AUTH_SOCK=/run/user/1000/keyring/ssh UPSTART_JOB=dbus PATH=/home/ray/bin:/home/ray/.local/bin:/usr/local/sbin:/usr/local/bin:/usr/sbin:/usr/bin:/sbin:/bin:/usr/games:/usr/local/games:/snap/bin:/home/ray/gcc-arm-none-eabi-9-2019-q4-major/bin GNOME_DESKTOP_SESSION_ID=this-is-deprecated GTK_MODULES=gail:atk-bridge:unity-gtk-module GTK_IM_MODULE=ibus GDMSESSION=ubuntu XDG_VTNR=7 XDG_SESSION_ID=c2 GPG_AGENT_INFO=/home/ray/.gnupg/S.gpg-agent:0:1 XDG_SEAT=seat0 COMPIZ_CONFIG_PROFILE=ubuntu MANDATORY_PATH=/usr/share/gconf/ubuntu.mandatory.path LANG=en_US.UTF-8 LOGNAME=ray UNITY_HAS_3D_SUPPORT=true SESSIONTYPE=gnome-session DEFAULTS_PATH=/usr/share/gconf/ubuntu.default.path XDG_SESSION_PATH=/org/freedesktop/DisplayManager/Session0 XDG_CURRENT_DESKTOP=Unity DESKTOP_SESSION=ubuntu QT_LINUX_ACCESSIBILITY_ALWAYS_ON=1 http_proxy=http://192.168.128.1:1080/ XDG_SEAT_PATH=/org/freedesktop/DisplayManager/Seat0 GNOME_KEYRING_PID= QT_QPA_PLATFORMTHEME=appmenu-qt5 GDM_LANG=en_US UPSTART_SESSION=unix:abstract=/com/ubuntu/upstart-session/1000/1479 XDG_CONFIG_DIRS=/etc/xdg/xdg-ubuntu:/usr/share/upstart/xdg:/etc/xdg
ray           -  0.0    -      -     - -        Sl   May13   0:00 -
ray           -  0.0    -      -     - -        Sl   May13   0:00 -
ray           -  0.0    -      -     - -        Sl   May13   0:00 -
ray        1949  0.0  0.0 257528  4968 ?        -    May13   0:00 /usr/lib/gvfs/gvfs-goa-volume-monitor UNITY_DEFAULT_PROFILE=unity XDG_RUNTIME_DIR=/run/user/1000 SESSION_MANAGER=local/ubuntu:@/tmp/.ICE-unix/1687,unix/ubuntu:/tmp/.ICE-unix/1687 XMODIFIERS=@im XDG_GREETER_DATA_DIR=/var/lib/lightdm-data/ray XDG_SESSION_TYPE=x11 DBUS_SESSION_BUS_ADDRESS=unix:abstract=/tmp/dbus-VXEQ4bkzcc,guid=e59d67ae1dacb060b61762555ebbc9a3 USER=ray XAUTHORITY=/home/ray/.Xauthority QT_IM_MODULE=ibus DBUS_STARTER_BUS_TYPE=session SHLVL=0 UPSTART_INSTANCE= XDG_MENU_PREFIX=gnome- GNOME_KEYRING_CONTROL= XDG_SESSION_DESKTOP=ubuntu DBUS_DEBUG_OUTPUT=1 SHELL=/bin/bash ftp_proxy=ftp://192.168.128.1:1080/ UPSTART_EVENTS=starting QT_ACCESSIBILITY=1 INSTANCE= XDG_DATA_DIRS=/usr/share/ubuntu:/usr/share/gnome:/usr/local/share:/usr/share:/var/lib/snapd/desktop LANGUAGE=en_US QT4_IM_MODULE=xim IM_CONFIG_PHASE=1 https_proxy=https://192.168.128.1:1080/ GTK2_MODULES=overlay-scrollbar JOB=xsession-init PWD=/home/ray socks_proxy=socks://192.168.128.1:1080/ HOME=/home/ray DBUS_STARTER_ADDRESS=unix:abstract=/tmp/dbus-VXEQ4bkzcc,guid=e59d67ae1dacb060b61762555ebbc9a3 CLUTTER_IM_MODULE=xim DISPLAY=:0 SSH_AUTH_SOCK=/run/user/1000/keyring/ssh UPSTART_JOB=dbus PATH=/home/ray/bin:/home/ray/.local/bin:/usr/local/sbin:/usr/local/bin:/usr/sbin:/usr/bin:/sbin:/bin:/usr/games:/usr/local/games:/snap/bin:/home/ray/gcc-arm-none-eabi-9-2019-q4-major/bin GNOME_DESKTOP_SESSION_ID=this-is-deprecated GTK_MODULES=gail:atk-bridge:unity-gtk-module GTK_IM_MODULE=ibus GDMSESSION=ubuntu XDG_VTNR=7 XDG_SESSION_ID=c2 GPG_AGENT_INFO=/home/ray/.gnupg/S.gpg-agent:0:1 XDG_SEAT=seat0 COMPIZ_CONFIG_PROFILE=ubuntu MANDATORY_PATH=/usr/share/gconf/ubuntu.mandatory.path LANG=en_US.UTF-8 LOGNAME=ray UNITY_HAS_3D_SUPPORT=true SESSIONTYPE=gnome-session DEFAULTS_PATH=/usr/share/gconf/ubuntu.default.path XDG_SESSION_PATH=/org/freedesktop/DisplayManager/Session0 XDG_CURRENT_DESKTOP=Unity DESKTOP_SESSION=ubuntu QT_LINUX_ACCESSIBILITY_ALWAYS_ON=1 http_proxy=http://192.168.128.1:1080/ XDG_SEAT_PATH=/org/freedesktop/DisplayManager/Seat0 GNOME_KEYRING_PID= QT_QPA_PLATFORMTHEME=appmenu-qt5 GDM_LANG=en_US UPSTART_SESSION=unix:abstract=/com/ubuntu/upstart-session/1000/1479 XDG_CONFIG_DIRS=/etc/xdg/xdg-ubuntu:/usr/share/upstart/xdg:/etc/xdg
ray           -  0.0    -      -     - -        Sl   May13   0:00 -
ray           -  0.0    -      -     - -        Sl   May13   0:00 -
ray           -  0.0    -      -     - -        Sl   May13   0:00 -
ray        1954  0.0  0.1 403604  8900 ?        -    May13   0:00 /usr/lib/gvfs/gvfs-afc-volume-monitor UNITY_DEFAULT_PROFILE=unity XDG_RUNTIME_DIR=/run/user/1000 SESSION_MANAGER=local/ubuntu:@/tmp/.ICE-unix/1687,unix/ubuntu:/tmp/.ICE-unix/1687 XMODIFIERS=@im XDG_GREETER_DATA_DIR=/var/lib/lightdm-data/ray XDG_SESSION_TYPE=x11 DBUS_SESSION_BUS_ADDRESS=unix:abstract=/tmp/dbus-VXEQ4bkzcc,guid=e59d67ae1dacb060b61762555ebbc9a3 USER=ray XAUTHORITY=/home/ray/.Xauthority QT_IM_MODULE=ibus DBUS_STARTER_BUS_TYPE=session SHLVL=0 UPSTART_INSTANCE= XDG_MENU_PREFIX=gnome- GNOME_KEYRING_CONTROL= XDG_SESSION_DESKTOP=ubuntu DBUS_DEBUG_OUTPUT=1 SHELL=/bin/bash ftp_proxy=ftp://192.168.128.1:1080/ UPSTART_EVENTS=starting QT_ACCESSIBILITY=1 INSTANCE= XDG_DATA_DIRS=/usr/share/ubuntu:/usr/share/gnome:/usr/local/share:/usr/share:/var/lib/snapd/desktop LANGUAGE=en_US QT4_IM_MODULE=xim IM_CONFIG_PHASE=1 https_proxy=https://192.168.128.1:1080/ GTK2_MODULES=overlay-scrollbar JOB=xsession-init PWD=/home/ray socks_proxy=socks://192.168.128.1:1080/ HOME=/home/ray DBUS_STARTER_ADDRESS=unix:abstract=/tmp/dbus-VXEQ4bkzcc,guid=e59d67ae1dacb060b61762555ebbc9a3 CLUTTER_IM_MODULE=xim DISPLAY=:0 SSH_AUTH_SOCK=/run/user/1000/keyring/ssh UPSTART_JOB=dbus PATH=/home/ray/bin:/home/ray/.local/bin:/usr/local/sbin:/usr/local/bin:/usr/sbin:/usr/bin:/sbin:/bin:/usr/games:/usr/local/games:/snap/bin:/home/ray/gcc-arm-none-eabi-9-2019-q4-major/bin GNOME_DESKTOP_SESSION_ID=this-is-deprecated GTK_MODULES=gail:atk-bridge:unity-gtk-module GTK_IM_MODULE=ibus GDMSESSION=ubuntu XDG_VTNR=7 XDG_SESSION_ID=c2 GPG_AGENT_INFO=/home/ray/.gnupg/S.gpg-agent:0:1 XDG_SEAT=seat0 COMPIZ_CONFIG_PROFILE=ubuntu MANDATORY_PATH=/usr/share/gconf/ubuntu.mandatory.path LANG=en_US.UTF-8 LOGNAME=ray UNITY_HAS_3D_SUPPORT=true SESSIONTYPE=gnome-session DEFAULTS_PATH=/usr/share/gconf/ubuntu.default.path XDG_SESSION_PATH=/org/freedesktop/DisplayManager/Session0 XDG_CURRENT_DESKTOP=Unity DESKTOP_SESSION=ubuntu QT_LINUX_ACCESSIBILITY_ALWAYS_ON=1 http_proxy=http://192.168.128.1:1080/ XDG_SEAT_PATH=/org/freedesktop/DisplayManager/Seat0 GNOME_KEYRING_PID= QT_QPA_PLATFORMTHEME=appmenu-qt5 GDM_LANG=en_US UPSTART_SESSION=unix:abstract=/com/ubuntu/upstart-session/1000/1479 XDG_CONFIG_DIRS=/etc/xdg/xdg-ubuntu:/usr/share/upstart/xdg:/etc/xdg
ray           -  0.0    -      -     - -        Sl   May13   0:00 -
ray           -  0.0    -      -     - -        Sl   May13   0:00 -
ray           -  0.0    -      -     - -        Sl   May13   0:00 -
ray           -  0.0    -      -     - -        Sl   May13   0:00 -
ray        1967  0.0  0.6 815984 49768 ?        -    May13   0:00 /usr/lib/evolution/evolution-calendar-factory-subprocess --factory contacts --bus-name org.gnome.evolution.dataserver.Subprocess.Backend.Calendarx1855x2 --own-path /org/gnome/evolution/dataserver/Subprocess/Backend/Calendar/1855/2 UNITY_DEFAULT_PROFILE=unity XDG_RUNTIME_DIR=/run/user/1000 SESSION_MANAGER=local/ubuntu:@/tmp/.ICE-unix/1687,unix/ubuntu:/tmp/.ICE-unix/1687 XMODIFIERS=@im XDG_GREETER_DATA_DIR=/var/lib/lightdm-data/ray XDG_SESSION_TYPE=x11 DBUS_SESSION_BUS_ADDRESS=unix:abstract=/tmp/dbus-VXEQ4bkzcc,guid=e59d67ae1dacb060b61762555ebbc9a3 USER=ray XAUTHORITY=/home/ray/.Xauthority QT_IM_MODULE=ibus DBUS_STARTER_BUS_TYPE=session SHLVL=0 UPSTART_INSTANCE= XDG_MENU_PREFIX=gnome- GNOME_KEYRING_CONTROL= XDG_SESSION_DESKTOP=ubuntu DBUS_DEBUG_OUTPUT=1 SHELL=/bin/bash ftp_proxy=ftp://192.168.128.1:1080/ UPSTART_EVENTS=starting QT_ACCESSIBILITY=1 INSTANCE= XDG_DATA_DIRS=/usr/share/ubuntu:/usr/share/gnome:/usr/local/share:/usr/share:/var/lib/snapd/desktop LANGUAGE=en_US QT4_IM_MODULE=xim IM_CONFIG_PHASE=1 https_proxy=https://192.168.128.1:1080/ GTK2_MODULES=overlay-scrollbar JOB=xsession-init PWD=/home/ray socks_proxy=socks://192.168.128.1:1080/ HOME=/home/ray DBUS_STARTER_ADDRESS=unix:abstract=/tmp/dbus-VXEQ4bkzcc,guid=e59d67ae1dacb060b61762555ebbc9a3 CLUTTER_IM_MODULE=xim DISPLAY=:0 SSH_AUTH_SOCK=/run/user/1000/keyring/ssh UPSTART_JOB=dbus PATH=/home/ray/bin:/home/ray/.local/bin:/usr/local/sbin:/usr/local/bin:/usr/sbin:/usr/bin:/sbin:/bin:/usr/games:/usr/local/games:/snap/bin:/home/ray/gcc-arm-none-eabi-9-2019-q4-major/bin GNOME_DESKTOP_SESSION_ID=this-is-deprecated GTK_MODULES=gail:atk-bridge:unity-gtk-module GTK_IM_MODULE=ibus GDMSESSION=ubuntu XDG_VTNR=7 XDG_SESSION_ID=c2 GPG_AGENT_INFO=/home/ray/.gnupg/S.gpg-agent:0:1 XDG_SEAT=seat0 COMPIZ_CONFIG_PROFILE=ubuntu MANDATORY_PATH=/usr/share/gconf/ubuntu.mandatory.path LANG=en_US.UTF-8 LOGNAME=ray UNITY_HAS_3D_SUPPORT=true SESSIONTYPE=gnome-session DEFAULTS_PATH=/usr/share/gconf/ubuntu.default.path XDG_SESSION_PATH=/org/freedesktop/DisplayManager/Session0 XDG_CURRENT_DESKTOP=Unity DESKTOP_SESSION=ubuntu QT_LINUX_ACCESSIBILITY_ALWAYS_ON=1 http_proxy=http://192.168.128.1:1080/ XDG_SEAT_PATH=/org/freedesktop/DisplayManager/Seat0 GNOME_KEYRING_PID= QT_QPA_PLATFORMTHEME=appmenu-qt5 GDM_LANG=en_US UPSTART_SESSION=unix:abstract=/com/ubuntu/upstart-session/1000/1479 XDG_CONFIG_DIRS=/etc/xdg/xdg-ubuntu:/usr/share/upstart/xdg:/etc/xdg
ray           -  0.0    -      -     - -        Sl   May13   0:00 -
ray           -  0.0    -      -     - -        Sl   May13   0:00 -
ray           -  0.0    -      -     - -        Sl   May13   0:00 -
ray           -  0.0    -      -     - -        Sl   May13   0:00 -
ray           -  0.0    -      -     - -        Sl   May13   0:00 -
ray           -  0.0    -      -     - -        Sl   May13   0:00 -
ray           -  0.0    -      -     - -        Sl   May13   0:00 -
ray        1992  0.0  0.2 690564 18064 ?        -    May13   0:00 /usr/lib/evolution/evolution-addressbook-factory UNITY_DEFAULT_PROFILE=unity XDG_RUNTIME_DIR=/run/user/1000 SESSION_MANAGER=local/ubuntu:@/tmp/.ICE-unix/1687,unix/ubuntu:/tmp/.ICE-unix/1687 XMODIFIERS=@im XDG_GREETER_DATA_DIR=/var/lib/lightdm-data/ray XDG_SESSION_TYPE=x11 DBUS_SESSION_BUS_ADDRESS=unix:abstract=/tmp/dbus-VXEQ4bkzcc,guid=e59d67ae1dacb060b61762555ebbc9a3 USER=ray XAUTHORITY=/home/ray/.Xauthority QT_IM_MODULE=ibus DBUS_STARTER_BUS_TYPE=session SHLVL=0 UPSTART_INSTANCE= XDG_MENU_PREFIX=gnome- GNOME_KEYRING_CONTROL= XDG_SESSION_DESKTOP=ubuntu DBUS_DEBUG_OUTPUT=1 SHELL=/bin/bash ftp_proxy=ftp://192.168.128.1:1080/ UPSTART_EVENTS=starting QT_ACCESSIBILITY=1 INSTANCE= XDG_DATA_DIRS=/usr/share/ubuntu:/usr/share/gnome:/usr/local/share:/usr/share:/var/lib/snapd/desktop LANGUAGE=en_US QT4_IM_MODULE=xim IM_CONFIG_PHASE=1 https_proxy=https://192.168.128.1:1080/ GTK2_MODULES=overlay-scrollbar JOB=xsession-init PWD=/home/ray socks_proxy=socks://192.168.128.1:1080/ HOME=/home/ray DBUS_STARTER_ADDRESS=unix:abstract=/tmp/dbus-VXEQ4bkzcc,guid=e59d67ae1dacb060b61762555ebbc9a3 CLUTTER_IM_MODULE=xim DISPLAY=:0 SSH_AUTH_SOCK=/run/user/1000/keyring/ssh UPSTART_JOB=dbus PATH=/home/ray/bin:/home/ray/.local/bin:/usr/local/sbin:/usr/local/bin:/usr/sbin:/usr/bin:/sbin:/bin:/usr/games:/usr/local/games:/snap/bin:/home/ray/gcc-arm-none-eabi-9-2019-q4-major/bin GNOME_DESKTOP_SESSION_ID=this-is-deprecated GTK_MODULES=gail:atk-bridge:unity-gtk-module GTK_IM_MODULE=ibus GDMSESSION=ubuntu XDG_VTNR=7 XDG_SESSION_ID=c2 GPG_AGENT_INFO=/home/ray/.gnupg/S.gpg-agent:0:1 XDG_SEAT=seat0 COMPIZ_CONFIG_PROFILE=ubuntu MANDATORY_PATH=/usr/share/gconf/ubuntu.mandatory.path LANG=en_US.UTF-8 LOGNAME=ray UNITY_HAS_3D_SUPPORT=true SESSIONTYPE=gnome-session DEFAULTS_PATH=/usr/share/gconf/ubuntu.default.path XDG_SESSION_PATH=/org/freedesktop/DisplayManager/Session0 XDG_CURRENT_DESKTOP=Unity DESKTOP_SESSION=ubuntu QT_LINUX_ACCESSIBILITY_ALWAYS_ON=1 http_proxy=http://192.168.128.1:1080/ XDG_SEAT_PATH=/org/freedesktop/DisplayManager/Seat0 GNOME_KEYRING_PID= QT_QPA_PLATFORMTHEME=appmenu-qt5 GDM_LANG=en_US UPSTART_SESSION=unix:abstract=/com/ubuntu/upstart-session/1000/1479 XDG_CONFIG_DIRS=/etc/xdg/xdg-ubuntu:/usr/share/upstart/xdg:/etc/xdg
ray           -  0.0    -      -     - -        Sl   May13   0:00 -
ray           -  0.0    -      -     - -        Sl   May13   0:00 -
ray           -  0.0    -      -     - -        Sl   May13   0:00 -
ray           -  0.0    -      -     - -        Sl   May13   0:00 -
ray           -  0.0    -      -     - -        Sl   May13   0:00 -
ray        1994  0.0  0.6 931308 49516 ?        -    May13   0:00 /usr/lib/evolution/evolution-calendar-factory-subprocess --factory local --bus-name org.gnome.evolution.dataserver.Subprocess.Backend.Calendarx1855x3 --own-path /org/gnome/evolution/dataserver/Subprocess/Backend/Calendar/1855/3 UNITY_DEFAULT_PROFILE=unity XDG_RUNTIME_DIR=/run/user/1000 SESSION_MANAGER=local/ubuntu:@/tmp/.ICE-unix/1687,unix/ubuntu:/tmp/.ICE-unix/1687 XMODIFIERS=@im XDG_GREETER_DATA_DIR=/var/lib/lightdm-data/ray XDG_SESSION_TYPE=x11 DBUS_SESSION_BUS_ADDRESS=unix:abstract=/tmp/dbus-VXEQ4bkzcc,guid=e59d67ae1dacb060b61762555ebbc9a3 USER=ray XAUTHORITY=/home/ray/.Xauthority QT_IM_MODULE=ibus DBUS_STARTER_BUS_TYPE=session SHLVL=0 UPSTART_INSTANCE= XDG_MENU_PREFIX=gnome- GNOME_KEYRING_CONTROL= XDG_SESSION_DESKTOP=ubuntu DBUS_DEBUG_OUTPUT=1 SHELL=/bin/bash ftp_proxy=ftp://192.168.128.1:1080/ UPSTART_EVENTS=starting QT_ACCESSIBILITY=1 INSTANCE= XDG_DATA_DIRS=/usr/share/ubuntu:/usr/share/gnome:/usr/local/share:/usr/share:/var/lib/snapd/desktop LANGUAGE=en_US QT4_IM_MODULE=xim IM_CONFIG_PHASE=1 https_proxy=https://192.168.128.1:1080/ GTK2_MODULES=overlay-scrollbar JOB=xsession-init PWD=/home/ray socks_proxy=socks://192.168.128.1:1080/ HOME=/home/ray DBUS_STARTER_ADDRESS=unix:abstract=/tmp/dbus-VXEQ4bkzcc,guid=e59d67ae1dacb060b61762555ebbc9a3 CLUTTER_IM_MODULE=xim DISPLAY=:0 SSH_AUTH_SOCK=/run/user/1000/keyring/ssh UPSTART_JOB=dbus PATH=/home/ray/bin:/home/ray/.local/bin:/usr/local/sbin:/usr/local/bin:/usr/sbin:/usr/bin:/sbin:/bin:/usr/games:/usr/local/games:/snap/bin:/home/ray/gcc-arm-none-eabi-9-2019-q4-major/bin GNOME_DESKTOP_SESSION_ID=this-is-deprecated GTK_MODULES=gail:atk-bridge:unity-gtk-module GTK_IM_MODULE=ibus GDMSESSION=ubuntu XDG_VTNR=7 XDG_SESSION_ID=c2 GPG_AGENT_INFO=/home/ray/.gnupg/S.gpg-agent:0:1 XDG_SEAT=seat0 COMPIZ_CONFIG_PROFILE=ubuntu MANDATORY_PATH=/usr/share/gconf/ubuntu.mandatory.path LANG=en_US.UTF-8 LOGNAME=ray UNITY_HAS_3D_SUPPORT=true SESSIONTYPE=gnome-session DEFAULTS_PATH=/usr/share/gconf/ubuntu.default.path XDG_SESSION_PATH=/org/freedesktop/DisplayManager/Session0 XDG_CURRENT_DESKTOP=Unity DESKTOP_SESSION=ubuntu QT_LINUX_ACCESSIBILITY_ALWAYS_ON=1 http_proxy=http://192.168.128.1:1080/ XDG_SEAT_PATH=/org/freedesktop/DisplayManager/Seat0 GNOME_KEYRING_PID= QT_QPA_PLATFORMTHEME=appmenu-qt5 GDM_LANG=en_US UPSTART_SESSION=unix:abstract=/com/ubuntu/upstart-session/1000/1479 XDG_CONFIG_DIRS=/etc/xdg/xdg-ubuntu:/usr/share/upstart/xdg:/etc/xdg
ray           -  0.0    -      -     - -        Sl   May13   0:00 -
ray           -  0.0    -      -     - -        Sl   May13   0:00 -
ray           -  0.0    -      -     - -        Sl   May13   0:00 -
ray           -  0.0    -      -     - -        Sl   May13   0:00 -
ray           -  0.0    -      -     - -        Sl   May13   0:00 -
ray        2005  0.0  0.2 905328 17960 ?        -    May13   0:00 /usr/lib/evolution/evolution-addressbook-factory-subprocess --factory local --bus-name org.gnome.evolution.dataserver.Subprocess.Backend.AddressBookx1992x2 --own-path /org/gnome/evolution/dataserver/Subprocess/Backend/AddressBook/1992/2 UNITY_DEFAULT_PROFILE=unity XDG_RUNTIME_DIR=/run/user/1000 SESSION_MANAGER=local/ubuntu:@/tmp/.ICE-unix/1687,unix/ubuntu:/tmp/.ICE-unix/1687 XMODIFIERS=@im XDG_GREETER_DATA_DIR=/var/lib/lightdm-data/ray XDG_SESSION_TYPE=x11 DBUS_SESSION_BUS_ADDRESS=unix:abstract=/tmp/dbus-VXEQ4bkzcc,guid=e59d67ae1dacb060b61762555ebbc9a3 USER=ray XAUTHORITY=/home/ray/.Xauthority QT_IM_MODULE=ibus DBUS_STARTER_BUS_TYPE=session SHLVL=0 UPSTART_INSTANCE= XDG_MENU_PREFIX=gnome- GNOME_KEYRING_CONTROL= XDG_SESSION_DESKTOP=ubuntu DBUS_DEBUG_OUTPUT=1 SHELL=/bin/bash ftp_proxy=ftp://192.168.128.1:1080/ UPSTART_EVENTS=starting QT_ACCESSIBILITY=1 INSTANCE= XDG_DATA_DIRS=/usr/share/ubuntu:/usr/share/gnome:/usr/local/share:/usr/share:/var/lib/snapd/desktop LANGUAGE=en_US QT4_IM_MODULE=xim IM_CONFIG_PHASE=1 https_proxy=https://192.168.128.1:1080/ GTK2_MODULES=overlay-scrollbar JOB=xsession-init PWD=/home/ray socks_proxy=socks://192.168.128.1:1080/ HOME=/home/ray DBUS_STARTER_ADDRESS=unix:abstract=/tmp/dbus-VXEQ4bkzcc,guid=e59d67ae1dacb060b61762555ebbc9a3 CLUTTER_IM_MODULE=xim DISPLAY=:0 SSH_AUTH_SOCK=/run/user/1000/keyring/ssh UPSTART_JOB=dbus PATH=/home/ray/bin:/home/ray/.local/bin:/usr/local/sbin:/usr/local/bin:/usr/sbin:/usr/bin:/sbin:/bin:/usr/games:/usr/local/games:/snap/bin:/home/ray/gcc-arm-none-eabi-9-2019-q4-major/bin GNOME_DESKTOP_SESSION_ID=this-is-deprecated GTK_MODULES=gail:atk-bridge:unity-gtk-module GTK_IM_MODULE=ibus GDMSESSION=ubuntu XDG_VTNR=7 XDG_SESSION_ID=c2 GPG_AGENT_INFO=/home/ray/.gnupg/S.gpg-agent:0:1 XDG_SEAT=seat0 COMPIZ_CONFIG_PROFILE=ubuntu MANDATORY_PATH=/usr/share/gconf/ubuntu.mandatory.path LANG=en_US.UTF-8 LOGNAME=ray UNITY_HAS_3D_SUPPORT=true SESSIONTYPE=gnome-session DEFAULTS_PATH=/usr/share/gconf/ubuntu.default.path XDG_SESSION_PATH=/org/freedesktop/DisplayManager/Session0 XDG_CURRENT_DESKTOP=Unity DESKTOP_SESSION=ubuntu QT_LINUX_ACCESSIBILITY_ALWAYS_ON=1 http_proxy=http://192.168.128.1:1080/ XDG_SEAT_PATH=/org/freedesktop/DisplayManager/Seat0 GNOME_KEYRING_PID= QT_QPA_PLATFORMTHEME=appmenu-qt5 GDM_LANG=en_US UPSTART_SESSION=unix:abstract=/com/ubuntu/upstart-session/1000/1479 XDG_CONFIG_DIRS=/etc/xdg/xdg-ubuntu:/usr/share/upstart/xdg:/etc/xdg
ray           -  0.0    -      -     - -        Sl   May13   0:00 -
ray           -  0.0    -      -     - -        Sl   May13   0:00 -
ray           -  0.0    -      -     - -        Sl   May13   0:00 -
ray           -  0.0    -      -     - -        Sl   May13   0:00 -
ray           -  0.0    -      -     - -        Sl   May13   0:00 -
ray        2024  0.0  0.0 358968  6652 ?        -    May13   0:00 /usr/lib/gvfs/gvfsd-trash --spawner :1.4 /org/gtk/gvfs/exec_spaw/0 XDG_RUNTIME_DIR=/run/user/1000 XMODIFIERS=@im XDG_GREETER_DATA_DIR=/var/lib/lightdm-data/ray XDG_SESSION_TYPE=x11 DBUS_SESSION_BUS_ADDRESS=unix:abstract=/tmp/dbus-VXEQ4bkzcc,guid=e59d67ae1dacb060b61762555ebbc9a3 USER=ray XAUTHORITY=/home/ray/.Xauthority QT_IM_MODULE=ibus DBUS_STARTER_BUS_TYPE=session SHLVL=0 UPSTART_INSTANCE= GNOME_KEYRING_CONTROL= XDG_SESSION_DESKTOP=ubuntu DBUS_DEBUG_OUTPUT=1 SHELL=/bin/bash ftp_proxy=ftp://192.168.128.1:1080/ UPSTART_EVENTS=starting QT_ACCESSIBILITY=1 INSTANCE= XDG_DATA_DIRS=/usr/share/ubuntu:/usr/share/gnome:/usr/local/share:/usr/share:/var/lib/snapd/desktop LANGUAGE=en_US QT4_IM_MODULE=xim IM_CONFIG_PHASE=1 https_proxy=https://192.168.128.1:1080/ GTK2_MODULES=overlay-scrollbar JOB=xsession-init PWD=/home/ray socks_proxy=socks://192.168.128.1:1080/ HOME=/home/ray DBUS_STARTER_ADDRESS=unix:abstract=/tmp/dbus-VXEQ4bkzcc,guid=e59d67ae1dacb060b61762555ebbc9a3 CLUTTER_IM_MODULE=xim DISPLAY=:0 SSH_AUTH_SOCK=/run/user/1000/keyring/ssh UPSTART_JOB=dbus PATH=/home/ray/bin:/home/ray/.local/bin:/usr/local/sbin:/usr/local/bin:/usr/sbin:/usr/bin:/sbin:/bin:/usr/games:/usr/local/games:/snap/bin:/home/ray/gcc-arm-none-eabi-9-2019-q4-major/bin GTK_MODULES=gail:atk-bridge:unity-gtk-module GTK_IM_MODULE=ibus GDMSESSION=ubuntu XDG_VTNR=7 XDG_SESSION_ID=c2 XDG_SEAT=seat0 COMPIZ_CONFIG_PROFILE=ubuntu MANDATORY_PATH=/usr/share/gconf/ubuntu.mandatory.path LANG=en_US.UTF-8 LOGNAME=ray SESSIONTYPE=gnome-session DEFAULTS_PATH=/usr/share/gconf/ubuntu.default.path XDG_SESSION_PATH=/org/freedesktop/DisplayManager/Session0 XDG_CURRENT_DESKTOP=Unity DESKTOP_SESSION=ubuntu QT_LINUX_ACCESSIBILITY_ALWAYS_ON=1 http_proxy=http://192.168.128.1:1080/ XDG_SEAT_PATH=/org/freedesktop/DisplayManager/Seat0 GNOME_KEYRING_PID= QT_QPA_PLATFORMTHEME=appmenu-qt5 GDM_LANG=en_US UPSTART_SESSION=unix:abstract=/com/ubuntu/upstart-session/1000/1479 XDG_CONFIG_DIRS=/etc/xdg/xdg-ubuntu:/usr/share/upstart/xdg:/etc/xdg
ray           -  0.0    -      -     - -        Sl   May13   0:00 -
ray           -  0.0    -      -     - -        Sl   May13   0:00 -
ray           -  0.0    -      -     - -        Sl   May13   0:00 -
ray        2055  0.0  0.0 186500  5640 ?        -    May13   0:00 /usr/lib/gvfs/gvfsd-metadata UNITY_DEFAULT_PROFILE=unity XDG_RUNTIME_DIR=/run/user/1000 SESSION_MANAGER=local/ubuntu:@/tmp/.ICE-unix/1687,unix/ubuntu:/tmp/.ICE-unix/1687 XMODIFIERS=@im XDG_GREETER_DATA_DIR=/var/lib/lightdm-data/ray XDG_SESSION_TYPE=x11 DBUS_SESSION_BUS_ADDRESS=unix:abstract=/tmp/dbus-VXEQ4bkzcc,guid=e59d67ae1dacb060b61762555ebbc9a3 USER=ray XAUTHORITY=/home/ray/.Xauthority QT_IM_MODULE=ibus DBUS_STARTER_BUS_TYPE=session SHLVL=0 UPSTART_INSTANCE= XDG_MENU_PREFIX=gnome- GNOME_KEYRING_CONTROL= XDG_SESSION_DESKTOP=ubuntu DBUS_DEBUG_OUTPUT=1 SHELL=/bin/bash ftp_proxy=ftp://192.168.128.1:1080/ UPSTART_EVENTS=starting QT_ACCESSIBILITY=1 INSTANCE= XDG_DATA_DIRS=/usr/share/ubuntu:/usr/share/gnome:/usr/local/share:/usr/share:/var/lib/snapd/desktop LANGUAGE=en_US QT4_IM_MODULE=xim IM_CONFIG_PHASE=1 https_proxy=https://192.168.128.1:1080/ GTK2_MODULES=overlay-scrollbar JOB=xsession-init PWD=/home/ray socks_proxy=socks://192.168.128.1:1080/ HOME=/home/ray DBUS_STARTER_ADDRESS=unix:abstract=/tmp/dbus-VXEQ4bkzcc,guid=e59d67ae1dacb060b61762555ebbc9a3 CLUTTER_IM_MODULE=xim DISPLAY=:0 SSH_AUTH_SOCK=/run/user/1000/keyring/ssh UPSTART_JOB=dbus PATH=/home/ray/bin:/home/ray/.local/bin:/usr/local/sbin:/usr/local/bin:/usr/sbin:/usr/bin:/sbin:/bin:/usr/games:/usr/local/games:/snap/bin:/home/ray/gcc-arm-none-eabi-9-2019-q4-major/bin GNOME_DESKTOP_SESSION_ID=this-is-deprecated GTK_MODULES=gail:atk-bridge:unity-gtk-module GTK_IM_MODULE=ibus GDMSESSION=ubuntu XDG_VTNR=7 XDG_SESSION_ID=c2 GPG_AGENT_INFO=/home/ray/.gnupg/S.gpg-agent:0:1 XDG_SEAT=seat0 COMPIZ_CONFIG_PROFILE=ubuntu MANDATORY_PATH=/usr/share/gconf/ubuntu.mandatory.path LANG=en_US.UTF-8 LOGNAME=ray UNITY_HAS_3D_SUPPORT=true SESSIONTYPE=gnome-session DEFAULTS_PATH=/usr/share/gconf/ubuntu.default.path XDG_SESSION_PATH=/org/freedesktop/DisplayManager/Session0 XDG_CURRENT_DESKTOP=Unity DESKTOP_SESSION=ubuntu QT_LINUX_ACCESSIBILITY_ALWAYS_ON=1 http_proxy=http://192.168.128.1:1080/ XDG_SEAT_PATH=/org/freedesktop/DisplayManager/Seat0 GNOME_KEYRING_PID= QT_QPA_PLATFORMTHEME=appmenu-qt5 GDM_LANG=en_US UPSTART_SESSION=unix:abstract=/com/ubuntu/upstart-session/1000/1479 XDG_CONFIG_DIRS=/etc/xdg/xdg-ubuntu:/usr/share/upstart/xdg:/etc/xdg
ray           -  0.0    -      -     - -        Sl   May13   0:00 -
ray           -  0.0    -      -     - -        Sl   May13   0:00 -
ray           -  0.0    -      -     - -        Sl   May13   0:00 -
ray        2119  0.0  0.2 551296 16408 ?        -    May13   0:01 zeitgeist-datahub GNOME_KEYRING_PID= USER=ray LANGUAGE=en_US XDG_SEAT=seat0 XDG_SESSION_TYPE=x11 COMPIZ_CONFIG_PROFILE=ubuntu SESSION=ubuntu SHLVL=0 HOME=/home/ray QT4_IM_MODULE=xim DESKTOP_SESSION=ubuntu QT_LINUX_ACCESSIBILITY_ALWAYS_ON=1 GTK_MODULES=gail:atk-bridge:unity-gtk-module XDG_SEAT_PATH=/org/freedesktop/DisplayManager/Seat0 INSTANCE= DBUS_SESSION_BUS_ADDRESS=unix:abstract=/tmp/dbus-VXEQ4bkzcc GNOME_KEYRING_CONTROL= QT_QPA_PLATFORMTHEME=appmenu-qt5 MANDATORY_PATH=/usr/share/gconf/ubuntu.mandatory.path IM_CONFIG_PHASE=1 https_proxy=https://192.168.128.1:1080/ SESSIONTYPE=gnome-session LOGNAME=ray GTK_IM_MODULE=ibus http_proxy=http://192.168.128.1:1080/ DEFAULTS_PATH=/usr/share/gconf/ubuntu.default.path XDG_SESSION_ID=c2 socks_proxy=socks://192.168.128.1:1080/ GNOME_DESKTOP_SESSION_ID=this-is-deprecated GTK2_MODULES=overlay-scrollbar PATH=/home/ray/bin:/home/ray/.local/bin:/usr/local/sbin:/usr/local/bin:/usr/sbin:/usr/bin:/sbin:/bin:/usr/games:/usr/local/games:/snap/bin:/home/ray/gcc-arm-none-eabi-9-2019-q4-major/bin GDM_LANG=en_US XDG_SESSION_PATH=/org/freedesktop/DisplayManager/Session0 ftp_proxy=ftp://192.168.128.1:1080/ XDG_RUNTIME_DIR=/run/user/1000 DISPLAY=:0 LANG=en_US.UTF-8 XDG_CURRENT_DESKTOP=Unity XMODIFIERS=@im=ibus XDG_SESSION_DESKTOP=ubuntu XAUTHORITY=/home/ray/.Xauthority XDG_GREETER_DATA_DIR=/var/lib/lightdm-data/ray SSH_AUTH_SOCK=/run/user/1000/keyring/ssh SHELL=/bin/bash QT_ACCESSIBILITY=1 GDMSESSION=ubuntu GPG_AGENT_INFO=/home/ray/.gnupg/S.gpg-agent:0:1 UPSTART_SESSION=unix:abstract=/com/ubuntu/upstart-session/1000/1479 XDG_VTNR=7 QT_IM_MODULE=ibus PWD=/home/ray CLUTTER_IM_MODULE=xim XDG_CONFIG_DIRS=/etc/xdg/xdg-ubuntu:/usr/share/upstart/xdg:/etc/xdg XDG_DATA_DIRS=/usr/share/ubuntu:/usr/share/gnome:/usr/local/share:/usr/share:/var/lib/snapd/desktop JOB=dbus XDG_MENU_PREFIX=gnome- SESSION_MANAGER=local/ubuntu:@/tmp/.ICE-unix/1687,unix/ubuntu:/tmp/.ICE-unix/1687 DESKTOP_AUTOSTART_ID=10c6ebcd2aa21cb77c15893651595161700000016870036 GIO_LAUNCHED_DESKTOP_FILE=/etc/xdg/autostart/zeitgeist-datahub.desktop GIO_LAUNCHED_DESKTOP_FILE_PID=2119
ray           -  0.0    -      -     - -        Sl   May13   0:00 -
ray           -  0.0    -      -     - -        Sl   May13   0:01 -
ray           -  0.0    -      -     - -        Sl   May13   0:00 -
ray           -  0.0    -      -     - -        Sl   May13   0:00 -
ray           -  0.0    -      -     - -        Sl   May13   0:00 -
ray           -  0.0    -      -     - -        Sl   May13   0:00 -
ray           -  0.0    -      -     - -        Sl   May13   0:00 -
ray           -  0.0    -      -     - -        Sl   May13   0:00 -
ray           -  0.0    -      -     - -        Sl   May13   0:00 -
ray           -  0.0    -      -     - -        Sl   May13   0:00 -
ray           -  0.0    -      -     - -        Sl   May13   0:00 -
ray        2126  0.0  0.0   4504   704 ?        -    May13   0:00 /bin/sh -c /usr/lib/x86_64-linux-gnu/zeitgeist/zeitgeist-maybe-vacuum; /usr/bin/zeitgeist-daemon UNITY_DEFAULT_PROFILE=unity XDG_RUNTIME_DIR=/run/user/1000 SESSION_MANAGER=local/ubuntu:@/tmp/.ICE-unix/1687,unix/ubuntu:/tmp/.ICE-unix/1687 XMODIFIERS=@im XDG_GREETER_DATA_DIR=/var/lib/lightdm-data/ray XDG_SESSION_TYPE=x11 DBUS_SESSION_BUS_ADDRESS=unix:abstract=/tmp/dbus-VXEQ4bkzcc,guid=e59d67ae1dacb060b61762555ebbc9a3 USER=ray XAUTHORITY=/home/ray/.Xauthority QT_IM_MODULE=ibus DBUS_STARTER_BUS_TYPE=session SHLVL=0 UPSTART_INSTANCE= XDG_MENU_PREFIX=gnome- GNOME_KEYRING_CONTROL= XDG_SESSION_DESKTOP=ubuntu DBUS_DEBUG_OUTPUT=1 SHELL=/bin/bash ftp_proxy=ftp://192.168.128.1:1080/ UPSTART_EVENTS=starting QT_ACCESSIBILITY=1 INSTANCE= XDG_DATA_DIRS=/usr/share/ubuntu:/usr/share/gnome:/usr/local/share:/usr/share:/var/lib/snapd/desktop LANGUAGE=en_US QT4_IM_MODULE=xim IM_CONFIG_PHASE=1 https_proxy=https://192.168.128.1:1080/ GTK2_MODULES=overlay-scrollbar JOB=xsession-init PWD=/home/ray socks_proxy=socks://192.168.128.1:1080/ HOME=/home/ray DBUS_STARTER_ADDRESS=unix:abstract=/tmp/dbus-VXEQ4bkzcc,guid=e59d67ae1dacb060b61762555ebbc9a3 CLUTTER_IM_MODULE=xim DISPLAY=:0 SSH_AUTH_SOCK=/run/user/1000/keyring/ssh UPSTART_JOB=dbus PATH=/home/ray/bin:/home/ray/.local/bin:/usr/local/sbin:/usr/local/bin:/usr/sbin:/usr/bin:/sbin:/bin:/usr/games:/usr/local/games:/snap/bin:/home/ray/gcc-arm-none-eabi-9-2019-q4-major/bin GNOME_DESKTOP_SESSION_ID=this-is-deprecated GTK_MODULES=gail:atk-bridge:unity-gtk-module GTK_IM_MODULE=ibus GDMSESSION=ubuntu XDG_VTNR=7 XDG_SESSION_ID=c2 GPG_AGENT_INFO=/home/ray/.gnupg/S.gpg-agent:0:1 XDG_SEAT=seat0 COMPIZ_CONFIG_PROFILE=ubuntu MANDATORY_PATH=/usr/share/gconf/ubuntu.mandatory.path LANG=en_US.UTF-8 LOGNAME=ray UNITY_HAS_3D_SUPPORT=true SESSIONTYPE=gnome-session DEFAULTS_PATH=/usr/share/gconf/ubuntu.default.path XDG_SESSION_PATH=/org/freedesktop/DisplayManager/Session0 XDG_CURRENT_DESKTOP=Unity DESKTOP_SESSION=ubuntu QT_LINUX_ACCESSIBILITY_ALWAYS_ON=1 http_proxy=http://192.168.128.1:1080/ XDG_SEAT_PATH=/org/freedesktop/DisplayManager/Seat0 GNOME_KEYRING_PID= QT_QPA_PLATFORMTHEME=appmenu-qt5 GDM_LANG=en_US UPSTART_SESSION=unix:abstract=/com/ubuntu/upstart-session/1000/1479 XDG_CONFIG_DIRS=/etc/xdg/xdg-ubuntu:/usr/share/upstart/xdg:/etc/xdg
ray           -  0.0    -      -     - -        S    May13   0:00 -
ray        2130  0.0  0.0 410240  7420 ?        -    May13   0:00 /usr/bin/zeitgeist-daemon GNOME_KEYRING_PID= UNITY_DEFAULT_PROFILE=unity USER=ray UPSTART_INSTANCE= LANGUAGE=en_US UNITY_HAS_3D_SUPPORT=true XDG_SEAT=seat0 XDG_SESSION_TYPE=x11 COMPIZ_CONFIG_PROFILE=ubuntu SHLVL=0 QT4_IM_MODULE=xim HOME=/home/ray DESKTOP_SESSION=ubuntu GTK_MODULES=gail:atk-bridge:unity-gtk-module QT_LINUX_ACCESSIBILITY_ALWAYS_ON=1 XDG_SEAT_PATH=/org/freedesktop/DisplayManager/Seat0 INSTANCE= DBUS_SESSION_BUS_ADDRESS=unix:abstract=/tmp/dbus-VXEQ4bkzcc,guid=e59d67ae1dacb060b61762555ebbc9a3 DBUS_STARTER_BUS_TYPE=session GNOME_KEYRING_CONTROL= IM_CONFIG_PHASE=1 https_proxy=https://192.168.128.1:1080/ UPSTART_JOB=dbus MANDATORY_PATH=/usr/share/gconf/ubuntu.mandatory.path SESSIONTYPE=gnome-session QT_QPA_PLATFORMTHEME=appmenu-qt5 GTK_IM_MODULE=ibus LOGNAME=ray http_proxy=http://192.168.128.1:1080/ DEFAULTS_PATH=/usr/share/gconf/ubuntu.default.path DBUS_DEBUG_OUTPUT=1 socks_proxy=socks://192.168.128.1:1080/ XDG_SESSION_ID=c2 GNOME_DESKTOP_SESSION_ID=this-is-deprecated GTK2_MODULES=overlay-scrollbar PATH=/home/ray/bin:/home/ray/.local/bin:/usr/local/sbin:/usr/local/bin:/usr/sbin:/usr/bin:/sbin:/bin:/usr/games:/usr/local/games:/snap/bin:/home/ray/gcc-arm-none-eabi-9-2019-q4-major/bin SESSION_MANAGER=local/ubuntu:@/tmp/.ICE-unix/1687,unix/ubuntu:/tmp/.ICE-unix/1687 GDM_LANG=en_US XDG_RUNTIME_DIR=/run/user/1000 XDG_MENU_PREFIX=gnome- ftp_proxy=ftp://192.168.128.1:1080/ XDG_SESSION_PATH=/org/freedesktop/DisplayManager/Session0 DISPLAY=:0 LANG=en_US.UTF-8 XDG_CURRENT_DESKTOP=Unity XMODIFIERS=@im XAUTHORITY=/home/ray/.Xauthority XDG_SESSION_DESKTOP=ubuntu XDG_GREETER_DATA_DIR=/var/lib/lightdm-data/ray SSH_AUTH_SOCK=/run/user/1000/keyring/ssh SHELL=/bin/bash QT_ACCESSIBILITY=1 GDMSESSION=ubuntu UPSTART_EVENTS=starting GPG_AGENT_INFO=/home/ray/.gnupg/S.gpg-agent:0:1 UPSTART_SESSION=unix:abstract=/com/ubuntu/upstart-session/1000/1479 QT_IM_MODULE=ibus XDG_VTNR=7 PWD=/ XDG_DATA_DIRS=/usr/share/ubuntu:/usr/share/gnome:/usr/local/share:/usr/share:/var/lib/snapd/desktop DBUS_STARTER_ADDRESS=unix:abstract=/tmp/dbus-VXEQ4bkzcc,guid=e59d67ae1dacb060b61762555ebbc9a3 CLUTTER_IM_MODULE=xim XDG_CONFIG_DIRS=/etc/xdg/xdg-ubuntu:/usr/share/upstart/xdg:/etc/xdg JOB=xsession-init
ray           -  0.0    -      -     - -        Sl   May13   0:00 -
ray           -  0.0    -      -     - -        Sl   May13   0:00 -
ray           -  0.0    -      -     - -        Sl   May13   0:00 -
ray        2137  0.0  0.1 317224 15244 ?        -    May13   0:00 /usr/lib/x86_64-linux-gnu/zeitgeist-fts UNITY_DEFAULT_PROFILE=unity XDG_RUNTIME_DIR=/run/user/1000 SESSION_MANAGER=local/ubuntu:@/tmp/.ICE-unix/1687,unix/ubuntu:/tmp/.ICE-unix/1687 XMODIFIERS=@im XDG_GREETER_DATA_DIR=/var/lib/lightdm-data/ray XDG_SESSION_TYPE=x11 DBUS_SESSION_BUS_ADDRESS=unix:abstract=/tmp/dbus-VXEQ4bkzcc,guid=e59d67ae1dacb060b61762555ebbc9a3 USER=ray XAUTHORITY=/home/ray/.Xauthority QT_IM_MODULE=ibus DBUS_STARTER_BUS_TYPE=session SHLVL=0 UPSTART_INSTANCE= XDG_MENU_PREFIX=gnome- GNOME_KEYRING_CONTROL= XDG_SESSION_DESKTOP=ubuntu DBUS_DEBUG_OUTPUT=1 SHELL=/bin/bash ZEITGEIST_DATA_PATH=/home/ray/.local/share/zeitgeist ftp_proxy=ftp://192.168.128.1:1080/ UPSTART_EVENTS=starting QT_ACCESSIBILITY=1 INSTANCE= XDG_DATA_DIRS=/usr/share/ubuntu:/usr/share/gnome:/usr/local/share:/usr/share:/var/lib/snapd/desktop LANGUAGE=en_US QT4_IM_MODULE=xim IM_CONFIG_PHASE=1 https_proxy=https://192.168.128.1:1080/ GTK2_MODULES=overlay-scrollbar JOB=xsession-init PWD=/home/ray socks_proxy=socks://192.168.128.1:1080/ HOME=/home/ray DBUS_STARTER_ADDRESS=unix:abstract=/tmp/dbus-VXEQ4bkzcc,guid=e59d67ae1dacb060b61762555ebbc9a3 CLUTTER_IM_MODULE=xim DISPLAY=:0 SSH_AUTH_SOCK=/run/user/1000/keyring/ssh UPSTART_JOB=dbus PATH=/home/ray/bin:/home/ray/.local/bin:/usr/local/sbin:/usr/local/bin:/usr/sbin:/usr/bin:/sbin:/bin:/usr/games:/usr/local/games:/snap/bin:/home/ray/gcc-arm-none-eabi-9-2019-q4-major/bin GNOME_DESKTOP_SESSION_ID=this-is-deprecated GTK_MODULES=gail:atk-bridge:unity-gtk-module GTK_IM_MODULE=ibus GDMSESSION=ubuntu XDG_VTNR=7 XDG_SESSION_ID=c2 GPG_AGENT_INFO=/home/ray/.gnupg/S.gpg-agent:0:1 XDG_SEAT=seat0 COMPIZ_CONFIG_PROFILE=ubuntu MANDATORY_PATH=/usr/share/gconf/ubuntu.mandatory.path LANG=en_US.UTF-8 LOGNAME=ray UNITY_HAS_3D_SUPPORT=true SESSIONTYPE=gnome-session DEFAULTS_PATH=/usr/share/gconf/ubuntu.default.path XDG_SESSION_PATH=/org/freedesktop/DisplayManager/Session0 XDG_CURRENT_DESKTOP=Unity DESKTOP_SESSION=ubuntu QT_LINUX_ACCESSIBILITY_ALWAYS_ON=1 http_proxy=http://192.168.128.1:1080/ XDG_SEAT_PATH=/org/freedesktop/DisplayManager/Seat0 GNOME_KEYRING_PID= QT_QPA_PLATFORMTHEME=appmenu-qt5 GDM_LANG=en_US UPSTART_SESSION=unix:abstract=/com/ubuntu/upstart-session/1000/1479 XDG_CONFIG_DIRS=/etc/xdg/xdg-ubuntu:/usr/share/upstart/xdg:/etc/xdg
ray           -  0.0    -      -     - -        Sl   May13   0:00 -
ray           -  0.0    -      -     - -        Sl   May13   0:00 -
ray           -  0.0    -      -     - -        Sl   May13   0:00 -
ray        2362  0.1  0.5 667772 42124 ?        -    May13   2:08 /usr/lib/gnome-terminal/gnome-terminal-server UNITY_DEFAULT_PROFILE=unity XDG_RUNTIME_DIR=/run/user/1000 SESSION_MANAGER=local/ubuntu:@/tmp/.ICE-unix/1687,unix/ubuntu:/tmp/.ICE-unix/1687 XMODIFIERS=@im XDG_GREETER_DATA_DIR=/var/lib/lightdm-data/ray XDG_SESSION_TYPE=x11 DBUS_SESSION_BUS_ADDRESS=unix:abstract=/tmp/dbus-VXEQ4bkzcc,guid=e59d67ae1dacb060b61762555ebbc9a3 USER=ray XAUTHORITY=/home/ray/.Xauthority QT_IM_MODULE=ibus DBUS_STARTER_BUS_TYPE=session SHLVL=0 UPSTART_INSTANCE= XDG_MENU_PREFIX=gnome- GNOME_KEYRING_CONTROL= XDG_SESSION_DESKTOP=ubuntu DBUS_DEBUG_OUTPUT=1 SHELL=/bin/bash ZEITGEIST_DATA_PATH=/home/ray/.local/share/zeitgeist ftp_proxy=ftp://192.168.128.1:1080/ UPSTART_EVENTS=starting QT_ACCESSIBILITY=1 INSTANCE= XDG_DATA_DIRS=/usr/share/ubuntu:/usr/share/gnome:/usr/local/share:/usr/share:/var/lib/snapd/desktop LANGUAGE=en_US QT4_IM_MODULE=xim IM_CONFIG_PHASE=1 https_proxy=https://192.168.128.1:1080/ GTK2_MODULES=overlay-scrollbar JOB=xsession-init PWD=/home/ray socks_proxy=socks://192.168.128.1:1080/ HOME=/home/ray DBUS_STARTER_ADDRESS=unix:abstract=/tmp/dbus-VXEQ4bkzcc,guid=e59d67ae1dacb060b61762555ebbc9a3 CLUTTER_IM_MODULE=xim DISPLAY=:0 SSH_AUTH_SOCK=/run/user/1000/keyring/ssh UPSTART_JOB=dbus PATH=/home/ray/bin:/home/ray/.local/bin:/usr/local/sbin:/usr/local/bin:/usr/sbin:/usr/bin:/sbin:/bin:/usr/games:/usr/local/games:/snap/bin:/home/ray/gcc-arm-none-eabi-9-2019-q4-major/bin GNOME_DESKTOP_SESSION_ID=this-is-deprecated GTK_MODULES=gail:atk-bridge:unity-gtk-module GTK_IM_MODULE=ibus GDMSESSION=ubuntu XDG_VTNR=7 XDG_SESSION_ID=c2 GPG_AGENT_INFO=/home/ray/.gnupg/S.gpg-agent:0:1 XDG_SEAT=seat0 COMPIZ_CONFIG_PROFILE=ubuntu MANDATORY_PATH=/usr/share/gconf/ubuntu.mandatory.path LANG=en_US.UTF-8 LOGNAME=ray UNITY_HAS_3D_SUPPORT=true SESSIONTYPE=gnome-session DEFAULTS_PATH=/usr/share/gconf/ubuntu.default.path XDG_SESSION_PATH=/org/freedesktop/DisplayManager/Session0 XDG_CURRENT_DESKTOP=Unity DESKTOP_SESSION=ubuntu QT_LINUX_ACCESSIBILITY_ALWAYS_ON=1 http_proxy=http://192.168.128.1:1080/ XDG_SEAT_PATH=/org/freedesktop/DisplayManager/Seat0 GNOME_KEYRING_PID= QT_QPA_PLATFORMTHEME=appmenu-qt5 GDM_LANG=en_US UPSTART_SESSION=unix:abstract=/com/ubuntu/upstart-session/1000/1479 XDG_CONFIG_DIRS=/etc/xdg/xdg-ubuntu:/usr/share/upstart/xdg:/etc/xdg
ray           -  0.1    -      -     - -        Sl   May13   2:06 -
ray           -  0.0    -      -     - -        Sl   May13   0:00 -
ray           -  0.0    -      -     - -        Sl   May13   0:00 -
ray           -  0.0    -      -     - -        Sl   May13   0:01 -
ray        2369  0.0  0.0  23568  6364 pts/18   -    May13   0:00 bash XDG_SEAT=seat0 XDG_SESSION_ID=c2 XDG_SESSION_TYPE=x11 QT_LINUX_ACCESSIBILITY_ALWAYS_ON=1 DISPLAY=:0 UPSTART_JOB=unity-settings-daemon JOB=gnome-session GNOME_KEYRING_CONTROL= GNOME_DESKTOP_SESSION_ID=this-is-deprecated DEFAULTS_PATH=/usr/share/gconf/ubuntu.default.path QT_QPA_PLATFORMTHEME=appmenu-qt5 LOGNAME=ray ALL_PROXY=socks://192.168.128.1:1080/ INSTANCE=Unity SHELL=/bin/bash PATH=/home/ray/bin:/home/ray/.local/bin:/usr/local/sbin:/usr/local/bin:/usr/sbin:/usr/bin:/sbin:/bin:/usr/games:/usr/local/games:/snap/bin:/home/ray/gcc-arm-none-eabi-9-2019-q4-major/bin ftp_proxy=ftp://192.168.128.1:1080/ IM_CONFIG_PHASE=1 QT4_IM_MODULE=xim CLUTTER_IM_MODULE=xim XMODIFIERS=@im=ibus XDG_SESSION_PATH=/org/freedesktop/DisplayManager/Session0 SSH_AUTH_SOCK=/run/user/1000/keyring/ssh XAUTHORITY=/home/ray/.Xauthority XDG_SESSION_DESKTOP=ubuntu GDMSESSION=ubuntu UPSTART_EVENTS=started starting QT_IM_MODULE=ibus XDG_CONFIG_DIRS=/etc/xdg/xdg-ubuntu:/usr/share/upstart/xdg:/etc/xdg MANDATORY_PATH=/usr/share/gconf/ubuntu.mandatory.path UPSTART_SESSION=unix:abstract=/com/ubuntu/upstart-session/1000/1479 DESKTOP_SESSION=ubuntu no_proxy=localhost,127.0.0.0/8,::1 https_proxy=https://192.168.128.1:1080/ GTK_IM_MODULE=ibus XDG_RUNTIME_DIR=/run/user/1000 GTK_MODULES=gail:atk-bridge:unity-gtk-module USER=ray PWD=/home/ray VTE_VERSION=4205 UPSTART_INSTANCE= HOME=/home/ray QT_ACCESSIBILITY=1 XDG_SEAT_PATH=/org/freedesktop/DisplayManager/Seat0 XDG_DATA_DIRS=/usr/share/ubuntu:/usr/share/gnome:/usr/local/share:/usr/share:/var/lib/snapd/desktop LANGUAGE=en_US COMPIZ_CONFIG_PROFILE=ubuntu socks_proxy=socks://192.168.128.1:1080/ XDG_GREETER_DATA_DIR=/var/lib/lightdm-data/ray LANG=en_US.UTF-8 GTK2_MODULES=overlay-scrollbar all_proxy=socks://192.168.128.1:1080/ GPG_AGENT_INFO=/home/ray/.gnupg/S.gpg-agent:0:1 SHLVL=0 WINDOWID=65011722 XDG_VTNR=7 GDM_LANG=en_US SESSIONTYPE=gnome-session DBUS_SESSION_BUS_ADDRESS=unix:abstract=/tmp/dbus-VXEQ4bkzcc XDG_CURRENT_DESKTOP=Unity TERM=xterm-256color GNOME_KEYRING_PID= NO_PROXY=localhost,127.0.0.0/8,::1 http_proxy=http://192.168.128.1:1080/
ray           -  0.0    -      -     - -        Ss   May13   0:00 -
ray        2536  0.0  0.3 524028 24636 ?        -    May13   0:02 update-notifier GNOME_KEYRING_PID= USER=ray LANGUAGE=en_US XDG_SEAT=seat0 XDG_SESSION_TYPE=x11 COMPIZ_CONFIG_PROFILE=ubuntu SESSION=ubuntu SHLVL=0 HOME=/home/ray QT4_IM_MODULE=xim DESKTOP_SESSION=ubuntu QT_LINUX_ACCESSIBILITY_ALWAYS_ON=1 GTK_MODULES=gail:atk-bridge:unity-gtk-module XDG_SEAT_PATH=/org/freedesktop/DisplayManager/Seat0 INSTANCE= DBUS_SESSION_BUS_ADDRESS=unix:abstract=/tmp/dbus-VXEQ4bkzcc GNOME_KEYRING_CONTROL= QT_QPA_PLATFORMTHEME=appmenu-qt5 MANDATORY_PATH=/usr/share/gconf/ubuntu.mandatory.path IM_CONFIG_PHASE=1 https_proxy=https://192.168.128.1:1080/ SESSIONTYPE=gnome-session LOGNAME=ray GTK_IM_MODULE=ibus http_proxy=http://192.168.128.1:1080/ DEFAULTS_PATH=/usr/share/gconf/ubuntu.default.path XDG_SESSION_ID=c2 socks_proxy=socks://192.168.128.1:1080/ GNOME_DESKTOP_SESSION_ID=this-is-deprecated GTK2_MODULES=overlay-scrollbar PATH=/home/ray/bin:/home/ray/.local/bin:/usr/local/sbin:/usr/local/bin:/usr/sbin:/usr/bin:/sbin:/bin:/usr/games:/usr/local/games:/snap/bin:/home/ray/gcc-arm-none-eabi-9-2019-q4-major/bin GDM_LANG=en_US XDG_SESSION_PATH=/org/freedesktop/DisplayManager/Session0 ftp_proxy=ftp://192.168.128.1:1080/ XDG_RUNTIME_DIR=/run/user/1000 DISPLAY=:0 LANG=en_US.UTF-8 XDG_CURRENT_DESKTOP=Unity XMODIFIERS=@im=ibus XDG_SESSION_DESKTOP=ubuntu XAUTHORITY=/home/ray/.Xauthority XDG_GREETER_DATA_DIR=/var/lib/lightdm-data/ray SSH_AUTH_SOCK=/run/user/1000/keyring/ssh SHELL=/bin/bash QT_ACCESSIBILITY=1 GDMSESSION=ubuntu GPG_AGENT_INFO=/home/ray/.gnupg/S.gpg-agent:0:1 UPSTART_SESSION=unix:abstract=/com/ubuntu/upstart-session/1000/1479 XDG_VTNR=7 QT_IM_MODULE=ibus PWD=/home/ray CLUTTER_IM_MODULE=xim XDG_CONFIG_DIRS=/etc/xdg/xdg-ubuntu:/usr/share/upstart/xdg:/etc/xdg XDG_DATA_DIRS=/usr/share/ubuntu:/usr/share/gnome:/usr/local/share:/usr/share:/var/lib/snapd/desktop JOB=dbus XDG_MENU_PREFIX=gnome- SESSION_MANAGER=local/ubuntu:@/tmp/.ICE-unix/1687,unix/ubuntu:/tmp/.ICE-unix/1687 DESKTOP_AUTOSTART_ID=10c6ebcd2aa21cb77c15893651594210200000016870021 GIO_LAUNCHED_DESKTOP_FILE=/etc/xdg/autostart/update-notifier.desktop GIO_LAUNCHED_DESKTOP_FILE_PID=2536
ray           -  0.0    -      -     - -        Sl   May13   0:00 -
ray           -  0.0    -      -     - -        Sl   May13   0:00 -
ray           -  0.0    -      -     - -        Sl   May13   0:01 -
ray           -  0.0    -      -     - -        Sl   May13   0:00 -
ray        3221  0.0  0.0 426668  6628 ?        -    May13   0:00 /usr/lib/gvfs/gvfsd-network --spawner :1.4 /org/gtk/gvfs/exec_spaw/1 XDG_RUNTIME_DIR=/run/user/1000 XMODIFIERS=@im XDG_GREETER_DATA_DIR=/var/lib/lightdm-data/ray XDG_SESSION_TYPE=x11 DBUS_SESSION_BUS_ADDRESS=unix:abstract=/tmp/dbus-VXEQ4bkzcc,guid=e59d67ae1dacb060b61762555ebbc9a3 USER=ray XAUTHORITY=/home/ray/.Xauthority QT_IM_MODULE=ibus DBUS_STARTER_BUS_TYPE=session SHLVL=0 UPSTART_INSTANCE= GNOME_KEYRING_CONTROL= XDG_SESSION_DESKTOP=ubuntu DBUS_DEBUG_OUTPUT=1 SHELL=/bin/bash ftp_proxy=ftp://192.168.128.1:1080/ UPSTART_EVENTS=starting QT_ACCESSIBILITY=1 INSTANCE= XDG_DATA_DIRS=/usr/share/ubuntu:/usr/share/gnome:/usr/local/share:/usr/share:/var/lib/snapd/desktop LANGUAGE=en_US QT4_IM_MODULE=xim IM_CONFIG_PHASE=1 https_proxy=https://192.168.128.1:1080/ GTK2_MODULES=overlay-scrollbar JOB=xsession-init PWD=/home/ray socks_proxy=socks://192.168.128.1:1080/ HOME=/home/ray DBUS_STARTER_ADDRESS=unix:abstract=/tmp/dbus-VXEQ4bkzcc,guid=e59d67ae1dacb060b61762555ebbc9a3 CLUTTER_IM_MODULE=xim DISPLAY=:0 SSH_AUTH_SOCK=/run/user/1000/keyring/ssh UPSTART_JOB=dbus PATH=/home/ray/bin:/home/ray/.local/bin:/usr/local/sbin:/usr/local/bin:/usr/sbin:/usr/bin:/sbin:/bin:/usr/games:/usr/local/games:/snap/bin:/home/ray/gcc-arm-none-eabi-9-2019-q4-major/bin GTK_MODULES=gail:atk-bridge:unity-gtk-module GTK_IM_MODULE=ibus GDMSESSION=ubuntu XDG_VTNR=7 XDG_SESSION_ID=c2 XDG_SEAT=seat0 COMPIZ_CONFIG_PROFILE=ubuntu MANDATORY_PATH=/usr/share/gconf/ubuntu.mandatory.path LANG=en_US.UTF-8 LOGNAME=ray SESSIONTYPE=gnome-session DEFAULTS_PATH=/usr/share/gconf/ubuntu.default.path XDG_SESSION_PATH=/org/freedesktop/DisplayManager/Session0 XDG_CURRENT_DESKTOP=Unity DESKTOP_SESSION=ubuntu QT_LINUX_ACCESSIBILITY_ALWAYS_ON=1 http_proxy=http://192.168.128.1:1080/ XDG_SEAT_PATH=/org/freedesktop/DisplayManager/Seat0 GNOME_KEYRING_PID= QT_QPA_PLATFORMTHEME=appmenu-qt5 GDM_LANG=en_US UPSTART_SESSION=unix:abstract=/com/ubuntu/upstart-session/1000/1479 XDG_CONFIG_DIRS=/etc/xdg/xdg-ubuntu:/usr/share/upstart/xdg:/etc/xdg
ray           -  0.0    -      -     - -        Sl   May13   0:00 -
ray           -  0.0    -      -     - -        Sl   May13   0:00 -
ray           -  0.0    -      -     - -        Sl   May13   0:00 -
ray           -  0.0    -      -     - -        Sl   May13   0:00 -
ray        4023  0.0  0.0 361716  6712 ?        -    May13   0:00 /usr/lib/gvfs/gvfsd-dnssd --spawner :1.4 /org/gtk/gvfs/exec_spaw/7 XDG_RUNTIME_DIR=/run/user/1000 XMODIFIERS=@im XDG_GREETER_DATA_DIR=/var/lib/lightdm-data/ray XDG_SESSION_TYPE=x11 DBUS_SESSION_BUS_ADDRESS=unix:abstract=/tmp/dbus-VXEQ4bkzcc,guid=e59d67ae1dacb060b61762555ebbc9a3 USER=ray XAUTHORITY=/home/ray/.Xauthority QT_IM_MODULE=ibus DBUS_STARTER_BUS_TYPE=session SHLVL=0 UPSTART_INSTANCE= GNOME_KEYRING_CONTROL= XDG_SESSION_DESKTOP=ubuntu DBUS_DEBUG_OUTPUT=1 SHELL=/bin/bash ftp_proxy=ftp://192.168.128.1:1080/ UPSTART_EVENTS=starting QT_ACCESSIBILITY=1 INSTANCE= XDG_DATA_DIRS=/usr/share/ubuntu:/usr/share/gnome:/usr/local/share:/usr/share:/var/lib/snapd/desktop LANGUAGE=en_US QT4_IM_MODULE=xim IM_CONFIG_PHASE=1 https_proxy=https://192.168.128.1:1080/ GTK2_MODULES=overlay-scrollbar JOB=xsession-init PWD=/home/ray socks_proxy=socks://192.168.128.1:1080/ HOME=/home/ray DBUS_STARTER_ADDRESS=unix:abstract=/tmp/dbus-VXEQ4bkzcc,guid=e59d67ae1dacb060b61762555ebbc9a3 CLUTTER_IM_MODULE=xim DISPLAY=:0 SSH_AUTH_SOCK=/run/user/1000/keyring/ssh UPSTART_JOB=dbus PATH=/home/ray/bin:/home/ray/.local/bin:/usr/local/sbin:/usr/local/bin:/usr/sbin:/usr/bin:/sbin:/bin:/usr/games:/usr/local/games:/snap/bin:/home/ray/gcc-arm-none-eabi-9-2019-q4-major/bin GTK_MODULES=gail:atk-bridge:unity-gtk-module GTK_IM_MODULE=ibus GDMSESSION=ubuntu XDG_VTNR=7 XDG_SESSION_ID=c2 XDG_SEAT=seat0 COMPIZ_CONFIG_PROFILE=ubuntu MANDATORY_PATH=/usr/share/gconf/ubuntu.mandatory.path LANG=en_US.UTF-8 LOGNAME=ray SESSIONTYPE=gnome-session DEFAULTS_PATH=/usr/share/gconf/ubuntu.default.path XDG_SESSION_PATH=/org/freedesktop/DisplayManager/Session0 XDG_CURRENT_DESKTOP=Unity DESKTOP_SESSION=ubuntu QT_LINUX_ACCESSIBILITY_ALWAYS_ON=1 http_proxy=http://192.168.128.1:1080/ XDG_SEAT_PATH=/org/freedesktop/DisplayManager/Seat0 GNOME_KEYRING_PID= QT_QPA_PLATFORMTHEME=appmenu-qt5 GDM_LANG=en_US UPSTART_SESSION=unix:abstract=/com/ubuntu/upstart-session/1000/1479 XDG_CONFIG_DIRS=/etc/xdg/xdg-ubuntu:/usr/share/upstart/xdg:/etc/xdg
ray           -  0.0    -      -     - -        Sl   May13   0:00 -
ray           -  0.0    -      -     - -        Sl   May13   0:00 -
ray           -  0.0    -      -     - -        Sl   May13   0:00 -
ray        4715  0.0  0.0 435448  6992 ?        -    May13   0:00 /usr/lib/x86_64-linux-gnu/deja-dup/deja-dup-monitor GNOME_KEYRING_PID= USER=ray LANGUAGE=en_US XDG_SEAT=seat0 XDG_SESSION_TYPE=x11 COMPIZ_CONFIG_PROFILE=ubuntu SESSION=ubuntu SHLVL=0 HOME=/home/ray QT4_IM_MODULE=xim DESKTOP_SESSION=ubuntu QT_LINUX_ACCESSIBILITY_ALWAYS_ON=1 GTK_MODULES=gail:atk-bridge:unity-gtk-module XDG_SEAT_PATH=/org/freedesktop/DisplayManager/Seat0 INSTANCE= DBUS_SESSION_BUS_ADDRESS=unix:abstract=/tmp/dbus-VXEQ4bkzcc GNOME_KEYRING_CONTROL= QT_QPA_PLATFORMTHEME=appmenu-qt5 MANDATORY_PATH=/usr/share/gconf/ubuntu.mandatory.path IM_CONFIG_PHASE=1 https_proxy=https://192.168.128.1:1080/ SESSIONTYPE=gnome-session LOGNAME=ray GTK_IM_MODULE=ibus http_proxy=http://192.168.128.1:1080/ DEFAULTS_PATH=/usr/share/gconf/ubuntu.default.path XDG_SESSION_ID=c2 socks_proxy=socks://192.168.128.1:1080/ GNOME_DESKTOP_SESSION_ID=this-is-deprecated GTK2_MODULES=overlay-scrollbar PATH=/home/ray/bin:/home/ray/.local/bin:/usr/local/sbin:/usr/local/bin:/usr/sbin:/usr/bin:/sbin:/bin:/usr/games:/usr/local/games:/snap/bin:/home/ray/gcc-arm-none-eabi-9-2019-q4-major/bin GDM_LANG=en_US XDG_SESSION_PATH=/org/freedesktop/DisplayManager/Session0 ftp_proxy=ftp://192.168.128.1:1080/ XDG_RUNTIME_DIR=/run/user/1000 DISPLAY=:0 LANG=en_US.UTF-8 XDG_CURRENT_DESKTOP=Unity XMODIFIERS=@im=ibus XDG_SESSION_DESKTOP=ubuntu XAUTHORITY=/home/ray/.Xauthority XDG_GREETER_DATA_DIR=/var/lib/lightdm-data/ray SSH_AUTH_SOCK=/run/user/1000/keyring/ssh SHELL=/bin/bash QT_ACCESSIBILITY=1 GDMSESSION=ubuntu GPG_AGENT_INFO=/home/ray/.gnupg/S.gpg-agent:0:1 UPSTART_SESSION=unix:abstract=/com/ubuntu/upstart-session/1000/1479 XDG_VTNR=7 QT_IM_MODULE=ibus PWD=/home/ray CLUTTER_IM_MODULE=xim XDG_CONFIG_DIRS=/etc/xdg/xdg-ubuntu:/usr/share/upstart/xdg:/etc/xdg XDG_DATA_DIRS=/usr/share/ubuntu:/usr/share/gnome:/usr/local/share:/usr/share:/var/lib/snapd/desktop JOB=dbus XDG_MENU_PREFIX=gnome- SESSION_MANAGER=local/ubuntu:@/tmp/.ICE-unix/1687,unix/ubuntu:/tmp/.ICE-unix/1687 DESKTOP_AUTOSTART_ID=10c6ebcd2aa21cb77c15893651595033700000016870034 GIO_LAUNCHED_DESKTOP_FILE=/etc/xdg/autostart/deja-dup-monitor.desktop GIO_LAUNCHED_DESKTOP_FILE_PID=4715
ray           -  0.0    -      -     - -        Sl   May13   0:00 -
ray           -  0.0    -      -     - -        Sl   May13   0:00 -
ray           -  0.0    -      -     - -        Sl   May13   0:00 -
ray           -  0.0    -      -     - -        Sl   May13   0:00 -
ray        9250  0.8  1.3 309816 106776 ?       -    15:44   4:02 /usr/local/bin/python3 /home/ray/.vscode/extensions/ms-python.python-2020.5.78807/pythonFiles/pyvsc-run-isolated.py /home/ray/.vscode/extensions/ms-python.python-2020.5.78807/pythonFiles/completion.py ELECTRON_RUN_AS_NODE=1 XDG_VTNR=7 XDG_SESSION_ID=c2 CLUTTER_IM_MODULE=xim XDG_GREETER_DATA_DIR=/var/lib/lightdm-data/ray VIRTUALENVWRAPPER_SCRIPT=/usr/share/virtualenvwrapper/virtualenvwrapper.sh VIRTUALENVWRAPPER_PROJECT_FILENAME=.project GPG_AGENT_INFO=/home/ray/.gnupg/S.gpg-agent:0:1 SHELL=/bin/bash VTE_VERSION=4205 TERM=xterm-256color QT_LINUX_ACCESSIBILITY_ALWAYS_ON=1 WINDOWID=65129183 GNOME_KEYRING_CONTROL= UPSTART_SESSION=unix:abstract=/com/ubuntu/upstart-session/1000/1479 GTK_MODULES=gail:atk-bridge:unity-gtk-module NO_PROXY=localhost,127.0.0.0/8,::1 USER=ray http_proxy=http://192.168.128.1:1080/ QT_ACCESSIBILITY=1 LS_COLORS=rs=0:di=01;34:ln=01;36:mh=00:pi=40;33:so=01;35:do=01;35:bd=40;33;01:cd=40;33;01:or=40;31;01:mi=00:su=37;41:sg=30;43:ca=30;41:tw=30;42:ow=34;42:st=37;44:ex=01;32:*.tar=01;31:*.tgz=01;31:*.arc=01;31:*.arj=01;31:*.taz=01;31:*.lha=01;31:*.lz4=01;31:*.lzh=01;31:*.lzma=01;31:*.tlz=01;31:*.txz=01;31:*.tzo=01;31:*.t7z=01;31:*.zip=01;31:*.z=01;31:*.Z=01;31:*.dz=01;31:*.gz=01;31:*.lrz=01;31:*.lz=01;31:*.lzo=01;31:*.xz=01;31:*.bz2=01;31:*.bz=01;31:*.tbz=01;31:*.tbz2=01;31:*.tz=01;31:*.deb=01;31:*.rpm=01;31:*.jar=01;31:*.war=01;31:*.ear=01;31:*.sar=01;31:*.rar=01;31:*.alz=01;31:*.ace=01;31:*.zoo=01;31:*.cpio=01;31:*.7z=01;31:*.rz=01;31:*.cab=01;31:*.jpg=01;35:*.jpeg=01;35:*.gif=01;35:*.bmp=01;35:*.pbm=01;35:*.pgm=01;35:*.ppm=01;35:*.tga=01;35:*.xbm=01;35:*.xpm=01;35:*.tif=01;35:*.tiff=01;35:*.png=01;35:*.svg=01;35:*.svgz=01;35:*.mng=01;35:*.pcx=01;35:*.mov=01;35:*.mpg=01;35:*.mpeg=01;35:*.m2v=01;35:*.mkv=01;35:*.webm=01;35:*.ogm=01;35:*.mp4=01;35:*.m4v=01;35:*.mp4v=01;35:*.vob=01;35:*.qt=01;35:*.nuv=01;35:*.wmv=01;35:*.asf=01;35:*.rm=01;35:*.rmvb=01;35:*.flc=01;35:*.avi=01;35:*.fli=01;35:*.flv=01;35:*.gl=01;35:*.dl=01;35:*.xcf=01;35:*.xwd=01;35:*.yuv=01;35:*.cgm=01;35:*.emf=01;35:*.ogv=01;35:*.ogx=01;35:*.aac=00;36:*.au=00;36:*.flac=00;36:*.m4a=00;36:*.mid=00;36:*.midi=00;36:*.mka=00;36:*.mp3=00;36:*.mpc=00;36:*.ogg=00;36:*.ra=00;36:*.wav=00;36:*.oga=00;36:*.opus=00;36:*.spx=00;36:*.xspf=00;36: XDG_SESSION_PATH=/org/freedesktop/DisplayManager/Session0 XDG_SEAT_PATH=/org/freedesktop/DisplayManager/Seat0 SSH_AUTH_SOCK=/run/user/1000/keyring/ssh ftp_proxy=ftp://192.168.128.1:1080/ DEFAULTS_PATH=/usr/share/gconf/ubuntu.default.path WORKON_HOME=/home/ray/.virtualenvs XDG_CONFIG_DIRS=/etc/xdg/xdg-ubuntu:/usr/share/upstart/xdg:/etc/xdg ALL_PROXY=socks://192.168.128.1:1080/ all_proxy=socks://192.168.128.1:1080/ DESKTOP_SESSION=ubuntu QT_QPA_PLATFORMTHEME=appmenu-qt5 QT_IM_MODULE=ibus VIRTUALENVWRAPPER_HOOK_DIR=/home/ray/.virtualenvs XDG_SESSION_TYPE=x11 JOB=gnome-session PWD=/home/ray XMODIFIERS=@im=ibus socks_proxy=socks://192.168.128.1:1080/ LANG=en_US.UTF-8 GNOME_KEYRING_PID= MANDATORY_PATH=/usr/share/gconf/ubuntu.mandatory.path GDM_LANG=en_US IM_CONFIG_PHASE=1 COMPIZ_CONFIG_PROFILE=ubuntu GDMSESSION=ubuntu https_proxy=https://192.168.128.1:1080/ GTK2_MODULES=overlay-scrollbar SESSIONTYPE=gnome-session XDG_SEAT=seat0 HOME=/home/ray SHLVL=2 LANGUAGE=en_US _VIRTUALENVWRAPPER_API= mkvirtualenv rmvirtualenv lsvirtualenv showvirtualenv workon add2virtualenv cdsitepackages cdvirtualenv lssitepackages toggleglobalsitepackages cpvirtualenv setvirtualenvproject mkproject cdproject mktmpenv GNOME_DESKTOP_SESSION_ID=this-is-deprecated no_proxy=localhost,127.0.0.0/8,::1 UPSTART_INSTANCE= LOGNAME=ray XDG_SESSION_DESKTOP=ubuntu UPSTART_EVENTS=started starting QT4_IM_MODULE=xim XDG_DATA_DIRS=/usr/share/ubuntu:/usr/share/gnome:/usr/local/share:/usr/share:/var/lib/snapd/desktop DBUS_SESSION_BUS_ADDRESS=unix:abstract=/tmp/dbus-VXEQ4bkzcc LESSOPEN=| /usr/bin/lesspipe %s VIRTUALENVWRAPPER_WORKON_CD=1 UPSTART_JOB=unity-settings-daemon INSTANCE=Unity DISPLAY=:0 XDG_RUNTIME_DIR=/run/user/1000 GTK_IM_MODULE=ibus XDG_CURRENT_DESKTOP=Unity LESSCLOSE=/usr/bin/lesspipe %s %s XAUTHORITY=/home/ray/.Xauthority _=/usr/share/code/bin/../code APPLICATION_INSIGHTS_NO_DIAGNOSTIC_CHANNEL=true VSCODE_CLI=1 ELECTRON_NO_ATTACH_CONSOLE=1 CHROME_DESKTOP=code-url-handler.desktop VSCODE_NLS_CONFIG={"locale":"zh-cn","availableLanguages":{"*":"zh-cn"},"_languagePackId":"bde907400d9a4fa1269f7dbaf14dc5b1.zh-cn","_translationsConfigFile":"/home/ray/.config/Code/clp/bde907400d9a4fa1269f7dbaf14dc5b1.zh-cn/tcf.json","_cacheRoot":"/home/ray/.config/Code/clp/bde907400d9a4fa1269f7dbaf14dc5b1.zh-cn","_resolvedLanguagePackCoreLocation":"/home/ray/.config/Code/clp/bde907400d9a4fa1269f7dbaf14dc5b1.zh-cn/ff915844119ce9485abfe8aa9076ec76b5300ddd","_corruptedFile":"/home/ray/.config/Code/clp/bde907400d9a4fa1269f7dbaf14dc5b1.zh-cn/corrupted.info","_languagePackSupport":true} VSCODE_NODE_CACHED_DATA_DIR=/home/ray/.config/Code/CachedData/ff915844119ce9485abfe8aa9076ec76b5300ddd VSCODE_LOGS=/home/ray/.config/Code/logs/20200513T233447 VSCODE_IPC_HOOK=/run/user/1000/vscode-1eea6fec-1.44.2-main.sock VSCODE_PID=125544 AMD_ENTRYPOINT=vs/workbench/services/extensions/node/extensionHostProcess PIPE_LOGGING=true VERBOSE_LOGGING=true VSCODE_IPC_HOOK_EXTHOST=/tmp/vscode-ipc-ddf1c80c-6b9d-4657-a008-25db4bcc846d.sock VSCODE_HANDLES_UNCAUGHT_ERRORS=true VSCODE_LOG_STACK=false PATH=/home/ray/bin:/home/ray/.local/bin:/usr/local/sbin:/usr/local/bin:/usr/sbin:/usr/bin:/sbin:/bin:/usr/games:/usr/local/games:/snap/bin:/home/ray/gcc-arm-none-eabi-9-2019-q4-major/bin PYTHONUNBUFFERED=1 PYTHONIOENCODING=utf-8
ray           -  0.8    -      -     - -        Sl   15:44   4:02 -
ray           -  0.0    -      -     - -        Sl   18:20   0:00 -
ray        9357  0.0  0.8 579176 73016 ?        -    15:48   0:01 /usr/share/code/code /usr/share/code/resources/app/extensions/html-language-features/server/dist/htmlServerMain --node-ipc --clientProcessId=125884 ELECTRON_RUN_AS_NODE=1 XDG_VTNR=7 XDG_SESSION_ID=c2 CLUTTER_IM_MODULE=xim XDG_GREETER_DATA_DIR=/var/lib/lightdm-data/ray VIRTUALENVWRAPPER_SCRIPT=/usr/share/virtualenvwrapper/virtualenvwrapper.sh VIRTUALENVWRAPPER_PROJECT_FILENAME=.project GPG_AGENT_INFO=/home/ray/.gnupg/S.gpg-agent:0:1 SHELL=/bin/bash VTE_VERSION=4205 TERM=xterm-256color QT_LINUX_ACCESSIBILITY_ALWAYS_ON=1 WINDOWID=65129183 GNOME_KEYRING_CONTROL= UPSTART_SESSION=unix:abstract=/com/ubuntu/upstart-session/1000/1479 GTK_MODULES=gail:atk-bridge:unity-gtk-module NO_PROXY=localhost,127.0.0.0/8,::1 USER=ray http_proxy=http://192.168.128.1:1080/ QT_ACCESSIBILITY=1 LS_COLORS=rs=0:di=01;34:ln=01;36:mh=00:pi=40;33:so=01;35:do=01;35:bd=40;33;01:cd=40;33;01:or=40;31;01:mi=00:su=37;41:sg=30;43:ca=30;41:tw=30;42:ow=34;42:st=37;44:ex=01;32:*.tar=01;31:*.tgz=01;31:*.arc=01;31:*.arj=01;31:*.taz=01;31:*.lha=01;31:*.lz4=01;31:*.lzh=01;31:*.lzma=01;31:*.tlz=01;31:*.txz=01;31:*.tzo=01;31:*.t7z=01;31:*.zip=01;31:*.z=01;31:*.Z=01;31:*.dz=01;31:*.gz=01;31:*.lrz=01;31:*.lz=01;31:*.lzo=01;31:*.xz=01;31:*.bz2=01;31:*.bz=01;31:*.tbz=01;31:*.tbz2=01;31:*.tz=01;31:*.deb=01;31:*.rpm=01;31:*.jar=01;31:*.war=01;31:*.ear=01;31:*.sar=01;31:*.rar=01;31:*.alz=01;31:*.ace=01;31:*.zoo=01;31:*.cpio=01;31:*.7z=01;31:*.rz=01;31:*.cab=01;31:*.jpg=01;35:*.jpeg=01;35:*.gif=01;35:*.bmp=01;35:*.pbm=01;35:*.pgm=01;35:*.ppm=01;35:*.tga=01;35:*.xbm=01;35:*.xpm=01;35:*.tif=01;35:*.tiff=01;35:*.png=01;35:*.svg=01;35:*.svgz=01;35:*.mng=01;35:*.pcx=01;35:*.mov=01;35:*.mpg=01;35:*.mpeg=01;35:*.m2v=01;35:*.mkv=01;35:*.webm=01;35:*.ogm=01;35:*.mp4=01;35:*.m4v=01;35:*.mp4v=01;35:*.vob=01;35:*.qt=01;35:*.nuv=01;35:*.wmv=01;35:*.asf=01;35:*.rm=01;35:*.rmvb=01;35:*.flc=01;35:*.avi=01;35:*.fli=01;35:*.flv=01;35:*.gl=01;35:*.dl=01;35:*.xcf=01;35:*.xwd=01;35:*.yuv=01;35:*.cgm=01;35:*.emf=01;35:*.ogv=01;35:*.ogx=01;35:*.aac=00;36:*.au=00;36:*.flac=00;36:*.m4a=00;36:*.mid=00;36:*.midi=00;36:*.mka=00;36:*.mp3=00;36:*.mpc=00;36:*.ogg=00;36:*.ra=00;36:*.wav=00;36:*.oga=00;36:*.opus=00;36:*.spx=00;36:*.xspf=00;36: XDG_SESSION_PATH=/org/freedesktop/DisplayManager/Session0 XDG_SEAT_PATH=/org/freedesktop/DisplayManager/Seat0 SSH_AUTH_SOCK=/run/user/1000/keyring/ssh ftp_proxy=ftp://192.168.128.1:1080/ DEFAULTS_PATH=/usr/share/gconf/ubuntu.default.path WORKON_HOME=/home/ray/.virtualenvs XDG_CONFIG_DIRS=/etc/xdg/xdg-ubuntu:/usr/share/upstart/xdg:/etc/xdg ALL_PROXY=socks://192.168.128.1:1080/ all_proxy=socks://192.168.128.1:1080/ PATH=/home/ray/bin:/home/ray/.local/bin:/usr/local/sbin:/usr/local/bin:/usr/sbin:/usr/bin:/sbin:/bin:/usr/games:/usr/local/games:/snap/bin:/home/ray/gcc-arm-none-eabi-9-2019-q4-major/bin DESKTOP_SESSION=ubuntu QT_QPA_PLATFORMTHEME=appmenu-qt5 QT_IM_MODULE=ibus VIRTUALENVWRAPPER_HOOK_DIR=/home/ray/.virtualenvs XDG_SESSION_TYPE=x11 JOB=gnome-session PWD=/home/ray XMODIFIERS=@im=ibus socks_proxy=socks://192.168.128.1:1080/ LANG=en_US.UTF-8 GNOME_KEYRING_PID= MANDATORY_PATH=/usr/share/gconf/ubuntu.mandatory.path GDM_LANG=en_US IM_CONFIG_PHASE=1 COMPIZ_CONFIG_PROFILE=ubuntu GDMSESSION=ubuntu https_proxy=https://192.168.128.1:1080/ GTK2_MODULES=overlay-scrollbar SESSIONTYPE=gnome-session XDG_SEAT=seat0 HOME=/home/ray SHLVL=2 LANGUAGE=en_US _VIRTUALENVWRAPPER_API= mkvirtualenv rmvirtualenv lsvirtualenv showvirtualenv workon add2virtualenv cdsitepackages cdvirtualenv lssitepackages toggleglobalsitepackages cpvirtualenv setvirtualenvproject mkproject cdproject mktmpenv GNOME_DESKTOP_SESSION_ID=this-is-deprecated no_proxy=localhost,127.0.0.0/8,::1 UPSTART_INSTANCE= LOGNAME=ray XDG_SESSION_DESKTOP=ubuntu UPSTART_EVENTS=started starting QT4_IM_MODULE=xim XDG_DATA_DIRS=/usr/share/ubuntu:/usr/share/gnome:/usr/local/share:/usr/share:/var/lib/snapd/desktop DBUS_SESSION_BUS_ADDRESS=unix:abstract=/tmp/dbus-VXEQ4bkzcc LESSOPEN=| /usr/bin/lesspipe %s VIRTUALENVWRAPPER_WORKON_CD=1 UPSTART_JOB=unity-settings-daemon INSTANCE=Unity DISPLAY=:0 XDG_RUNTIME_DIR=/run/user/1000 GTK_IM_MODULE=ibus XDG_CURRENT_DESKTOP=Unity LESSCLOSE=/usr/bin/lesspipe %s %s XAUTHORITY=/home/ray/.Xauthority _=/usr/share/code/bin/../code APPLICATION_INSIGHTS_NO_DIAGNOSTIC_CHANNEL=true VSCODE_CLI=1 ELECTRON_NO_ATTACH_CONSOLE=1 CHROME_DESKTOP=code-url-handler.desktop VSCODE_NLS_CONFIG={"locale":"zh-cn","availableLanguages":{"*":"zh-cn"},"_languagePackId":"bde907400d9a4fa1269f7dbaf14dc5b1.zh-cn","_translationsConfigFile":"/home/ray/.config/Code/clp/bde907400d9a4fa1269f7dbaf14dc5b1.zh-cn/tcf.json","_cacheRoot":"/home/ray/.config/Code/clp/bde907400d9a4fa1269f7dbaf14dc5b1.zh-cn","_resolvedLanguagePackCoreLocation":"/home/ray/.config/Code/clp/bde907400d9a4fa1269f7dbaf14dc5b1.zh-cn/ff915844119ce9485abfe8aa9076ec76b5300ddd","_corruptedFile":"/home/ray/.config/Code/clp/bde907400d9a4fa1269f7dbaf14dc5b1.zh-cn/corrupted.info","_languagePackSupport":true} VSCODE_NODE_CACHED_DATA_DIR=/home/ray/.config/Code/CachedData/ff915844119ce9485abfe8aa9076ec76b5300ddd VSCODE_LOGS=/home/ray/.config/Code/logs/20200513T233447 VSCODE_IPC_HOOK=/run/user/1000/vscode-1eea6fec-1.44.2-main.sock VSCODE_PID=125544 AMD_ENTRYPOINT=vs/workbench/services/extensions/node/extensionHostProcess PIPE_LOGGING=true VERBOSE_LOGGING=true VSCODE_IPC_HOOK_EXTHOST=/tmp/vscode-ipc-ddf1c80c-6b9d-4657-a008-25db4bcc846d.sock VSCODE_HANDLES_UNCAUGHT_ERRORS=true VSCODE_LOG_STACK=false ELECTRON_NO_ASAR=1 NODE_CHANNEL_FD=3
ray           -  0.0    -      -     - -        Sl   15:48   0:01 -
ray           -  0.0    -      -     - -        Sl   15:48   0:00 -
ray           -  0.0    -      -     - -        Sl   15:48   0:00 -
ray           -  0.0    -      -     - -        Sl   15:48   0:00 -
ray           -  0.0    -      -     - -        Sl   15:48   0:00 -
ray           -  0.0    -      -     - -        Sl   15:48   0:00 -
ray           -  0.0    -      -     - -        Sl   15:48   0:00 -
ray           -  0.0    -      -     - -        Sl   15:48   0:00 -
ray        9518  0.1  1.0 4892824 88308 ?       -    15:51   0:30 /home/ray/.vscode/extensions/ms-vscode.cpptools-0.28.0/bin/cpptools-srv 126302 3 ELECTRON_RUN_AS_NODE=1 XDG_VTNR=7 XDG_SESSION_ID=c2 CLUTTER_IM_MODULE=xim XDG_GREETER_DATA_DIR=/var/lib/lightdm-data/ray VIRTUALENVWRAPPER_SCRIPT=/usr/share/virtualenvwrapper/virtualenvwrapper.sh VIRTUALENVWRAPPER_PROJECT_FILENAME=.project GPG_AGENT_INFO=/home/ray/.gnupg/S.gpg-agent:0:1 SHELL=/bin/bash VTE_VERSION=4205 TERM=xterm-256color QT_LINUX_ACCESSIBILITY_ALWAYS_ON=1 WINDOWID=65129183 GNOME_KEYRING_CONTROL= UPSTART_SESSION=unix:abstract=/com/ubuntu/upstart-session/1000/1479 GTK_MODULES=gail:atk-bridge:unity-gtk-module NO_PROXY=localhost,127.0.0.0/8,::1 USER=ray http_proxy=http://192.168.128.1:1080/ QT_ACCESSIBILITY=1 LS_COLORS=rs=0:di=01;34:ln=01;36:mh=00:pi=40;33:so=01;35:do=01;35:bd=40;33;01:cd=40;33;01:or=40;31;01:mi=00:su=37;41:sg=30;43:ca=30;41:tw=30;42:ow=34;42:st=37;44:ex=01;32:*.tar=01;31:*.tgz=01;31:*.arc=01;31:*.arj=01;31:*.taz=01;31:*.lha=01;31:*.lz4=01;31:*.lzh=01;31:*.lzma=01;31:*.tlz=01;31:*.txz=01;31:*.tzo=01;31:*.t7z=01;31:*.zip=01;31:*.z=01;31:*.Z=01;31:*.dz=01;31:*.gz=01;31:*.lrz=01;31:*.lz=01;31:*.lzo=01;31:*.xz=01;31:*.bz2=01;31:*.bz=01;31:*.tbz=01;31:*.tbz2=01;31:*.tz=01;31:*.deb=01;31:*.rpm=01;31:*.jar=01;31:*.war=01;31:*.ear=01;31:*.sar=01;31:*.rar=01;31:*.alz=01;31:*.ace=01;31:*.zoo=01;31:*.cpio=01;31:*.7z=01;31:*.rz=01;31:*.cab=01;31:*.jpg=01;35:*.jpeg=01;35:*.gif=01;35:*.bmp=01;35:*.pbm=01;35:*.pgm=01;35:*.ppm=01;35:*.tga=01;35:*.xbm=01;35:*.xpm=01;35:*.tif=01;35:*.tiff=01;35:*.png=01;35:*.svg=01;35:*.svgz=01;35:*.mng=01;35:*.pcx=01;35:*.mov=01;35:*.mpg=01;35:*.mpeg=01;35:*.m2v=01;35:*.mkv=01;35:*.webm=01;35:*.ogm=01;35:*.mp4=01;35:*.m4v=01;35:*.mp4v=01;35:*.vob=01;35:*.qt=01;35:*.nuv=01;35:*.wmv=01;35:*.asf=01;35:*.rm=01;35:*.rmvb=01;35:*.flc=01;35:*.avi=01;35:*.fli=01;35:*.flv=01;35:*.gl=01;35:*.dl=01;35:*.xcf=01;35:*.xwd=01;35:*.yuv=01;35:*.cgm=01;35:*.emf=01;35:*.ogv=01;35:*.ogx=01;35:*.aac=00;36:*.au=00;36:*.flac=00;36:*.m4a=00;36:*.mid=00;36:*.midi=00;36:*.mka=00;36:*.mp3=00;36:*.mpc=00;36:*.ogg=00;36:*.ra=00;36:*.wav=00;36:*.oga=00;36:*.opus=00;36:*.spx=00;36:*.xspf=00;36: XDG_SESSION_PATH=/org/freedesktop/DisplayManager/Session0 XDG_SEAT_PATH=/org/freedesktop/DisplayManager/Seat0 SSH_AUTH_SOCK=/run/user/1000/keyring/ssh ftp_proxy=ftp://192.168.128.1:1080/ DEFAULTS_PATH=/usr/share/gconf/ubuntu.default.path WORKON_HOME=/home/ray/.virtualenvs XDG_CONFIG_DIRS=/etc/xdg/xdg-ubuntu:/usr/share/upstart/xdg:/etc/xdg ALL_PROXY=socks://192.168.128.1:1080/ all_proxy=socks://192.168.128.1:1080/ PATH=/home/ray/bin:/home/ray/.local/bin:/usr/local/sbin:/usr/local/bin:/usr/sbin:/usr/bin:/sbin:/bin:/usr/games:/usr/local/games:/snap/bin:/home/ray/gcc-arm-none-eabi-9-2019-q4-major/bin DESKTOP_SESSION=ubuntu QT_QPA_PLATFORMTHEME=appmenu-qt5 QT_IM_MODULE=ibus VIRTUALENVWRAPPER_HOOK_DIR=/home/ray/.virtualenvs XDG_SESSION_TYPE=x11 JOB=gnome-session PWD=/home/ray XMODIFIERS=@im=ibus socks_proxy=socks://192.168.128.1:1080/ LANG=en_US.UTF-8 GNOME_KEYRING_PID= MANDATORY_PATH=/usr/share/gconf/ubuntu.mandatory.path GDM_LANG=en_US IM_CONFIG_PHASE=1 COMPIZ_CONFIG_PROFILE=ubuntu GDMSESSION=ubuntu https_proxy=https://192.168.128.1:1080/ GTK2_MODULES=overlay-scrollbar SESSIONTYPE=gnome-session XDG_SEAT=seat0 HOME=/home/ray SHLVL=2 LANGUAGE=en_US _VIRTUALENVWRAPPER_API= mkvirtualenv rmvirtualenv lsvirtualenv showvirtualenv workon add2virtualenv cdsitepackages cdvirtualenv lssitepackages toggleglobalsitepackages cpvirtualenv setvirtualenvproject mkproject cdproject mktmpenv GNOME_DESKTOP_SESSION_ID=this-is-deprecated no_proxy=localhost,127.0.0.0/8,::1 UPSTART_INSTANCE= LOGNAME=ray XDG_SESSION_DESKTOP=ubuntu UPSTART_EVENTS=started starting QT4_IM_MODULE=xim XDG_DATA_DIRS=/usr/share/ubuntu:/usr/share/gnome:/usr/local/share:/usr/share:/var/lib/snapd/desktop DBUS_SESSION_BUS_ADDRESS=unix:abstract=/tmp/dbus-VXEQ4bkzcc LESSOPEN=| /usr/bin/lesspipe %s VIRTUALENVWRAPPER_WORKON_CD=1 UPSTART_JOB=unity-settings-daemon INSTANCE=Unity DISPLAY=:0 XDG_RUNTIME_DIR=/run/user/1000 GTK_IM_MODULE=ibus XDG_CURRENT_DESKTOP=Unity LESSCLOSE=/usr/bin/lesspipe %s %s XAUTHORITY=/home/ray/.Xauthority _=/usr/share/code/bin/../code APPLICATION_INSIGHTS_NO_DIAGNOSTIC_CHANNEL=true VSCODE_CLI=1 ELECTRON_NO_ATTACH_CONSOLE=1 CHROME_DESKTOP=code-url-handler.desktop VSCODE_NLS_CONFIG={"locale":"zh-cn","availableLanguages":{"*":"zh-cn"},"_languagePackId":"bde907400d9a4fa1269f7dbaf14dc5b1.zh-cn","_translationsConfigFile":"/home/ray/.config/Code/clp/bde907400d9a4fa1269f7dbaf14dc5b1.zh-cn/tcf.json","_cacheRoot":"/home/ray/.config/Code/clp/bde907400d9a4fa1269f7dbaf14dc5b1.zh-cn","_resolvedLanguagePackCoreLocation":"/home/ray/.config/Code/clp/bde907400d9a4fa1269f7dbaf14dc5b1.zh-cn/ff915844119ce9485abfe8aa9076ec76b5300ddd","_corruptedFile":"/home/ray/.config/Code/clp/bde907400d9a4fa1269f7dbaf14dc5b1.zh-cn/corrupted.info","_languagePackSupport":true} VSCODE_NODE_CACHED_DATA_DIR=/home/ray/.config/Code/CachedData/ff915844119ce9485abfe8aa9076ec76b5300ddd VSCODE_LOGS=/home/ray/.config/Code/logs/20200513T233447 VSCODE_IPC_HOOK=/run/user/1000/vscode-1eea6fec-1.44.2-main.sock VSCODE_PID=125544 AMD_ENTRYPOINT=vs/workbench/services/extensions/node/extensionHostProcess PIPE_LOGGING=true VERBOSE_LOGGING=true VSCODE_IPC_HOOK_EXTHOST=/tmp/vscode-ipc-ddf1c80c-6b9d-4657-a008-25db4bcc846d.sock VSCODE_HANDLES_UNCAUGHT_ERRORS=true VSCODE_LOG_STACK=false
ray           -  0.0    -      -     - -        Sl   15:51   0:00 -
ray           -  0.0    -      -     - -        Sl   15:51   0:00 -
ray           -  0.0    -      -     - -        Sl   15:51   0:00 -
ray           -  0.0    -      -     - -        Sl   15:51   0:00 -
ray           -  0.0    -      -     - -        Sl   15:51   0:00 -
ray           -  0.0    -      -     - -        Sl   15:51   0:00 -
ray           -  0.0    -      -     - -        Sl   15:51   0:00 -
ray           -  0.0    -      -     - -        Sl   15:51   0:00 -
ray           -  0.0    -      -     - -        Sl   15:51   0:00 -
ray           -  0.0    -      -     - -        Sl   15:51   0:01 -
ray           -  0.0    -      -     - -        Sl   17:32   0:13 -
ray       11826  0.0  0.4 4892568 37288 ?       -    17:43   0:05 /home/ray/.vscode/extensions/ms-vscode.cpptools-0.28.0/bin/cpptools-srv 126302 0 ELECTRON_RUN_AS_NODE=1 XDG_VTNR=7 XDG_SESSION_ID=c2 CLUTTER_IM_MODULE=xim XDG_GREETER_DATA_DIR=/var/lib/lightdm-data/ray VIRTUALENVWRAPPER_SCRIPT=/usr/share/virtualenvwrapper/virtualenvwrapper.sh VIRTUALENVWRAPPER_PROJECT_FILENAME=.project GPG_AGENT_INFO=/home/ray/.gnupg/S.gpg-agent:0:1 SHELL=/bin/bash VTE_VERSION=4205 TERM=xterm-256color QT_LINUX_ACCESSIBILITY_ALWAYS_ON=1 WINDOWID=65129183 GNOME_KEYRING_CONTROL= UPSTART_SESSION=unix:abstract=/com/ubuntu/upstart-session/1000/1479 GTK_MODULES=gail:atk-bridge:unity-gtk-module NO_PROXY=localhost,127.0.0.0/8,::1 USER=ray http_proxy=http://192.168.128.1:1080/ QT_ACCESSIBILITY=1 LS_COLORS=rs=0:di=01;34:ln=01;36:mh=00:pi=40;33:so=01;35:do=01;35:bd=40;33;01:cd=40;33;01:or=40;31;01:mi=00:su=37;41:sg=30;43:ca=30;41:tw=30;42:ow=34;42:st=37;44:ex=01;32:*.tar=01;31:*.tgz=01;31:*.arc=01;31:*.arj=01;31:*.taz=01;31:*.lha=01;31:*.lz4=01;31:*.lzh=01;31:*.lzma=01;31:*.tlz=01;31:*.txz=01;31:*.tzo=01;31:*.t7z=01;31:*.zip=01;31:*.z=01;31:*.Z=01;31:*.dz=01;31:*.gz=01;31:*.lrz=01;31:*.lz=01;31:*.lzo=01;31:*.xz=01;31:*.bz2=01;31:*.bz=01;31:*.tbz=01;31:*.tbz2=01;31:*.tz=01;31:*.deb=01;31:*.rpm=01;31:*.jar=01;31:*.war=01;31:*.ear=01;31:*.sar=01;31:*.rar=01;31:*.alz=01;31:*.ace=01;31:*.zoo=01;31:*.cpio=01;31:*.7z=01;31:*.rz=01;31:*.cab=01;31:*.jpg=01;35:*.jpeg=01;35:*.gif=01;35:*.bmp=01;35:*.pbm=01;35:*.pgm=01;35:*.ppm=01;35:*.tga=01;35:*.xbm=01;35:*.xpm=01;35:*.tif=01;35:*.tiff=01;35:*.png=01;35:*.svg=01;35:*.svgz=01;35:*.mng=01;35:*.pcx=01;35:*.mov=01;35:*.mpg=01;35:*.mpeg=01;35:*.m2v=01;35:*.mkv=01;35:*.webm=01;35:*.ogm=01;35:*.mp4=01;35:*.m4v=01;35:*.mp4v=01;35:*.vob=01;35:*.qt=01;35:*.nuv=01;35:*.wmv=01;35:*.asf=01;35:*.rm=01;35:*.rmvb=01;35:*.flc=01;35:*.avi=01;35:*.fli=01;35:*.flv=01;35:*.gl=01;35:*.dl=01;35:*.xcf=01;35:*.xwd=01;35:*.yuv=01;35:*.cgm=01;35:*.emf=01;35:*.ogv=01;35:*.ogx=01;35:*.aac=00;36:*.au=00;36:*.flac=00;36:*.m4a=00;36:*.mid=00;36:*.midi=00;36:*.mka=00;36:*.mp3=00;36:*.mpc=00;36:*.ogg=00;36:*.ra=00;36:*.wav=00;36:*.oga=00;36:*.opus=00;36:*.spx=00;36:*.xspf=00;36: XDG_SESSION_PATH=/org/freedesktop/DisplayManager/Session0 XDG_SEAT_PATH=/org/freedesktop/DisplayManager/Seat0 SSH_AUTH_SOCK=/run/user/1000/keyring/ssh ftp_proxy=ftp://192.168.128.1:1080/ DEFAULTS_PATH=/usr/share/gconf/ubuntu.default.path WORKON_HOME=/home/ray/.virtualenvs XDG_CONFIG_DIRS=/etc/xdg/xdg-ubuntu:/usr/share/upstart/xdg:/etc/xdg ALL_PROXY=socks://192.168.128.1:1080/ all_proxy=socks://192.168.128.1:1080/ PATH=/home/ray/bin:/home/ray/.local/bin:/usr/local/sbin:/usr/local/bin:/usr/sbin:/usr/bin:/sbin:/bin:/usr/games:/usr/local/games:/snap/bin:/home/ray/gcc-arm-none-eabi-9-2019-q4-major/bin DESKTOP_SESSION=ubuntu QT_QPA_PLATFORMTHEME=appmenu-qt5 QT_IM_MODULE=ibus VIRTUALENVWRAPPER_HOOK_DIR=/home/ray/.virtualenvs XDG_SESSION_TYPE=x11 JOB=gnome-session PWD=/home/ray XMODIFIERS=@im=ibus socks_proxy=socks://192.168.128.1:1080/ LANG=en_US.UTF-8 GNOME_KEYRING_PID= MANDATORY_PATH=/usr/share/gconf/ubuntu.mandatory.path GDM_LANG=en_US IM_CONFIG_PHASE=1 COMPIZ_CONFIG_PROFILE=ubuntu GDMSESSION=ubuntu https_proxy=https://192.168.128.1:1080/ GTK2_MODULES=overlay-scrollbar SESSIONTYPE=gnome-session XDG_SEAT=seat0 HOME=/home/ray SHLVL=2 LANGUAGE=en_US _VIRTUALENVWRAPPER_API= mkvirtualenv rmvirtualenv lsvirtualenv showvirtualenv workon add2virtualenv cdsitepackages cdvirtualenv lssitepackages toggleglobalsitepackages cpvirtualenv setvirtualenvproject mkproject cdproject mktmpenv GNOME_DESKTOP_SESSION_ID=this-is-deprecated no_proxy=localhost,127.0.0.0/8,::1 UPSTART_INSTANCE= LOGNAME=ray XDG_SESSION_DESKTOP=ubuntu UPSTART_EVENTS=started starting QT4_IM_MODULE=xim XDG_DATA_DIRS=/usr/share/ubuntu:/usr/share/gnome:/usr/local/share:/usr/share:/var/lib/snapd/desktop DBUS_SESSION_BUS_ADDRESS=unix:abstract=/tmp/dbus-VXEQ4bkzcc LESSOPEN=| /usr/bin/lesspipe %s VIRTUALENVWRAPPER_WORKON_CD=1 UPSTART_JOB=unity-settings-daemon INSTANCE=Unity DISPLAY=:0 XDG_RUNTIME_DIR=/run/user/1000 GTK_IM_MODULE=ibus XDG_CURRENT_DESKTOP=Unity LESSCLOSE=/usr/bin/lesspipe %s %s XAUTHORITY=/home/ray/.Xauthority _=/usr/share/code/bin/../code APPLICATION_INSIGHTS_NO_DIAGNOSTIC_CHANNEL=true VSCODE_CLI=1 ELECTRON_NO_ATTACH_CONSOLE=1 CHROME_DESKTOP=code-url-handler.desktop VSCODE_NLS_CONFIG={"locale":"zh-cn","availableLanguages":{"*":"zh-cn"},"_languagePackId":"bde907400d9a4fa1269f7dbaf14dc5b1.zh-cn","_translationsConfigFile":"/home/ray/.config/Code/clp/bde907400d9a4fa1269f7dbaf14dc5b1.zh-cn/tcf.json","_cacheRoot":"/home/ray/.config/Code/clp/bde907400d9a4fa1269f7dbaf14dc5b1.zh-cn","_resolvedLanguagePackCoreLocation":"/home/ray/.config/Code/clp/bde907400d9a4fa1269f7dbaf14dc5b1.zh-cn/ff915844119ce9485abfe8aa9076ec76b5300ddd","_corruptedFile":"/home/ray/.config/Code/clp/bde907400d9a4fa1269f7dbaf14dc5b1.zh-cn/corrupted.info","_languagePackSupport":true} VSCODE_NODE_CACHED_DATA_DIR=/home/ray/.config/Code/CachedData/ff915844119ce9485abfe8aa9076ec76b5300ddd VSCODE_LOGS=/home/ray/.config/Code/logs/20200513T233447 VSCODE_IPC_HOOK=/run/user/1000/vscode-1eea6fec-1.44.2-main.sock VSCODE_PID=125544 AMD_ENTRYPOINT=vs/workbench/services/extensions/node/extensionHostProcess PIPE_LOGGING=true VERBOSE_LOGGING=true VSCODE_IPC_HOOK_EXTHOST=/tmp/vscode-ipc-ddf1c80c-6b9d-4657-a008-25db4bcc846d.sock VSCODE_HANDLES_UNCAUGHT_ERRORS=true VSCODE_LOG_STACK=false
ray           -  0.0    -      -     - -        Sl   17:43   0:00 -
ray           -  0.0    -      -     - -        Sl   17:43   0:00 -
ray           -  0.0    -      -     - -        Sl   17:43   0:00 -
ray           -  0.0    -      -     - -        Sl   17:43   0:00 -
ray           -  0.0    -      -     - -        Sl   17:43   0:00 -
ray           -  0.0    -      -     - -        Sl   17:43   0:00 -
ray           -  0.0    -      -     - -        Sl   17:43   0:00 -
ray           -  0.0    -      -     - -        Sl   17:43   0:00 -
ray           -  0.0    -      -     - -        Sl   17:43   0:00 -
ray           -  0.0    -      -     - -        Sl   17:43   0:01 -
ray           -  0.0    -      -     - -        Sl   18:38   0:00 -
ray       16501  0.0  0.2  80928 22624 ?        -    18:20   0:00 /usr/local/bin/python3 /home/ray/.vscode/extensions/ms-python.python-2020.5.78807/pythonFiles/lib/python/jedi/inference/compiled/subprocess/__main__.py /home/ray/.vscode/extensions/ms-python.python-2020.5.78807/pythonFiles/lib/python 3.7.7 ELECTRON_RUN_AS_NODE=1 XDG_VTNR=7 XDG_SESSION_ID=c2 CLUTTER_IM_MODULE=xim XDG_GREETER_DATA_DIR=/var/lib/lightdm-data/ray VIRTUALENVWRAPPER_SCRIPT=/usr/share/virtualenvwrapper/virtualenvwrapper.sh VIRTUALENVWRAPPER_PROJECT_FILENAME=.project GPG_AGENT_INFO=/home/ray/.gnupg/S.gpg-agent:0:1 SHELL=/bin/bash VTE_VERSION=4205 TERM=xterm-256color QT_LINUX_ACCESSIBILITY_ALWAYS_ON=1 WINDOWID=65129183 GNOME_KEYRING_CONTROL= UPSTART_SESSION=unix:abstract=/com/ubuntu/upstart-session/1000/1479 GTK_MODULES=gail:atk-bridge:unity-gtk-module NO_PROXY=localhost,127.0.0.0/8,::1 USER=ray http_proxy=http://192.168.128.1:1080/ QT_ACCESSIBILITY=1 LS_COLORS=rs=0:di=01;34:ln=01;36:mh=00:pi=40;33:so=01;35:do=01;35:bd=40;33;01:cd=40;33;01:or=40;31;01:mi=00:su=37;41:sg=30;43:ca=30;41:tw=30;42:ow=34;42:st=37;44:ex=01;32:*.tar=01;31:*.tgz=01;31:*.arc=01;31:*.arj=01;31:*.taz=01;31:*.lha=01;31:*.lz4=01;31:*.lzh=01;31:*.lzma=01;31:*.tlz=01;31:*.txz=01;31:*.tzo=01;31:*.t7z=01;31:*.zip=01;31:*.z=01;31:*.Z=01;31:*.dz=01;31:*.gz=01;31:*.lrz=01;31:*.lz=01;31:*.lzo=01;31:*.xz=01;31:*.bz2=01;31:*.bz=01;31:*.tbz=01;31:*.tbz2=01;31:*.tz=01;31:*.deb=01;31:*.rpm=01;31:*.jar=01;31:*.war=01;31:*.ear=01;31:*.sar=01;31:*.rar=01;31:*.alz=01;31:*.ace=01;31:*.zoo=01;31:*.cpio=01;31:*.7z=01;31:*.rz=01;31:*.cab=01;31:*.jpg=01;35:*.jpeg=01;35:*.gif=01;35:*.bmp=01;35:*.pbm=01;35:*.pgm=01;35:*.ppm=01;35:*.tga=01;35:*.xbm=01;35:*.xpm=01;35:*.tif=01;35:*.tiff=01;35:*.png=01;35:*.svg=01;35:*.svgz=01;35:*.mng=01;35:*.pcx=01;35:*.mov=01;35:*.mpg=01;35:*.mpeg=01;35:*.m2v=01;35:*.mkv=01;35:*.webm=01;35:*.ogm=01;35:*.mp4=01;35:*.m4v=01;35:*.mp4v=01;35:*.vob=01;35:*.qt=01;35:*.nuv=01;35:*.wmv=01;35:*.asf=01;35:*.rm=01;35:*.rmvb=01;35:*.flc=01;35:*.avi=01;35:*.fli=01;35:*.flv=01;35:*.gl=01;35:*.dl=01;35:*.xcf=01;35:*.xwd=01;35:*.yuv=01;35:*.cgm=01;35:*.emf=01;35:*.ogv=01;35:*.ogx=01;35:*.aac=00;36:*.au=00;36:*.flac=00;36:*.m4a=00;36:*.mid=00;36:*.midi=00;36:*.mka=00;36:*.mp3=00;36:*.mpc=00;36:*.ogg=00;36:*.ra=00;36:*.wav=00;36:*.oga=00;36:*.opus=00;36:*.spx=00;36:*.xspf=00;36: XDG_SESSION_PATH=/org/freedesktop/DisplayManager/Session0 XDG_SEAT_PATH=/org/freedesktop/DisplayManager/Seat0 SSH_AUTH_SOCK=/run/user/1000/keyring/ssh ftp_proxy=ftp://192.168.128.1:1080/ DEFAULTS_PATH=/usr/share/gconf/ubuntu.default.path WORKON_HOME=/home/ray/.virtualenvs XDG_CONFIG_DIRS=/etc/xdg/xdg-ubuntu:/usr/share/upstart/xdg:/etc/xdg ALL_PROXY=socks://192.168.128.1:1080/ all_proxy=socks://192.168.128.1:1080/ DESKTOP_SESSION=ubuntu QT_QPA_PLATFORMTHEME=appmenu-qt5 QT_IM_MODULE=ibus VIRTUALENVWRAPPER_HOOK_DIR=/home/ray/.virtualenvs XDG_SESSION_TYPE=x11 JOB=gnome-session PWD=/home/ray XMODIFIERS=@im=ibus socks_proxy=socks://192.168.128.1:1080/ LANG=en_US.UTF-8 GNOME_KEYRING_PID= MANDATORY_PATH=/usr/share/gconf/ubuntu.mandatory.path GDM_LANG=en_US IM_CONFIG_PHASE=1 COMPIZ_CONFIG_PROFILE=ubuntu GDMSESSION=ubuntu https_proxy=https://192.168.128.1:1080/ GTK2_MODULES=overlay-scrollbar SESSIONTYPE=gnome-session XDG_SEAT=seat0 HOME=/home/ray SHLVL=2 LANGUAGE=en_US _VIRTUALENVWRAPPER_API= mkvirtualenv rmvirtualenv lsvirtualenv showvirtualenv workon add2virtualenv cdsitepackages cdvirtualenv lssitepackages toggleglobalsitepackages cpvirtualenv setvirtualenvproject mkproject cdproject mktmpenv GNOME_DESKTOP_SESSION_ID=this-is-deprecated no_proxy=localhost,127.0.0.0/8,::1 UPSTART_INSTANCE= LOGNAME=ray XDG_SESSION_DESKTOP=ubuntu UPSTART_EVENTS=started starting QT4_IM_MODULE=xim XDG_DATA_DIRS=/usr/share/ubuntu:/usr/share/gnome:/usr/local/share:/usr/share:/var/lib/snapd/desktop DBUS_SESSION_BUS_ADDRESS=unix:abstract=/tmp/dbus-VXEQ4bkzcc LESSOPEN=| /usr/bin/lesspipe %s VIRTUALENVWRAPPER_WORKON_CD=1 UPSTART_JOB=unity-settings-daemon INSTANCE=Unity DISPLAY=:0 XDG_RUNTIME_DIR=/run/user/1000 GTK_IM_MODULE=ibus XDG_CURRENT_DESKTOP=Unity LESSCLOSE=/usr/bin/lesspipe %s %s XAUTHORITY=/home/ray/.Xauthority _=/usr/share/code/bin/../code APPLICATION_INSIGHTS_NO_DIAGNOSTIC_CHANNEL=true VSCODE_CLI=1 ELECTRON_NO_ATTACH_CONSOLE=1 CHROME_DESKTOP=code-url-handler.desktop VSCODE_NLS_CONFIG={"locale":"zh-cn","availableLanguages":{"*":"zh-cn"},"_languagePackId":"bde907400d9a4fa1269f7dbaf14dc5b1.zh-cn","_translationsConfigFile":"/home/ray/.config/Code/clp/bde907400d9a4fa1269f7dbaf14dc5b1.zh-cn/tcf.json","_cacheRoot":"/home/ray/.config/Code/clp/bde907400d9a4fa1269f7dbaf14dc5b1.zh-cn","_resolvedLanguagePackCoreLocation":"/home/ray/.config/Code/clp/bde907400d9a4fa1269f7dbaf14dc5b1.zh-cn/ff915844119ce9485abfe8aa9076ec76b5300ddd","_corruptedFile":"/home/ray/.config/Code/clp/bde907400d9a4fa1269f7dbaf14dc5b1.zh-cn/corrupted.info","_languagePackSupport":true} VSCODE_NODE_CACHED_DATA_DIR=/home/ray/.config/Code/CachedData/ff915844119ce9485abfe8aa9076ec76b5300ddd VSCODE_LOGS=/home/ray/.config/Code/logs/20200513T233447 VSCODE_IPC_HOOK=/run/user/1000/vscode-1eea6fec-1.44.2-main.sock VSCODE_PID=125544 AMD_ENTRYPOINT=vs/workbench/services/extensions/node/extensionHostProcess PIPE_LOGGING=true VERBOSE_LOGGING=true VSCODE_IPC_HOOK_EXTHOST=/tmp/vscode-ipc-ddf1c80c-6b9d-4657-a008-25db4bcc846d.sock VSCODE_HANDLES_UNCAUGHT_ERRORS=true VSCODE_LOG_STACK=false PATH=/home/ray/bin:/home/ray/.local/bin:/usr/local/sbin:/usr/local/bin:/usr/sbin:/usr/bin:/sbin:/bin:/usr/games:/usr/local/games:/snap/bin:/home/ray/gcc-arm-none-eabi-9-2019-q4-major/bin PYTHONUNBUFFERED=1 PYTHONIOENCODING=utf-8
ray           -  0.0    -      -     - -        S    18:20   0:00 -
root      21962  0.0  0.0      0     0 ?        -    18:38   0:00 [kworker/7:1]
root          -  0.0    -      -     - -        I    18:38   0:00 -
root      25819  0.0  0.0      0     0 ?        -    20:00   0:00 [kworker/1:0]
root          -  0.0    -      -     - -        I    20:00   0:00 -
root      26224  0.0  0.0      0     0 ?        -    21:24   0:00 [kworker/5:2]
root          -  0.0    -      -     - -        I    21:24   0:00 -
root      26387  0.0  0.0      0     0 ?        -    21:51   0:00 [kworker/6:1]
root          -  0.0    -      -     - -        I    21:51   0:00 -
root      27044  0.0  0.0      0     0 ?        -    22:32   0:00 [kworker/3:2]
root          -  0.0    -      -     - -        I    22:32   0:00 -
root      27472  0.0  0.0      0     0 ?        -    22:47   0:00 [kworker/4:1]
root          -  0.0    -      -     - -        I    22:47   0:00 -
root      27563  0.0  0.0      0     0 ?        -    23:00   0:00 [kworker/3:0]
root          -  0.0    -      -     - -        I    23:00   0:00 -
root      27582  0.0  0.0      0     0 ?        -    23:06   0:00 [kworker/u256:3]
root          -  0.0    -      -     - -        I    23:06   0:00 -
root      27651  0.0  0.0      0     0 ?        -    23:12   0:00 [kworker/4:2]
root          -  0.0    -      -     - -        I    23:12   0:00 -
root      27815  0.0  0.0      0     0 ?        -    23:15   0:00 [kworker/5:0]
root          -  0.0    -      -     - -        I    23:15   0:00 -
root      27819  0.0  0.0  93280  7480 ?        -    23:15   0:00 /usr/sbin/cupsd -l
root          -  0.0    -      -     - -        Ss   23:15   0:00 -
root      27820  0.0  0.1 274812  8988 ?        -    23:15   0:00 /usr/sbin/cups-browsed
root          -  0.0    -      -     - -        Ssl  23:15   0:00 -
root          -  0.0    -      -     - -        Ssl  23:15   0:00 -
root          -  0.0    -      -     - -        Ssl  23:15   0:00 -
root      27822  0.0  0.0      0     0 ?        -    23:15   0:00 [kworker/0:1]
root          -  0.0    -      -     - -        I    23:15   0:00 -
lp        27825  0.0  0.0  81244  5648 ?        -    23:15   0:00 /usr/lib/cups/notifier/dbus dbus://
lp            -  0.0    -      -     - -        S    23:15   0:00 -
root      27948  0.0  0.0      0     0 ?        -    23:26   0:00 [kworker/2:0]
root          -  0.0    -      -     - -        I    23:26   0:00 -
root      27950  0.0  0.0      0     0 ?        -    23:27   0:00 [kworker/u256:0]
root          -  0.0    -      -     - -        I    23:27   0:00 -
root      27967  0.0  0.0      0     0 ?        -    23:32   0:00 [kworker/u256:1]
root          -  0.0    -      -     - -        I    23:32   0:00 -
root      28015  0.0  0.0      0     0 ?        -    23:34   0:00 [kworker/6:0]
root          -  0.0    -      -     - -        I    23:34   0:00 -
root      28112  0.0  0.0      0     0 ?        -    23:34   0:00 [kworker/7:2]
root          -  0.0    -      -     - -        I    23:34   0:00 -
root      28126  0.0  0.0      0     0 ?        -    23:34   0:00 [kworker/0:2]
root          -  0.0    -      -     - -        I    23:34   0:00 -
root      28130  0.0  0.0  16128  3592 ?        -    23:34   0:00 /sbin/dhclient -d -q -sf /usr/lib/NetworkManager/nm-dhcp-helper -pf /var/run/dhclient-ens33.pid -lf /var/lib/NetworkManager/dhclient-54a52669-681e-362c-adb1-bea13172771f-ens33.lease -cf /var/lib/NetworkManager/dhclient-ens33.conf ens33
root          -  0.0    -      -     - -        S    23:34   0:00 -
root      28296  0.0  0.0      0     0 ?        -    23:34   0:00 [kworker/1:2]
root          -  0.0    -      -     - -        I    23:34   0:00 -
root      28300  0.0  0.0      0     0 ?        -    23:34   0:00 [kworker/2:2]
root          -  0.0    -      -     - -        I    23:34   0:00 -
root      28340  0.0  0.0      0     0 ?        -    23:39   0:00 [kworker/u256:2]
root          -  0.0    -      -     - -        I    23:39   0:00 -
root      28941  0.0  0.0      0     0 ?        -    23:42   0:00 [kworker/5:1]
root          -  0.0    -      -     - -        I    23:42   0:00 -
root      28942  0.0  0.0      0     0 ?        -    23:42   0:00 [kworker/4:0]
root          -  0.0    -      -     - -        I    23:42   0:00 -
ray       28945  0.0  0.0  37368  3288 pts/18   -    23:42   0:00 ps auxwwem XDG_VTNR=7 XDG_SESSION_ID=c2 VIRTUALENVWRAPPER_PROJECT_FILENAME=.project VIRTUALENVWRAPPER_SCRIPT=/usr/share/virtualenvwrapper/virtualenvwrapper.sh XDG_GREETER_DATA_DIR=/var/lib/lightdm-data/ray CLUTTER_IM_MODULE=xim GPG_AGENT_INFO=/home/ray/.gnupg/S.gpg-agent:0:1 TERM=xterm-256color VTE_VERSION=4205 SHELL=/bin/bash QT_LINUX_ACCESSIBILITY_ALWAYS_ON=1 WINDOWID=65011722 UPSTART_SESSION=unix:abstract=/com/ubuntu/upstart-session/1000/1479 GNOME_KEYRING_CONTROL= GTK_MODULES=gail:atk-bridge:unity-gtk-module NO_PROXY=localhost,127.0.0.0/8,::1 http_proxy=http://192.168.128.1:1080/ USER=ray LS_COLORS=rs=0:di=01;34:ln=01;36:mh=00:pi=40;33:so=01;35:do=01;35:bd=40;33;01:cd=40;33;01:or=40;31;01:mi=00:su=37;41:sg=30;43:ca=30;41:tw=30;42:ow=34;42:st=37;44:ex=01;32:*.tar=01;31:*.tgz=01;31:*.arc=01;31:*.arj=01;31:*.taz=01;31:*.lha=01;31:*.lz4=01;31:*.lzh=01;31:*.lzma=01;31:*.tlz=01;31:*.txz=01;31:*.tzo=01;31:*.t7z=01;31:*.zip=01;31:*.z=01;31:*.Z=01;31:*.dz=01;31:*.gz=01;31:*.lrz=01;31:*.lz=01;31:*.lzo=01;31:*.xz=01;31:*.bz2=01;31:*.bz=01;31:*.tbz=01;31:*.tbz2=01;31:*.tz=01;31:*.deb=01;31:*.rpm=01;31:*.jar=01;31:*.war=01;31:*.ear=01;31:*.sar=01;31:*.rar=01;31:*.alz=01;31:*.ace=01;31:*.zoo=01;31:*.cpio=01;31:*.7z=01;31:*.rz=01;31:*.cab=01;31:*.jpg=01;35:*.jpeg=01;35:*.gif=01;35:*.bmp=01;35:*.pbm=01;35:*.pgm=01;35:*.ppm=01;35:*.tga=01;35:*.xbm=01;35:*.xpm=01;35:*.tif=01;35:*.tiff=01;35:*.png=01;35:*.svg=01;35:*.svgz=01;35:*.mng=01;35:*.pcx=01;35:*.mov=01;35:*.mpg=01;35:*.mpeg=01;35:*.m2v=01;35:*.mkv=01;35:*.webm=01;35:*.ogm=01;35:*.mp4=01;35:*.m4v=01;35:*.mp4v=01;35:*.vob=01;35:*.qt=01;35:*.nuv=01;35:*.wmv=01;35:*.asf=01;35:*.rm=01;35:*.rmvb=01;35:*.flc=01;35:*.avi=01;35:*.fli=01;35:*.flv=01;35:*.gl=01;35:*.dl=01;35:*.xcf=01;35:*.xwd=01;35:*.yuv=01;35:*.cgm=01;35:*.emf=01;35:*.ogv=01;35:*.ogx=01;35:*.aac=00;36:*.au=00;36:*.flac=00;36:*.m4a=00;36:*.mid=00;36:*.midi=00;36:*.mka=00;36:*.mp3=00;36:*.mpc=00;36:*.ogg=00;36:*.ra=00;36:*.wav=00;36:*.oga=00;36:*.opus=00;36:*.spx=00;36:*.xspf=00;36: QT_ACCESSIBILITY=1 XDG_SESSION_PATH=/org/freedesktop/DisplayManager/Session0 XDG_SEAT_PATH=/org/freedesktop/DisplayManager/Seat0 SSH_AUTH_SOCK=/run/user/1000/keyring/ssh ftp_proxy=ftp://192.168.128.1:1080/ DEFAULTS_PATH=/usr/share/gconf/ubuntu.default.path WORKON_HOME=/home/ray/.virtualenvs XDG_CONFIG_DIRS=/etc/xdg/xdg-ubuntu:/usr/share/upstart/xdg:/etc/xdg all_proxy=socks://192.168.128.1:1080/ ALL_PROXY=socks://192.168.128.1:1080/ DESKTOP_SESSION=ubuntu PATH=/home/ray/bin:/home/ray/.local/bin:/usr/local/sbin:/usr/local/bin:/usr/sbin:/usr/bin:/sbin:/bin:/usr/games:/usr/local/games:/snap/bin:/home/ray/gcc-arm-none-eabi-9-2019-q4-major/bin VIRTUALENVWRAPPER_HOOK_DIR=/home/ray/.virtualenvs QT_IM_MODULE=ibus QT_QPA_PLATFORMTHEME=appmenu-qt5 PWD=/home/ray/afl-unicorn/FuzzyBlob/FuzzyBlob JOB=gnome-session XDG_SESSION_TYPE=x11 socks_proxy=socks://192.168.128.1:1080/ XMODIFIERS=@im=ibus GNOME_KEYRING_PID= LANG=en_US.UTF-8 GDM_LANG=en_US MANDATORY_PATH=/usr/share/gconf/ubuntu.mandatory.path COMPIZ_CONFIG_PROFILE=ubuntu IM_CONFIG_PHASE=1 https_proxy=https://192.168.128.1:1080/ GDMSESSION=ubuntu SESSIONTYPE=gnome-session GTK2_MODULES=overlay-scrollbar SHLVL=1 HOME=/home/ray XDG_SEAT=seat0 LANGUAGE=en_US _VIRTUALENVWRAPPER_API= mkvirtualenv rmvirtualenv lsvirtualenv showvirtualenv workon add2virtualenv cdsitepackages cdvirtualenv lssitepackages toggleglobalsitepackages cpvirtualenv setvirtualenvproject mkproject cdproject mktmpenv no_proxy=localhost,127.0.0.0/8,::1 GNOME_DESKTOP_SESSION_ID=this-is-deprecated UPSTART_INSTANCE= UPSTART_EVENTS=started starting XDG_SESSION_DESKTOP=ubuntu LOGNAME=ray DBUS_SESSION_BUS_ADDRESS=unix:abstract=/tmp/dbus-VXEQ4bkzcc XDG_DATA_DIRS=/usr/share/ubuntu:/usr/share/gnome:/usr/local/share:/usr/share:/var/lib/snapd/desktop QT4_IM_MODULE=xim LESSOPEN=| /usr/bin/lesspipe %s VIRTUALENVWRAPPER_WORKON_CD=1 INSTANCE=Unity UPSTART_JOB=unity-settings-daemon XDG_RUNTIME_DIR=/run/user/1000 DISPLAY=:0 XDG_CURRENT_DESKTOP=Unity GTK_IM_MODULE=ibus LESSCLOSE=/usr/bin/lesspipe %s %s XAUTHORITY=/home/ray/.Xauthority _=/bin/ps OLDPWD=/home/ray
ray           -  0.0    -      -     - -        R+   23:42   0:00 -
root      55809  0.0  0.0      0     0 ?        -    00:00   0:00 [kworker/u257:2]
root          -  0.0    -      -     - -        I<   00:00   0:00 -
ray       55872  0.0  0.6 517316 55584 ?        -    00:00   0:01 /usr/lib/x86_64-linux-gnu/notify-osd UNITY_DEFAULT_PROFILE=unity XDG_RUNTIME_DIR=/run/user/1000 SESSION_MANAGER=local/ubuntu:@/tmp/.ICE-unix/1687,unix/ubuntu:/tmp/.ICE-unix/1687 XMODIFIERS=@im XDG_GREETER_DATA_DIR=/var/lib/lightdm-data/ray XDG_SESSION_TYPE=x11 DBUS_SESSION_BUS_ADDRESS=unix:abstract=/tmp/dbus-VXEQ4bkzcc,guid=e59d67ae1dacb060b61762555ebbc9a3 USER=ray XAUTHORITY=/home/ray/.Xauthority QT_IM_MODULE=ibus DBUS_STARTER_BUS_TYPE=session SHLVL=0 UPSTART_INSTANCE= XDG_MENU_PREFIX=gnome- GNOME_KEYRING_CONTROL= XDG_SESSION_DESKTOP=ubuntu DBUS_DEBUG_OUTPUT=1 SHELL=/bin/bash ZEITGEIST_DATA_PATH=/home/ray/.local/share/zeitgeist ftp_proxy=ftp://192.168.128.1:1080/ UPSTART_EVENTS=starting QT_ACCESSIBILITY=1 INSTANCE= XDG_DATA_DIRS=/usr/share/ubuntu:/usr/share/gnome:/usr/local/share:/usr/share:/var/lib/snapd/desktop LANGUAGE=en_US QT4_IM_MODULE=xim IM_CONFIG_PHASE=1 https_proxy=https://192.168.128.1:1080/ GTK2_MODULES=overlay-scrollbar JOB=xsession-init PWD=/home/ray socks_proxy=socks://192.168.128.1:1080/ HOME=/home/ray DBUS_STARTER_ADDRESS=unix:abstract=/tmp/dbus-VXEQ4bkzcc,guid=e59d67ae1dacb060b61762555ebbc9a3 CLUTTER_IM_MODULE=xim DISPLAY=:0 SSH_AUTH_SOCK=/run/user/1000/keyring/ssh UPSTART_JOB=dbus PATH=/home/ray/bin:/home/ray/.local/bin:/usr/local/sbin:/usr/local/bin:/usr/sbin:/usr/bin:/sbin:/bin:/usr/games:/usr/local/games:/snap/bin:/home/ray/gcc-arm-none-eabi-9-2019-q4-major/bin GNOME_DESKTOP_SESSION_ID=this-is-deprecated GTK_MODULES=gail:atk-bridge:unity-gtk-module GTK_IM_MODULE=ibus GDMSESSION=ubuntu XDG_VTNR=7 XDG_SESSION_ID=c2 GPG_AGENT_INFO=/home/ray/.gnupg/S.gpg-agent:0:1 XDG_SEAT=seat0 COMPIZ_CONFIG_PROFILE=ubuntu MANDATORY_PATH=/usr/share/gconf/ubuntu.mandatory.path LANG=en_US.UTF-8 LOGNAME=ray UNITY_HAS_3D_SUPPORT=true SESSIONTYPE=gnome-session DEFAULTS_PATH=/usr/share/gconf/ubuntu.default.path XDG_SESSION_PATH=/org/freedesktop/DisplayManager/Session0 XDG_CURRENT_DESKTOP=Unity DESKTOP_SESSION=ubuntu QT_LINUX_ACCESSIBILITY_ALWAYS_ON=1 http_proxy=http://192.168.128.1:1080/ XDG_SEAT_PATH=/org/freedesktop/DisplayManager/Seat0 GNOME_KEYRING_PID= QT_QPA_PLATFORMTHEME=appmenu-qt5 GDM_LANG=en_US UPSTART_SESSION=unix:abstract=/com/ubuntu/upstart-session/1000/1479 XDG_CONFIG_DIRS=/etc/xdg/xdg-ubuntu:/usr/share/upstart/xdg:/etc/xdg
ray           -  0.0    -      -     - -        Sl   00:00   0:01 -
ray           -  0.0    -      -     - -        Sl   00:00   0:00 -
ray           -  0.0    -      -     - -        Sl   00:00   0:00 -
ray           -  0.0    -      -     - -        Sl   00:00   0:00 -
ray       76202  0.0  1.7 804244 140528 ?       -    01:55   0:03 /usr/bin/python3 /usr/bin/update-manager --no-update --no-focus-on-map GNOME_KEYRING_PID= USER=ray LANGUAGE=en_US XDG_SEAT=seat0 XDG_SESSION_TYPE=x11 COMPIZ_CONFIG_PROFILE=ubuntu SESSION=ubuntu SHLVL=0 HOME=/home/ray QT4_IM_MODULE=xim DESKTOP_SESSION=ubuntu QT_LINUX_ACCESSIBILITY_ALWAYS_ON=1 GTK_MODULES=gail:atk-bridge:unity-gtk-module XDG_SEAT_PATH=/org/freedesktop/DisplayManager/Seat0 INSTANCE= DBUS_SESSION_BUS_ADDRESS=unix:abstract=/tmp/dbus-VXEQ4bkzcc GNOME_KEYRING_CONTROL= QT_QPA_PLATFORMTHEME=appmenu-qt5 MANDATORY_PATH=/usr/share/gconf/ubuntu.mandatory.path IM_CONFIG_PHASE=1 https_proxy=https://192.168.128.1:1080/ SESSIONTYPE=gnome-session LOGNAME=ray GTK_IM_MODULE=ibus http_proxy=http://192.168.128.1:1080/ DEFAULTS_PATH=/usr/share/gconf/ubuntu.default.path XDG_SESSION_ID=c2 socks_proxy=socks://192.168.128.1:1080/ GNOME_DESKTOP_SESSION_ID=this-is-deprecated GTK2_MODULES=overlay-scrollbar PATH=/home/ray/bin:/home/ray/.local/bin:/usr/local/sbin:/usr/local/bin:/usr/sbin:/usr/bin:/sbin:/bin:/usr/games:/usr/local/games:/snap/bin:/home/ray/gcc-arm-none-eabi-9-2019-q4-major/bin GDM_LANG=en_US XDG_SESSION_PATH=/org/freedesktop/DisplayManager/Session0 ftp_proxy=ftp://192.168.128.1:1080/ XDG_RUNTIME_DIR=/run/user/1000 DISPLAY=:0 LANG=en_US.UTF-8 XDG_CURRENT_DESKTOP=Unity XMODIFIERS=@im=ibus XDG_SESSION_DESKTOP=ubuntu XAUTHORITY=/home/ray/.Xauthority XDG_GREETER_DATA_DIR=/var/lib/lightdm-data/ray SSH_AUTH_SOCK=/run/user/1000/keyring/ssh SHELL=/bin/bash QT_ACCESSIBILITY=1 GDMSESSION=ubuntu GPG_AGENT_INFO=/home/ray/.gnupg/S.gpg-agent:0:1 UPSTART_SESSION=unix:abstract=/com/ubuntu/upstart-session/1000/1479 XDG_VTNR=7 QT_IM_MODULE=ibus PWD=/home/ray CLUTTER_IM_MODULE=xim XDG_CONFIG_DIRS=/etc/xdg/xdg-ubuntu:/usr/share/upstart/xdg:/etc/xdg XDG_DATA_DIRS=/usr/share/ubuntu:/usr/share/gnome:/usr/local/share:/usr/share:/var/lib/snapd/desktop JOB=dbus XDG_MENU_PREFIX=gnome- SESSION_MANAGER=local/ubuntu:@/tmp/.ICE-unix/1687,unix/ubuntu:/tmp/.ICE-unix/1687 DESKTOP_AUTOSTART_ID=10c6ebcd2aa21cb77c15893651594210200000016870021 GIO_LAUNCHED_DESKTOP_FILE=/etc/xdg/autostart/update-notifier.desktop GIO_LAUNCHED_DESKTOP_FILE_PID=2536
ray           -  0.0    -      -     - -        SNl  01:55   0:03 -
ray           -  0.0    -      -     - -        SNl  01:55   0:00 -
ray           -  0.0    -      -     - -        SNl  01:55   0:00 -
ray           -  0.0    -      -     - -        SNl  01:55   0:00 -
ray       90657  0.0  0.0  23608  6328 pts/1    -    09:09   0:00 bash SESSION_MANAGER=local/ubuntu:@/tmp/.ICE-unix/1687,unix/ubuntu:/tmp/.ICE-unix/1687 XDG_SESSION_ID=c2 XDG_SEAT=seat0 DBUS_SESSION_BUS_ADDRESS=unix:abstract=/tmp/dbus-VXEQ4bkzcc DISPLAY=:0 XDG_SESSION_TYPE=x11 JOB=dbus GNOME_KEYRING_CONTROL= GNOME_DESKTOP_SESSION_ID=this-is-deprecated DEFAULTS_PATH=/usr/share/gconf/ubuntu.default.path QT_QPA_PLATFORMTHEME=appmenu-qt5 LOGNAME=ray ALL_PROXY=socks://192.168.128.1:1080/ INSTANCE= SHELL=/bin/bash PATH=/home/ray/bin:/home/ray/.local/bin:/usr/local/sbin:/usr/local/bin:/usr/sbin:/usr/bin:/sbin:/bin:/usr/games:/usr/local/games:/snap/bin:/home/ray/gcc-arm-none-eabi-9-2019-q4-major/bin ftp_proxy=ftp://192.168.128.1:1080/ IM_CONFIG_PHASE=1 QT4_IM_MODULE=xim CLUTTER_IM_MODULE=xim XMODIFIERS=@im=ibus SESSION=ubuntu XDG_MENU_PREFIX=gnome- SSH_AUTH_SOCK=/run/user/1000/keyring/ssh XAUTHORITY=/home/ray/.Xauthority XDG_SESSION_DESKTOP=ubuntu GDMSESSION=ubuntu QT_IM_MODULE=ibus XDG_SESSION_PATH=/org/freedesktop/DisplayManager/Session0 XDG_CONFIG_DIRS=/etc/xdg/xdg-ubuntu:/usr/share/upstart/xdg:/etc/xdg MANDATORY_PATH=/usr/share/gconf/ubuntu.mandatory.path UPSTART_SESSION=unix:abstract=/com/ubuntu/upstart-session/1000/1479 DESKTOP_SESSION=ubuntu no_proxy=localhost,127.0.0.0/8,::1 https_proxy=https://192.168.128.1:1080/ GTK_IM_MODULE=ibus XDG_RUNTIME_DIR=/run/user/1000 GTK_MODULES=gail:atk-bridge:unity-gtk-module USER=ray PWD=/home/ray/afl-unicorn/FuzzyBlob/test/PLC/output_3/queue VTE_VERSION=4205 HOME=/home/ray QT_ACCESSIBILITY=1 XDG_SEAT_PATH=/org/freedesktop/DisplayManager/Seat0 XDG_DATA_DIRS=/usr/share/ubuntu:/usr/share/gnome:/usr/local/share:/usr/share:/var/lib/snapd/desktop LANGUAGE=en_US socks_proxy=socks://192.168.128.1:1080/ COMPIZ_CONFIG_PROFILE=ubuntu XDG_GREETER_DATA_DIR=/var/lib/lightdm-data/ray LANG=en_US.UTF-8 GTK2_MODULES=overlay-scrollbar all_proxy=socks://192.168.128.1:1080/ GPG_AGENT_INFO=/home/ray/.gnupg/S.gpg-agent:0:1 SHLVL=0 WINDOWID=65128374 XDG_VTNR=7 GDM_LANG=en_US SESSIONTYPE=gnome-session TERM=xterm-256color XDG_CURRENT_DESKTOP=Unity http_proxy=http://192.168.128.1:1080/ GNOME_KEYRING_PID= NO_PROXY=localhost,127.0.0.0/8,::1 QT_LINUX_ACCESSIBILITY_ALWAYS_ON=1
ray           -  0.0    -      -     - -        Ss+  09:09   0:00 -
ray       91137  0.0  0.0  23512  6144 pts/19   -    09:46   0:00 bash XDG_SEAT=seat0 XDG_SESSION_ID=c2 XDG_SESSION_TYPE=x11 QT_LINUX_ACCESSIBILITY_ALWAYS_ON=1 DISPLAY=:0 UPSTART_JOB=unity-settings-daemon JOB=gnome-session GNOME_KEYRING_CONTROL= GNOME_DESKTOP_SESSION_ID=this-is-deprecated DEFAULTS_PATH=/usr/share/gconf/ubuntu.default.path QT_QPA_PLATFORMTHEME=appmenu-qt5 LOGNAME=ray ALL_PROXY=socks://192.168.128.1:1080/ INSTANCE=Unity SHELL=/bin/bash PATH=/home/ray/bin:/home/ray/.local/bin:/usr/local/sbin:/usr/local/bin:/usr/sbin:/usr/bin:/sbin:/bin:/usr/games:/usr/local/games:/snap/bin:/home/ray/gcc-arm-none-eabi-9-2019-q4-major/bin ftp_proxy=ftp://192.168.128.1:1080/ IM_CONFIG_PHASE=1 QT4_IM_MODULE=xim CLUTTER_IM_MODULE=xim XMODIFIERS=@im=ibus XDG_SESSION_PATH=/org/freedesktop/DisplayManager/Session0 SSH_AUTH_SOCK=/run/user/1000/keyring/ssh XAUTHORITY=/home/ray/.Xauthority XDG_SESSION_DESKTOP=ubuntu GDMSESSION=ubuntu UPSTART_EVENTS=started starting QT_IM_MODULE=ibus XDG_CONFIG_DIRS=/etc/xdg/xdg-ubuntu:/usr/share/upstart/xdg:/etc/xdg MANDATORY_PATH=/usr/share/gconf/ubuntu.mandatory.path UPSTART_SESSION=unix:abstract=/com/ubuntu/upstart-session/1000/1479 DESKTOP_SESSION=ubuntu no_proxy=localhost,127.0.0.0/8,::1 https_proxy=https://192.168.128.1:1080/ GTK_IM_MODULE=ibus XDG_RUNTIME_DIR=/run/user/1000 GTK_MODULES=gail:atk-bridge:unity-gtk-module USER=ray PWD=/home/ray VTE_VERSION=4205 UPSTART_INSTANCE= HOME=/home/ray QT_ACCESSIBILITY=1 XDG_SEAT_PATH=/org/freedesktop/DisplayManager/Seat0 XDG_DATA_DIRS=/usr/share/ubuntu:/usr/share/gnome:/usr/local/share:/usr/share:/var/lib/snapd/desktop LANGUAGE=en_US COMPIZ_CONFIG_PROFILE=ubuntu socks_proxy=socks://192.168.128.1:1080/ XDG_GREETER_DATA_DIR=/var/lib/lightdm-data/ray LANG=en_US.UTF-8 GTK2_MODULES=overlay-scrollbar all_proxy=socks://192.168.128.1:1080/ GPG_AGENT_INFO=/home/ray/.gnupg/S.gpg-agent:0:1 SHLVL=0 WINDOWID=65129183 XDG_VTNR=7 GDM_LANG=en_US SESSIONTYPE=gnome-session DBUS_SESSION_BUS_ADDRESS=unix:abstract=/tmp/dbus-VXEQ4bkzcc XDG_CURRENT_DESKTOP=Unity TERM=xterm-256color GNOME_KEYRING_PID= NO_PROXY=localhost,127.0.0.0/8,::1 http_proxy=http://192.168.128.1:1080/
ray           -  0.0    -      -     - -        Ss+  09:46   0:00 -
ray      125544  0.6  1.4 863072 118508 ?       -    15:14   3:30 /usr/share/code/code --no-sandbox afl-unicorn/                                                                                 /lightdm-data/ray VIRTUALENVWRAPPER_SCRIPT=/usr/share/virtualenvwrapper/virtualenvwrapper.sh VIRTUALENVWRAPPER_PROJECT_FILENAME=.project GPG_AGENT_INFO=/home/ray/.gnupg/S.gpg-agent:0:1 SHELL=/bin/bash VTE_VERSION=4205 TERM=xterm-256color QT_LINUX_ACCESSIBILITY_ALWAYS_ON=1 WINDOWID=65129183 GNOME_KEYRING_CONTROL= UPSTART_SESSION=unix:abstract=/com/ubuntu/upstart-session/1000/1479 GTK_MODULES=gail:atk-bridge:unity-gtk-module NO_PROXY=localhost,127.0.0.0/8,::1 USER=ray http_proxy=http://192.168.128.1:1080/ QT_ACCESSIBILITY=1 LS_COLORS=rs=0:di=01;34:ln=01;36:mh=00:pi=40;33:so=01;35:do=01;35:bd=40;33;01:cd=40;33;01:or=40;31;01:mi=00:su=37;41:sg=30;43:ca=30;41:tw=30;42:ow=34;42:st=37;44:ex=01;32:*.tar=01;31:*.tgz=01;31:*.arc=01;31:*.arj=01;31:*.taz=01;31:*.lha=01;31:*.lz4=01;31:*.lzh=01;31:*.lzma=01;31:*.tlz=01;31:*.txz=01;31:*.tzo=01;31:*.t7z=01;31:*.zip=01;31:*.z=01;31:*.Z=01;31:*.dz=01;31:*.gz=01;31:*.lrz=01;31:*.lz=01;31:*.lzo=01;31:*.xz=01;31:*.bz2=01;31:*.bz=01;31:*.tbz=01;31:*.tbz2=01;31:*.tz=01;31:*.deb=01;31:*.rpm=01;31:*.jar=01;31:*.war=01;31:*.ear=01;31:*.sar=01;31:*.rar=01;31:*.alz=01;31:*.ace=01;31:*.zoo=01;31:*.cpio=01;31:*.7z=01;31:*.rz=01;31:*.cab=01;31:*.jpg=01;35:*.jpeg=01;35:*.gif=01;35:*.bmp=01;35:*.pbm=01;35:*.pgm=01;35:*.ppm=01;35:*.tga=01;35:*.xbm=01;35:*.xpm=01;35:*.tif=01;35:*.tiff=01;35:*.png=01;35:*.svg=01;35:*.svgz=01;35:*.mng=01;35:*.pcx=01;35:*.mov=01;35:*.mpg=01;35:*.mpeg=01;35:*.m2v=01;35:*.mkv=01;35:*.webm=01;35:*.ogm=01;35:*.mp4=01;35:*.m4v=01;35:*.mp4v=01;35:*.vob=01;35:*.qt=01;35:*.nuv=01;35:*.wmv=01;35:*.asf=01;35:*.rm=01;35:*.rmvb=01;35:*.flc=01;35:*.avi=01;35:*.fli=01;35:*.flv=01;35:*.gl=01;35:*.dl=01;35:*.xcf=01;35:*.xwd=01;35:*.yuv=01;35:*.cgm=01;35:*.emf=01;35:*.ogv=01;35:*.ogx=01;35:*.aac=00;36:*.au=00;36:*.flac=00;36:*.m4a=00;36:*.mid=00;36:*.midi=00;36:*.mka=00;36:*.mp3=00;36:*.mpc=00;36:*.ogg=00;36:*.ra=00;36:*.wav=00;36:*.oga=00;36:*.opus=00;36:*.spx=00;36:*.xspf=00;36: XDG_SESSION_PATH=/org/freedesktop/DisplayManager/Session0 XDG_SEAT_PATH=/org/freedesktop/DisplayManager/Seat0 SSH_AUTH_SOCK=/run/user/1000/keyring/ssh ftp_proxy=ftp://192.168.128.1:1080/ DEFAULTS_PATH=/usr/share/gconf/ubuntu.default.path WORKON_HOME=/home/ray/.virtualenvs XDG_CONFIG_DIRS=/etc/xdg/xdg-ubuntu:/usr/share/upstart/xdg:/etc/xdg ALL_PROXY=socks://192.168.128.1:1080/ all_proxy=socks://192.168.128.1:1080/ PATH=/home/ray/bin:/home/ray/.local/bin:/usr/local/sbin:/usr/local/bin:/usr/sbin:/usr/bin:/sbin:/bin:/usr/games:/usr/local/games:/snap/bin:/home/ray/gcc-arm-none-eabi-9-2019-q4-major/bin DESKTOP_SESSION=ubuntu QT_QPA_PLATFORMTHEME=appmenu-qt5 QT_IM_MODULE=ibus VIRTUALENVWRAPPER_HOOK_DIR=/home/ray/.virtualenvs XDG_SESSION_TYPE=x11 JOB=gnome-session PWD=/home/ray XMODIFIERS=@im=ibus socks_proxy=socks://192.168.128.1:1080/ LANG=en_US.UTF-8 GNOME_KEYRING_PID= MANDATORY_PATH=/usr/share/gconf/ubuntu.mandatory.path GDM_LANG=en_US IM_CONFIG_PHASE=1 COMPIZ_CONFIG_PROFILE=ubuntu GDMSESSION=ubuntu https_proxy=https://192.168.128.1:1080/ GTK2_MODULES=overlay-scrollbar SESSIONTYPE=gnome-session XDG_SEAT=seat0 HOME=/home/ray SHLVL=2 LANGUAGE=en_US _VIRTUALENVWRAPPER_API= mkvirtualenv rmvirtualenv lsvirtualenv showvirtualenv workon add2virtualenv cdsitepackages cdvirtualenv lssitepackages toggleglobalsitepackages cpvirtualenv setvirtualenvproject mkproject cdproject mktmpenv GNOME_DESKTOP_SESSION_ID=this-is-deprecated no_proxy=localhost,127.0.0.0/8,::1 UPSTART_INSTANCE= LOGNAME=ray XDG_SESSION_DESKTOP=ubuntu UPSTART_EVENTS=started starting QT4_IM_MODULE=xim XDG_DATA_DIRS=/usr/share/ubuntu:/usr/share/gnome:/usr/local/share:/usr/share:/var/lib/snapd/desktop DBUS_SESSION_BUS_ADDRESS=unix:abstract=/tmp/dbus-VXEQ4bkzcc LESSOPEN=| /usr/bin/lesspipe %s VIRTUALENVWRAPPER_WORKON_CD=1 UPSTART_JOB=unity-settings-daemon INSTANCE=Unity DISPLAY=:0 XDG_RUNTIME_DIR=/run/user/1000 GTK_IM_MODULE=ibus XDG_CURRENT_DESKTOP=Unity LESSCLOSE=/usr/bin/lesspipe %s %s XAUTHORITY=/home/ray/.Xauthority _=/usr/share/code/bin/../code APPLICATION_INSIGHTS_NO_DIAGNOSTIC_CHANNEL=true VSCODE_CLI=1 ELECTRON_NO_ATTACH_CONSOLE=1
ray           -  0.4    -      -     - -        Ssl  15:14   2:18 -
ray           -  0.0    -      -     - -        Ssl  15:14   0:00 -
ray           -  0.0    -      -     - -        Ssl  15:14   0:00 -
ray           -  0.1    -      -     - -        Ssl  15:14   0:42 -
ray           -  0.0    -      -     - -        Ssl  15:14   0:00 -
ray           -  0.0    -      -     - -        Ssl  15:14   0:00 -
ray           -  0.0    -      -     - -        Ssl  15:14   0:12 -
ray           -  0.0    -      -     - -        Ssl  15:14   0:00 -
ray           -  0.0    -      -     - -        Ssl  15:14   0:04 -
ray           -  0.0    -      -     - -        Ssl  15:14   0:04 -
ray           -  0.0    -      -     - -        Ssl  15:14   0:04 -
ray           -  0.0    -      -     - -        Ssl  15:14   0:00 -
ray           -  0.0    -      -     - -        Ssl  15:14   0:00 -
ray           -  0.0    -      -     - -        Ssl  15:14   0:00 -
ray           -  0.0    -      -     - -        Ssl  15:14   0:00 -
ray           -  0.0    -      -     - -        Ssl  15:14   0:00 -
ray           -  0.0    -      -     - -        Ssl  15:14   0:00 -
ray           -  0.0    -      -     - -        Ssl  15:14   0:00 -
ray           -  0.0    -      -     - -        Ssl  15:14   0:00 -
ray           -  0.0    -      -     - -        Ssl  15:14   0:00 -
ray           -  0.0    -      -     - -        Ssl  15:14   0:00 -
ray           -  0.0    -      -     - -        Ssl  15:14   0:00 -
ray           -  0.0    -      -     - -        Ssl  15:14   0:00 -
ray           -  0.0    -      -     - -        Ssl  15:14   0:00 -
ray           -  0.0    -      -     - -        Ssl  15:14   0:00 -
ray           -  0.0    -      -     - -        Ssl  15:14   0:00 -
ray           -  0.0    -      -     - -        Ssl  19:05   0:00 -
ray      125546  0.0  0.3 337208 26904 ?        -    15:14   0:00 /usr/share/code/code --type=zygote --no-sandbox                                                                                 /lightdm-data/ray VIRTUALENVWRAPPER_SCRIPT=/usr/share/virtualenvwrapper/virtualenvwrapper.sh VIRTUALENVWRAPPER_PROJECT_FILENAME=.project GPG_AGENT_INFO=/home/ray/.gnupg/S.gpg-agent:0:1 SHELL=/bin/bash VTE_VERSION=4205 TERM=xterm-256color QT_LINUX_ACCESSIBILITY_ALWAYS_ON=1 WINDOWID=65129183 GNOME_KEYRING_CONTROL= UPSTART_SESSION=unix:abstract=/com/ubuntu/upstart-session/1000/1479 GTK_MODULES=gail:atk-bridge:unity-gtk-module NO_PROXY=localhost,127.0.0.0/8,::1 USER=ray http_proxy=http://192.168.128.1:1080/ QT_ACCESSIBILITY=1 LS_COLORS=rs=0:di=01;34:ln=01;36:mh=00:pi=40;33:so=01;35:do=01;35:bd=40;33;01:cd=40;33;01:or=40;31;01:mi=00:su=37;41:sg=30;43:ca=30;41:tw=30;42:ow=34;42:st=37;44:ex=01;32:*.tar=01;31:*.tgz=01;31:*.arc=01;31:*.arj=01;31:*.taz=01;31:*.lha=01;31:*.lz4=01;31:*.lzh=01;31:*.lzma=01;31:*.tlz=01;31:*.txz=01;31:*.tzo=01;31:*.t7z=01;31:*.zip=01;31:*.z=01;31:*.Z=01;31:*.dz=01;31:*.gz=01;31:*.lrz=01;31:*.lz=01;31:*.lzo=01;31:*.xz=01;31:*.bz2=01;31:*.bz=01;31:*.tbz=01;31:*.tbz2=01;31:*.tz=01;31:*.deb=01;31:*.rpm=01;31:*.jar=01;31:*.war=01;31:*.ear=01;31:*.sar=01;31:*.rar=01;31:*.alz=01;31:*.ace=01;31:*.zoo=01;31:*.cpio=01;31:*.7z=01;31:*.rz=01;31:*.cab=01;31:*.jpg=01;35:*.jpeg=01;35:*.gif=01;35:*.bmp=01;35:*.pbm=01;35:*.pgm=01;35:*.ppm=01;35:*.tga=01;35:*.xbm=01;35:*.xpm=01;35:*.tif=01;35:*.tiff=01;35:*.png=01;35:*.svg=01;35:*.svgz=01;35:*.mng=01;35:*.pcx=01;35:*.mov=01;35:*.mpg=01;35:*.mpeg=01;35:*.m2v=01;35:*.mkv=01;35:*.webm=01;35:*.ogm=01;35:*.mp4=01;35:*.m4v=01;35:*.mp4v=01;35:*.vob=01;35:*.qt=01;35:*.nuv=01;35:*.wmv=01;35:*.asf=01;35:*.rm=01;35:*.rmvb=01;35:*.flc=01;35:*.avi=01;35:*.fli=01;35:*.flv=01;35:*.gl=01;35:*.dl=01;35:*.xcf=01;35:*.xwd=01;35:*.yuv=01;35:*.cgm=01;35:*.emf=01;35:*.ogv=01;35:*.ogx=01;35:*.aac=00;36:*.au=00;36:*.flac=00;36:*.m4a=00;36:*.mid=00;36:*.midi=00;36:*.mka=00;36:*.mp3=00;36:*.mpc=00;36:*.ogg=00;36:*.ra=00;36:*.wav=00;36:*.oga=00;36:*.opus=00;36:*.spx=00;36:*.xspf=00;36: XDG_SESSION_PATH=/org/freedesktop/DisplayManager/Session0 XDG_SEAT_PATH=/org/freedesktop/DisplayManager/Seat0 SSH_AUTH_SOCK=/run/user/1000/keyring/ssh ftp_proxy=ftp://192.168.128.1:1080/ DEFAULTS_PATH=/usr/share/gconf/ubuntu.default.path WORKON_HOME=/home/ray/.virtualenvs XDG_CONFIG_DIRS=/etc/xdg/xdg-ubuntu:/usr/share/upstart/xdg:/etc/xdg ALL_PROXY=socks://192.168.128.1:1080/ all_proxy=socks://192.168.128.1:1080/ PATH=/home/ray/bin:/home/ray/.local/bin:/usr/local/sbin:/usr/local/bin:/usr/sbin:/usr/bin:/sbin:/bin:/usr/games:/usr/local/games:/snap/bin:/home/ray/gcc-arm-none-eabi-9-2019-q4-major/bin DESKTOP_SESSION=ubuntu QT_QPA_PLATFORMTHEME=appmenu-qt5 QT_IM_MODULE=ibus VIRTUALENVWRAPPER_HOOK_DIR=/home/ray/.virtualenvs XDG_SESSION_TYPE=x11 JOB=gnome-session PWD=/home/ray XMODIFIERS=@im=ibus socks_proxy=socks://192.168.128.1:1080/ LANG=en_US.UTF-8 GNOME_KEYRING_PID= MANDATORY_PATH=/usr/share/gconf/ubuntu.mandatory.path GDM_LANG=en_US IM_CONFIG_PHASE=1 COMPIZ_CONFIG_PROFILE=ubuntu GDMSESSION=ubuntu https_proxy=https://192.168.128.1:1080/ GTK2_MODULES=overlay-scrollbar SESSIONTYPE=gnome-session XDG_SEAT=seat0 HOME=/home/ray SHLVL=2 LANGUAGE=en_US _VIRTUALENVWRAPPER_API= mkvirtualenv rmvirtualenv lsvirtualenv showvirtualenv workon add2virtualenv cdsitepackages cdvirtualenv lssitepackages toggleglobalsitepackages cpvirtualenv setvirtualenvproject mkproject cdproject mktmpenv GNOME_DESKTOP_SESSION_ID=this-is-deprecated no_proxy=localhost,127.0.0.0/8,::1 UPSTART_INSTANCE= LOGNAME=ray XDG_SESSION_DESKTOP=ubuntu UPSTART_EVENTS=started starting QT4_IM_MODULE=xim XDG_DATA_DIRS=/usr/share/ubuntu:/usr/share/gnome:/usr/local/share:/usr/share:/var/lib/snapd/desktop DBUS_SESSION_BUS_ADDRESS=unix:abstract=/tmp/dbus-VXEQ4bkzcc LESSOPEN=| /usr/bin/lesspipe %s VIRTUALENVWRAPPER_WORKON_CD=1 UPSTART_JOB=unity-settings-daemon INSTANCE=Unity DISPLAY=:0 XDG_RUNTIME_DIR=/run/user/1000 GTK_IM_MODULE=ibus XDG_CURRENT_DESKTOP=Unity LESSCLOSE=/usr/bin/lesspipe %s %s XAUTHORITY=/home/ray/.Xauthority _=/usr/share/code/bin/../code APPLICATION_INSIGHTS_NO_DIAGNOSTIC_CHANNEL=true VSCODE_CLI=1 ELECTRON_NO_ATTACH_CONSOLE=1
ray           -  0.0    -      -     - -        S    15:14   0:00 -
ray      125574  2.8  2.0 635340 163192 ?       -    15:14  14:31 /usr/share/code/code --type=gpu-process --field-trial-handle=11730826959543093757,5054722971537163486,131072 --disable-features=LayoutNG,PictureInPicture,SpareRendererForSitePerProcess --disable-color-correct-rendering --no-sandbox --gpu-preferences=KAAAAAAAAAAgAAAgAAAAAAAAYAAAAAAAEAAAAAAAAAAAAAAAAAAAAAgAAAAAAAAA --service-request-channel-token=10489456734981913231 13231                                                                                                                            hare/virtualenvwrapper/virtualenvwrapper.sh VIRTUALENVWRAPPER_PROJECT_FILENAME=.project GPG_AGENT_INFO=/home/ray/.gnupg/S.gpg-agent:0:1 SHELL=/bin/bash VTE_VERSION=4205 TERM=xterm-256color QT_LINUX_ACCESSIBILITY_ALWAYS_ON=1 WINDOWID=65129183 GNOME_KEYRING_CONTROL= UPSTART_SESSION=unix:abstract=/com/ubuntu/upstart-session/1000/1479 GTK_MODULES=gail:atk-bridge:unity-gtk-module NO_PROXY=localhost,127.0.0.0/8,::1 USER=ray http_proxy=http://192.168.128.1:1080/ QT_ACCESSIBILITY=1 LS_COLORS=rs=0:di=01;34:ln=01;36:mh=00:pi=40;33:so=01;35:do=01;35:bd=40;33;01:cd=40;33;01:or=40;31;01:mi=00:su=37;41:sg=30;43:ca=30;41:tw=30;42:ow=34;42:st=37;44:ex=01;32:*.tar=01;31:*.tgz=01;31:*.arc=01;31:*.arj=01;31:*.taz=01;31:*.lha=01;31:*.lz4=01;31:*.lzh=01;31:*.lzma=01;31:*.tlz=01;31:*.txz=01;31:*.tzo=01;31:*.t7z=01;31:*.zip=01;31:*.z=01;31:*.Z=01;31:*.dz=01;31:*.gz=01;31:*.lrz=01;31:*.lz=01;31:*.lzo=01;31:*.xz=01;31:*.bz2=01;31:*.bz=01;31:*.tbz=01;31:*.tbz2=01;31:*.tz=01;31:*.deb=01;31:*.rpm=01;31:*.jar=01;31:*.war=01;31:*.ear=01;31:*.sar=01;31:*.rar=01;31:*.alz=01;31:*.ace=01;31:*.zoo=01;31:*.cpio=01;31:*.7z=01;31:*.rz=01;31:*.cab=01;31:*.jpg=01;35:*.jpeg=01;35:*.gif=01;35:*.bmp=01;35:*.pbm=01;35:*.pgm=01;35:*.ppm=01;35:*.tga=01;35:*.xbm=01;35:*.xpm=01;35:*.tif=01;35:*.tiff=01;35:*.png=01;35:*.svg=01;35:*.svgz=01;35:*.mng=01;35:*.pcx=01;35:*.mov=01;35:*.mpg=01;35:*.mpeg=01;35:*.m2v=01;35:*.mkv=01;35:*.webm=01;35:*.ogm=01;35:*.mp4=01;35:*.m4v=01;35:*.mp4v=01;35:*.vob=01;35:*.qt=01;35:*.nuv=01;35:*.wmv=01;35:*.asf=01;35:*.rm=01;35:*.rmvb=01;35:*.flc=01;35:*.avi=01;35:*.fli=01;35:*.flv=01;35:*.gl=01;35:*.dl=01;35:*.xcf=01;35:*.xwd=01;35:*.yuv=01;35:*.cgm=01;35:*.emf=01;35:*.ogv=01;35:*.ogx=01;35:*.aac=00;36:*.au=00;36:*.flac=00;36:*.m4a=00;36:*.mid=00;36:*.midi=00;36:*.mka=00;36:*.mp3=00;36:*.mpc=00;36:*.ogg=00;36:*.ra=00;36:*.wav=00;36:*.oga=00;36:*.opus=00;36:*.spx=00;36:*.xspf=00;36: XDG_SESSION_PATH=/org/freedesktop/DisplayManager/Session0 XDG_SEAT_PATH=/org/freedesktop/DisplayManager/Seat0 SSH_AUTH_SOCK=/run/user/1000/keyring/ssh ftp_proxy=ftp://192.168.128.1:1080/ DEFAULTS_PATH=/usr/share/gconf/ubuntu.default.path WORKON_HOME=/home/ray/.virtualenvs XDG_CONFIG_DIRS=/etc/xdg/xdg-ubuntu:/usr/share/upstart/xdg:/etc/xdg ALL_PROXY=socks://192.168.128.1:1080/ all_proxy=socks://192.168.128.1:1080/ PATH=/home/ray/bin:/home/ray/.local/bin:/usr/local/sbin:/usr/local/bin:/usr/sbin:/usr/bin:/sbin:/bin:/usr/games:/usr/local/games:/snap/bin:/home/ray/gcc-arm-none-eabi-9-2019-q4-major/bin DESKTOP_SESSION=ubuntu QT_QPA_PLATFORMTHEME=appmenu-qt5 QT_IM_MODULE=ibus VIRTUALENVWRAPPER_HOOK_DIR=/home/ray/.virtualenvs XDG_SESSION_TYPE=x11 JOB=gnome-session PWD=/home/ray XMODIFIERS=@im=ibus socks_proxy=socks://192.168.128.1:1080/ LANG=en_US.UTF-8 GNOME_KEYRING_PID= MANDATORY_PATH=/usr/share/gconf/ubuntu.mandatory.path GDM_LANG=en_US IM_CONFIG_PHASE=1 COMPIZ_CONFIG_PROFILE=ubuntu GDMSESSION=ubuntu https_proxy=https://192.168.128.1:1080/ GTK2_MODULES=overlay-scrollbar SESSIONTYPE=gnome-session XDG_SEAT=seat0 HOME=/home/ray SHLVL=2 LANGUAGE=en_US _VIRTUALENVWRAPPER_API= mkvirtualenv rmvirtualenv lsvirtualenv showvirtualenv workon add2virtualenv cdsitepackages cdvirtualenv lssitepackages toggleglobalsitepackages cpvirtualenv setvirtualenvproject mkproject cdproject mktmpenv GNOME_DESKTOP_SESSION_ID=this-is-deprecated no_proxy=localhost,127.0.0.0/8,::1 UPSTART_INSTANCE= LOGNAME=ray XDG_SESSION_DESKTOP=ubuntu UPSTART_EVENTS=started starting QT4_IM_MODULE=xim XDG_DATA_DIRS=/usr/share/ubuntu:/usr/share/gnome:/usr/local/share:/usr/share:/var/lib/snapd/desktop DBUS_SESSION_BUS_ADDRESS=unix:abstract=/tmp/dbus-VXEQ4bkzcc LESSOPEN=| /usr/bin/lesspipe %s VIRTUALENVWRAPPER_WORKON_CD=1 UPSTART_JOB=unity-settings-daemon INSTANCE=Unity DISPLAY=:0 XDG_RUNTIME_DIR=/run/user/1000 GTK_IM_MODULE=ibus XDG_CURRENT_DESKTOP=Unity LESSCLOSE=/usr/bin/lesspipe %s %s XAUTHORITY=/home/ray/.Xauthority _=/usr/share/code/bin/../code APPLICATION_INSIGHTS_NO_DIAGNOSTIC_CHANNEL=true VSCODE_CLI=1 ELECTRON_NO_ATTACH_CONSOLE=1 NO_AT_BRIDGE=1 CHROME_DESKTOP=code-url-handler.desktop
ray           -  1.7    -      -     - -        Sl   15:14   9:06 -
ray           -  0.0    -      -     - -        Sl   15:14   0:00 -
ray           -  0.0    -      -     - -        Sl   15:14   0:00 -
ray           -  0.0    -      -     - -        Sl   15:14   0:00 -
ray           -  0.3    -      -     - -        Sl   15:14   1:50 -
ray           -  0.7    -      -     - -        Sl   15:14   3:34 -
ray           -  0.0    -      -     - -        Sl   15:14   0:00 -
ray      125583  0.0  0.5 417516 46832 ?        -    15:14   0:00 /usr/share/code/code --type=utility --field-trial-handle=11730826959543093757,5054722971537163486,131072 --disable-features=LayoutNG,PictureInPicture,SpareRendererForSitePerProcess --lang=en-US --service-sandbox-type=network --no-sandbox --standard-schemes --secure-schemes=vscode-resource --bypasscsp-schemes --cors-schemes=vscode-resource --fetch-schemes=vscode-resource --service-worker-schemes --service-request-channel-token=3568325478501935396 --shared-files=v8_context_snapshot_data:100,v8_natives_data:101 a:101                                                                                                                                                                                                                                                                                                                                                                                                                                                                                                                                                                                                                                                                                                                                                                                                                                                                                                                                                                       p=01;31:*.z=01;31:*.Z=01;31:*.dz=01;31:*.gz=01;31:*.lrz=01;31:*.lz=01;31:*.lzo=01;31:*.xz=01;31:*.bz2=01;31:*.bz=01;31:*.tbz=01;31:*.tbz2=01;31:*.tz=01;31:*.deb=01;31:*.rpm=01;31:*.jar=01;31:*.war=01;31:*.ear=01;31:*.sar=01;31:*.rar=01;31:*.alz=01;31:*.ace=01;31:*.zoo=01;31:*.cpio=01;31:*.7z=01;31:*.rz=01;31:*.cab=01;31:*.jpg=01;35:*.jpeg=01;35:*.gif=01;35:*.bmp=01;35:*.pbm=01;35:*.pgm=01;35:*.ppm=01;35:*.tga=01;35:*.xbm=01;35:*.xpm=01;35:*.tif=01;35:*.tiff=01;35:*.png=01;35:*.svg=01;35:*.svgz=01;35:*.mng=01;35:*.pcx=01;35:*.mov=01;35:*.mpg=01;35:*.mpeg=01;35:*.m2v=01;35:*.mkv=01;35:*.webm=01;35:*.ogm=01;35:*.mp4=01;35:*.m4v=01;35:*.mp4v=01;35:*.vob=01;35:*.qt=01;35:*.nuv=01;35:*.wmv=01;35:*.asf=01;35:*.rm=01;35:*.rmvb=01;35:*.flc=01;35:*.avi=01;35:*.fli=01;35:*.flv=01;35:*.gl=01;35:*.dl=01;35:*.xcf=01;35:*.xwd=01;35:*.yuv=01;35:*.cgm=01;35:*.emf=01;35:*.ogv=01;35:*.ogx=01;35:*.aac=00;36:*.au=00;36:*.flac=00;36:*.m4a=00;36:*.mid=00;36:*.midi=00;36:*.mka=00;36:*.mp3=00;36:*.mpc=00;36:*.ogg=00;36:*.ra=00;36:*.wav=00;36:*.oga=00;36:*.opus=00;36:*.spx=00;36:*.xspf=00;36: XDG_SESSION_PATH=/org/freedesktop/DisplayManager/Session0 XDG_SEAT_PATH=/org/freedesktop/DisplayManager/Seat0 SSH_AUTH_SOCK=/run/user/1000/keyring/ssh ftp_proxy=ftp://192.168.128.1:1080/ DEFAULTS_PATH=/usr/share/gconf/ubuntu.default.path WORKON_HOME=/home/ray/.virtualenvs XDG_CONFIG_DIRS=/etc/xdg/xdg-ubuntu:/usr/share/upstart/xdg:/etc/xdg ALL_PROXY=socks://192.168.128.1:1080/ all_proxy=socks://192.168.128.1:1080/ PATH=/home/ray/bin:/home/ray/.local/bin:/usr/local/sbin:/usr/local/bin:/usr/sbin:/usr/bin:/sbin:/bin:/usr/games:/usr/local/games:/snap/bin:/home/ray/gcc-arm-none-eabi-9-2019-q4-major/bin DESKTOP_SESSION=ubuntu QT_QPA_PLATFORMTHEME=appmenu-qt5 QT_IM_MODULE=ibus VIRTUALENVWRAPPER_HOOK_DIR=/home/ray/.virtualenvs XDG_SESSION_TYPE=x11 JOB=gnome-session PWD=/home/ray XMODIFIERS=@im=ibus socks_proxy=socks://192.168.128.1:1080/ LANG=en_US.UTF-8 GNOME_KEYRING_PID= MANDATORY_PATH=/usr/share/gconf/ubuntu.mandatory.path GDM_LANG=en_US IM_CONFIG_PHASE=1 COMPIZ_CONFIG_PROFILE=ubuntu GDMSESSION=ubuntu https_proxy=https://192.168.128.1:1080/ GTK2_MODULES=overlay-scrollbar SESSIONTYPE=gnome-session XDG_SEAT=seat0 HOME=/home/ray SHLVL=2 LANGUAGE=en_US _VIRTUALENVWRAPPER_API= mkvirtualenv rmvirtualenv lsvirtualenv showvirtualenv workon add2virtualenv cdsitepackages cdvirtualenv lssitepackages toggleglobalsitepackages cpvirtualenv setvirtualenvproject mkproject cdproject mktmpenv GNOME_DESKTOP_SESSION_ID=this-is-deprecated no_proxy=localhost,127.0.0.0/8,::1 UPSTART_INSTANCE= LOGNAME=ray XDG_SESSION_DESKTOP=ubuntu UPSTART_EVENTS=started starting QT4_IM_MODULE=xim XDG_DATA_DIRS=/usr/share/ubuntu:/usr/share/gnome:/usr/local/share:/usr/share:/var/lib/snapd/desktop DBUS_SESSION_BUS_ADDRESS=unix:abstract=/tmp/dbus-VXEQ4bkzcc LESSOPEN=| /usr/bin/lesspipe %s VIRTUALENVWRAPPER_WORKON_CD=1 UPSTART_JOB=unity-settings-daemon INSTANCE=Unity DISPLAY=:0 XDG_RUNTIME_DIR=/run/user/1000 GTK_IM_MODULE=ibus XDG_CURRENT_DESKTOP=Unity LESSCLOSE=/usr/bin/lesspipe %s %s XAUTHORITY=/home/ray/.Xauthority _=/usr/share/code/bin/../code APPLICATION_INSIGHTS_NO_DIAGNOSTIC_CHANNEL=true VSCODE_CLI=1 ELECTRON_NO_ATTACH_CONSOLE=1 NO_AT_BRIDGE=1 CHROME_DESKTOP=code-url-handler.desktop VSCODE_NLS_CONFIG={"locale":"zh-cn","availableLanguages":{"*":"zh-cn"},"_languagePackId":"bde907400d9a4fa1269f7dbaf14dc5b1.zh-cn","_translationsConfigFile":"/home/ray/.config/Code/clp/bde907400d9a4fa1269f7dbaf14dc5b1.zh-cn/tcf.json","_cacheRoot":"/home/ray/.config/Code/clp/bde907400d9a4fa1269f7dbaf14dc5b1.zh-cn","_resolvedLanguagePackCoreLocation":"/home/ray/.config/Code/clp/bde907400d9a4fa1269f7dbaf14dc5b1.zh-cn/ff915844119ce9485abfe8aa9076ec76b5300ddd","_corruptedFile":"/home/ray/.config/Code/clp/bde907400d9a4fa1269f7dbaf14dc5b1.zh-cn/corrupted.info","_languagePackSupport":true} VSCODE_NODE_CACHED_DATA_DIR=/home/ray/.config/Code/CachedData/ff915844119ce9485abfe8aa9076ec76b5300ddd VSCODE_LOGS=/home/ray/.config/Code/logs/20200513T233447 VSCODE_IPC_HOOK=/run/user/1000/vscode-1eea6fec-1.44.2-main.sock
ray           -  0.0    -      -     - -        Sl   15:14   0:00 -
ray           -  0.0    -      -     - -        Sl   15:14   0:00 -
ray           -  0.0    -      -     - -        Sl   15:14   0:00 -
ray           -  0.0    -      -     - -        Sl   15:14   0:00 -
ray           -  0.0    -      -     - -        Sl   23:34   0:00 -
ray      125678  0.0  1.2 745380 101548 ?       -    15:14   0:10 /usr/share/code/code --type=renderer --disable-color-correct-rendering --no-sandbox --field-trial-handle=11730826959543093757,5054722971537163486,131072 --disable-features=LayoutNG,PictureInPicture,SpareRendererForSitePerProcess --lang=en-US --standard-schemes --secure-schemes=vscode-resource --bypasscsp-schemes --cors-schemes=vscode-resource --fetch-schemes=vscode-resource --service-worker-schemes --app-path=/usr/share/code/resources/app --node-integration --no-sandbox --no-zygote --background-color=#002b36 --disable-blink-features=Auxclick --num-raster-threads=4 --enable-main-frame-before-activation --service-request-channel-token=1802166423235354407 --renderer-client-id=7 --no-v8-untrusted-code-mitigations --shared-files=v8_context_snapshot_data:100,v8_natives_data:101 a:101                                                                                                                                                                                                                                                                                                                                                                                                                                                                                                                                                                                                                                                                                                                                                                                                                                                                                                                                                                          1;31:*.z=01;31:*.Z=01;31:*.dz=01;31:*.gz=01;31:*.lrz=01;31:*.lz=01;31:*.lzo=01;31:*.xz=01;31:*.bz2=01;31:*.bz=01;31:*.tbz=01;31:*.tbz2=01;31:*.tz=01;31:*.deb=01;31:*.rpm=01;31:*.jar=01;31:*.war=01;31:*.ear=01;31:*.sar=01;31:*.rar=01;31:*.alz=01;31:*.ace=01;31:*.zoo=01;31:*.cpio=01;31:*.7z=01;31:*.rz=01;31:*.cab=01;31:*.jpg=01;35:*.jpeg=01;35:*.gif=01;35:*.bmp=01;35:*.pbm=01;35:*.pgm=01;35:*.ppm=01;35:*.tga=01;35:*.xbm=01;35:*.xpm=01;35:*.tif=01;35:*.tiff=01;35:*.png=01;35:*.svg=01;35:*.svgz=01;35:*.mng=01;35:*.pcx=01;35:*.mov=01;35:*.mpg=01;35:*.mpeg=01;35:*.m2v=01;35:*.mkv=01;35:*.webm=01;35:*.ogm=01;35:*.mp4=01;35:*.m4v=01;35:*.mp4v=01;35:*.vob=01;35:*.qt=01;35:*.nuv=01;35:*.wmv=01;35:*.asf=01;35:*.rm=01;35:*.rmvb=01;35:*.flc=01;35:*.avi=01;35:*.fli=01;35:*.flv=01;35:*.gl=01;35:*.dl=01;35:*.xcf=01;35:*.xwd=01;35:*.yuv=01;35:*.cgm=01;35:*.emf=01;35:*.ogv=01;35:*.ogx=01;35:*.aac=00;36:*.au=00;36:*.flac=00;36:*.m4a=00;36:*.mid=00;36:*.midi=00;36:*.mka=00;36:*.mp3=00;36:*.mpc=00;36:*.ogg=00;36:*.ra=00;36:*.wav=00;36:*.oga=00;36:*.opus=00;36:*.spx=00;36:*.xspf=00;36: XDG_SESSION_PATH=/org/freedesktop/DisplayManager/Session0 XDG_SEAT_PATH=/org/freedesktop/DisplayManager/Seat0 SSH_AUTH_SOCK=/run/user/1000/keyring/ssh ftp_proxy=ftp://192.168.128.1:1080/ DEFAULTS_PATH=/usr/share/gconf/ubuntu.default.path WORKON_HOME=/home/ray/.virtualenvs XDG_CONFIG_DIRS=/etc/xdg/xdg-ubuntu:/usr/share/upstart/xdg:/etc/xdg ALL_PROXY=socks://192.168.128.1:1080/ all_proxy=socks://192.168.128.1:1080/ PATH=/home/ray/bin:/home/ray/.local/bin:/usr/local/sbin:/usr/local/bin:/usr/sbin:/usr/bin:/sbin:/bin:/usr/games:/usr/local/games:/snap/bin:/home/ray/gcc-arm-none-eabi-9-2019-q4-major/bin DESKTOP_SESSION=ubuntu QT_QPA_PLATFORMTHEME=appmenu-qt5 QT_IM_MODULE=ibus VIRTUALENVWRAPPER_HOOK_DIR=/home/ray/.virtualenvs XDG_SESSION_TYPE=x11 JOB=gnome-session PWD=/home/ray XMODIFIERS=@im=ibus socks_proxy=socks://192.168.128.1:1080/ LANG=en_US.UTF-8 GNOME_KEYRING_PID= MANDATORY_PATH=/usr/share/gconf/ubuntu.mandatory.path GDM_LANG=en_US IM_CONFIG_PHASE=1 COMPIZ_CONFIG_PROFILE=ubuntu GDMSESSION=ubuntu https_proxy=https://192.168.128.1:1080/ GTK2_MODULES=overlay-scrollbar SESSIONTYPE=gnome-session XDG_SEAT=seat0 HOME=/home/ray SHLVL=2 LANGUAGE=en_US _VIRTUALENVWRAPPER_API= mkvirtualenv rmvirtualenv lsvirtualenv showvirtualenv workon add2virtualenv cdsitepackages cdvirtualenv lssitepackages toggleglobalsitepackages cpvirtualenv setvirtualenvproject mkproject cdproject mktmpenv GNOME_DESKTOP_SESSION_ID=this-is-deprecated no_proxy=localhost,127.0.0.0/8,::1 UPSTART_INSTANCE= LOGNAME=ray XDG_SESSION_DESKTOP=ubuntu UPSTART_EVENTS=started starting QT4_IM_MODULE=xim XDG_DATA_DIRS=/usr/share/ubuntu:/usr/share/gnome:/usr/local/share:/usr/share:/var/lib/snapd/desktop DBUS_SESSION_BUS_ADDRESS=unix:abstract=/tmp/dbus-VXEQ4bkzcc LESSOPEN=| /usr/bin/lesspipe %s VIRTUALENVWRAPPER_WORKON_CD=1 UPSTART_JOB=unity-settings-daemon INSTANCE=Unity DISPLAY=:0 XDG_RUNTIME_DIR=/run/user/1000 GTK_IM_MODULE=ibus XDG_CURRENT_DESKTOP=Unity LESSCLOSE=/usr/bin/lesspipe %s %s XAUTHORITY=/home/ray/.Xauthority _=/usr/share/code/bin/../code APPLICATION_INSIGHTS_NO_DIAGNOSTIC_CHANNEL=true VSCODE_CLI=1 ELECTRON_NO_ATTACH_CONSOLE=1 CHROME_DESKTOP=code-url-handler.desktop VSCODE_NLS_CONFIG={"locale":"zh-cn","availableLanguages":{"*":"zh-cn"},"_languagePackId":"bde907400d9a4fa1269f7dbaf14dc5b1.zh-cn","_translationsConfigFile":"/home/ray/.config/Code/clp/bde907400d9a4fa1269f7dbaf14dc5b1.zh-cn/tcf.json","_cacheRoot":"/home/ray/.config/Code/clp/bde907400d9a4fa1269f7dbaf14dc5b1.zh-cn","_resolvedLanguagePackCoreLocation":"/home/ray/.config/Code/clp/bde907400d9a4fa1269f7dbaf14dc5b1.zh-cn/ff915844119ce9485abfe8aa9076ec76b5300ddd","_corruptedFile":"/home/ray/.config/Code/clp/bde907400d9a4fa1269f7dbaf14dc5b1.zh-cn/corrupted.info","_languagePackSupport":true} VSCODE_NODE_CACHED_DATA_DIR=/home/ray/.config/Code/CachedData/ff915844119ce9485abfe8aa9076ec76b5300ddd VSCODE_LOGS=/home/ray/.config/Code/logs/20200513T233447 VSCODE_IPC_HOOK=/run/user/1000/vscode-1eea6fec-1.44.2-main.sock VSCODE_PID=125544
ray           -  0.0    -      -     - -        Sl   15:14   0:06 -
ray           -  0.0    -      -     - -        Sl   15:14   0:00 -
ray           -  0.0    -      -     - -        Sl   15:14   0:00 -
ray           -  0.0    -      -     - -        Sl   15:14   0:00 -
ray           -  0.0    -      -     - -        Sl   15:14   0:00 -
ray           -  0.0    -      -     - -        Sl   15:14   0:00 -
ray           -  0.0    -      -     - -        Sl   15:14   0:00 -
ray           -  0.0    -      -     - -        Sl   15:14   0:00 -
ray           -  0.0    -      -     - -        Sl   15:14   0:00 -
ray           -  0.0    -      -     - -        SNl  15:14   0:00 -
ray           -  0.0    -      -     - -        Sl   15:14   0:00 -
ray           -  0.0    -      -     - -        Sl   15:14   0:00 -
ray           -  0.0    -      -     - -        Sl   15:14   0:00 -
ray           -  0.0    -      -     - -        Sl   15:14   0:00 -
ray           -  0.0    -      -     - -        Sl   15:14   0:00 -
ray           -  0.0    -      -     - -        Sl   15:14   0:00 -
ray           -  0.0    -      -     - -        Sl   15:14   0:00 -
ray           -  0.0    -      -     - -        Sl   15:14   0:00 -
ray           -  0.0    -      -     - -        Sl   15:14   0:00 -
ray           -  0.0    -      -     - -        Sl   23:37   0:00 -
ray      125842  6.0  5.2 1276224 428436 ?      -    15:15  30:49 /usr/share/code/code --type=renderer --disable-color-correct-rendering --no-sandbox --field-trial-handle=11730826959543093757,5054722971537163486,131072 --disable-features=LayoutNG,PictureInPicture,SpareRendererForSitePerProcess --lang=en-US --standard-schemes --secure-schemes=vscode-resource --bypasscsp-schemes --cors-schemes=vscode-resource --fetch-schemes=vscode-resource --service-worker-schemes --app-path=/usr/share/code/resources/app --node-integration --webview-tag --no-sandbox --no-zygote --background-color=#002b36 --num-raster-threads=4 --enable-main-frame-before-activation --service-request-channel-token=5181065371497000494 --renderer-client-id=8 --no-v8-untrusted-code-mitigations --shared-files=v8_context_snapshot_data:100,v8_natives_data:101 a:101                                                                                                                                                                                                                                                                                                                                                                                                                                                                                                                                                                                                                                                                                                                                                                                                                                                                                                                                                                          1;31:*.z=01;31:*.Z=01;31:*.dz=01;31:*.gz=01;31:*.lrz=01;31:*.lz=01;31:*.lzo=01;31:*.xz=01;31:*.bz2=01;31:*.bz=01;31:*.tbz=01;31:*.tbz2=01;31:*.tz=01;31:*.deb=01;31:*.rpm=01;31:*.jar=01;31:*.war=01;31:*.ear=01;31:*.sar=01;31:*.rar=01;31:*.alz=01;31:*.ace=01;31:*.zoo=01;31:*.cpio=01;31:*.7z=01;31:*.rz=01;31:*.cab=01;31:*.jpg=01;35:*.jpeg=01;35:*.gif=01;35:*.bmp=01;35:*.pbm=01;35:*.pgm=01;35:*.ppm=01;35:*.tga=01;35:*.xbm=01;35:*.xpm=01;35:*.tif=01;35:*.tiff=01;35:*.png=01;35:*.svg=01;35:*.svgz=01;35:*.mng=01;35:*.pcx=01;35:*.mov=01;35:*.mpg=01;35:*.mpeg=01;35:*.m2v=01;35:*.mkv=01;35:*.webm=01;35:*.ogm=01;35:*.mp4=01;35:*.m4v=01;35:*.mp4v=01;35:*.vob=01;35:*.qt=01;35:*.nuv=01;35:*.wmv=01;35:*.asf=01;35:*.rm=01;35:*.rmvb=01;35:*.flc=01;35:*.avi=01;35:*.fli=01;35:*.flv=01;35:*.gl=01;35:*.dl=01;35:*.xcf=01;35:*.xwd=01;35:*.yuv=01;35:*.cgm=01;35:*.emf=01;35:*.ogv=01;35:*.ogx=01;35:*.aac=00;36:*.au=00;36:*.flac=00;36:*.m4a=00;36:*.mid=00;36:*.midi=00;36:*.mka=00;36:*.mp3=00;36:*.mpc=00;36:*.ogg=00;36:*.ra=00;36:*.wav=00;36:*.oga=00;36:*.opus=00;36:*.spx=00;36:*.xspf=00;36: XDG_SESSION_PATH=/org/freedesktop/DisplayManager/Session0 XDG_SEAT_PATH=/org/freedesktop/DisplayManager/Seat0 SSH_AUTH_SOCK=/run/user/1000/keyring/ssh ftp_proxy=ftp://192.168.128.1:1080/ DEFAULTS_PATH=/usr/share/gconf/ubuntu.default.path WORKON_HOME=/home/ray/.virtualenvs XDG_CONFIG_DIRS=/etc/xdg/xdg-ubuntu:/usr/share/upstart/xdg:/etc/xdg ALL_PROXY=socks://192.168.128.1:1080/ all_proxy=socks://192.168.128.1:1080/ PATH=/home/ray/bin:/home/ray/.local/bin:/usr/local/sbin:/usr/local/bin:/usr/sbin:/usr/bin:/sbin:/bin:/usr/games:/usr/local/games:/snap/bin:/home/ray/gcc-arm-none-eabi-9-2019-q4-major/bin DESKTOP_SESSION=ubuntu QT_QPA_PLATFORMTHEME=appmenu-qt5 QT_IM_MODULE=ibus VIRTUALENVWRAPPER_HOOK_DIR=/home/ray/.virtualenvs XDG_SESSION_TYPE=x11 JOB=gnome-session PWD=/home/ray XMODIFIERS=@im=ibus socks_proxy=socks://192.168.128.1:1080/ LANG=en_US.UTF-8 GNOME_KEYRING_PID= MANDATORY_PATH=/usr/share/gconf/ubuntu.mandatory.path GDM_LANG=en_US IM_CONFIG_PHASE=1 COMPIZ_CONFIG_PROFILE=ubuntu GDMSESSION=ubuntu https_proxy=https://192.168.128.1:1080/ GTK2_MODULES=overlay-scrollbar SESSIONTYPE=gnome-session XDG_SEAT=seat0 HOME=/home/ray SHLVL=2 LANGUAGE=en_US _VIRTUALENVWRAPPER_API= mkvirtualenv rmvirtualenv lsvirtualenv showvirtualenv workon add2virtualenv cdsitepackages cdvirtualenv lssitepackages toggleglobalsitepackages cpvirtualenv setvirtualenvproject mkproject cdproject mktmpenv GNOME_DESKTOP_SESSION_ID=this-is-deprecated no_proxy=localhost,127.0.0.0/8,::1 UPSTART_INSTANCE= LOGNAME=ray XDG_SESSION_DESKTOP=ubuntu UPSTART_EVENTS=started starting QT4_IM_MODULE=xim XDG_DATA_DIRS=/usr/share/ubuntu:/usr/share/gnome:/usr/local/share:/usr/share:/var/lib/snapd/desktop DBUS_SESSION_BUS_ADDRESS=unix:abstract=/tmp/dbus-VXEQ4bkzcc LESSOPEN=| /usr/bin/lesspipe %s VIRTUALENVWRAPPER_WORKON_CD=1 UPSTART_JOB=unity-settings-daemon INSTANCE=Unity DISPLAY=:0 XDG_RUNTIME_DIR=/run/user/1000 GTK_IM_MODULE=ibus XDG_CURRENT_DESKTOP=Unity LESSCLOSE=/usr/bin/lesspipe %s %s XAUTHORITY=/home/ray/.Xauthority _=/usr/share/code/bin/../code APPLICATION_INSIGHTS_NO_DIAGNOSTIC_CHANNEL=true VSCODE_CLI=1 ELECTRON_NO_ATTACH_CONSOLE=1 CHROME_DESKTOP=code-url-handler.desktop VSCODE_NLS_CONFIG={"locale":"zh-cn","availableLanguages":{"*":"zh-cn"},"_languagePackId":"bde907400d9a4fa1269f7dbaf14dc5b1.zh-cn","_translationsConfigFile":"/home/ray/.config/Code/clp/bde907400d9a4fa1269f7dbaf14dc5b1.zh-cn/tcf.json","_cacheRoot":"/home/ray/.config/Code/clp/bde907400d9a4fa1269f7dbaf14dc5b1.zh-cn","_resolvedLanguagePackCoreLocation":"/home/ray/.config/Code/clp/bde907400d9a4fa1269f7dbaf14dc5b1.zh-cn/ff915844119ce9485abfe8aa9076ec76b5300ddd","_corruptedFile":"/home/ray/.config/Code/clp/bde907400d9a4fa1269f7dbaf14dc5b1.zh-cn/corrupted.info","_languagePackSupport":true} VSCODE_NODE_CACHED_DATA_DIR=/home/ray/.config/Code/CachedData/ff915844119ce9485abfe8aa9076ec76b5300ddd VSCODE_LOGS=/home/ray/.config/Code/logs/20200513T233447 VSCODE_IPC_HOOK=/run/user/1000/vscode-1eea6fec-1.44.2-main.sock VSCODE_PID=125544
ray           -  3.2    -      -     - -        SLl  15:15  16:32 -
ray           -  0.0    -      -     - -        SLl  15:15   0:00 -
ray           -  0.3    -      -     - -        SLl  15:15   1:59 -
ray           -  0.0    -      -     - -        SLl  15:15   0:08 -
ray           -  1.3    -      -     - -        SLl  15:15   6:42 -
ray           -  0.1    -      -     - -        SLl  15:15   0:31 -
ray           -  0.1    -      -     - -        SLl  15:15   0:31 -
ray           -  0.1    -      -     - -        SLl  15:15   0:31 -
ray           -  0.1    -      -     - -        SLl  15:15   0:31 -
ray           -  0.0    -      -     - -        SNLl 15:15   0:00 -
ray           -  0.0    -      -     - -        SLl  15:15   0:11 -
ray           -  0.0    -      -     - -        SLl  15:15   0:00 -
ray           -  0.0    -      -     - -        SLl  15:15   0:00 -
ray           -  0.0    -      -     - -        SLl  15:15   0:00 -
ray           -  0.0    -      -     - -        SLl  15:15   0:00 -
ray           -  0.0    -      -     - -        SLl  15:15   0:00 -
ray           -  0.0    -      -     - -        SLl  15:15   0:00 -
ray           -  0.0    -      -     - -        SLl  15:15   0:00 -
ray           -  0.0    -      -     - -        SLl  15:15   0:00 -
ray           -  0.0    -      -     - -        SLl  15:15   0:00 -
ray           -  0.0    -      -     - -        SLl  15:15   0:00 -
ray           -  0.0    -      -     - -        SLl  15:15   0:00 -
ray           -  0.0    -      -     - -        SLl  23:40   0:00 -
ray           -  0.1    -      -     - -        SLl  23:42   0:00 -
ray           -  0.1    -      -     - -        SLl  23:42   0:00 -
ray           -  0.0    -      -     - -        SLl  23:42   0:00 -
ray           -  0.1    -      -     - -        SLl  23:42   0:00 -
ray           -  0.0    -      -     - -        SLl  23:42   0:00 -
ray           -  0.0    -      -     - -        SLl  23:42   0:00 -
ray      125884  0.9  2.5 808988 209016 ?       -    15:15   4:42 /usr/share/code/code --inspect-port=0 /usr/share/code/resources/app/out/bootstrap-fork --type=extensionHost ELECTRON_RUN_AS_NODE=1 XDG_VTNR=7 XDG_SESSION_ID=c2 CLUTTER_IM_MODULE=xim XDG_GREETER_DATA_DIR=/var/lib/lightdm-data/ray VIRTUALENVWRAPPER_SCRIPT=/usr/share/virtualenvwrapper/virtualenvwrapper.sh VIRTUALENVWRAPPER_PROJECT_FILENAME=.project GPG_AGENT_INFO=/home/ray/.gnupg/S.gpg-agent:0:1 SHELL=/bin/bash VTE_VERSION=4205 TERM=xterm-256color QT_LINUX_ACCESSIBILITY_ALWAYS_ON=1 WINDOWID=65129183 GNOME_KEYRING_CONTROL= UPSTART_SESSION=unix:abstract=/com/ubuntu/upstart-session/1000/1479 GTK_MODULES=gail:atk-bridge:unity-gtk-module NO_PROXY=localhost,127.0.0.0/8,::1 USER=ray http_proxy=http://192.168.128.1:1080/ QT_ACCESSIBILITY=1 LS_COLORS=rs=0:di=01;34:ln=01;36:mh=00:pi=40;33:so=01;35:do=01;35:bd=40;33;01:cd=40;33;01:or=40;31;01:mi=00:su=37;41:sg=30;43:ca=30;41:tw=30;42:ow=34;42:st=37;44:ex=01;32:*.tar=01;31:*.tgz=01;31:*.arc=01;31:*.arj=01;31:*.taz=01;31:*.lha=01;31:*.lz4=01;31:*.lzh=01;31:*.lzma=01;31:*.tlz=01;31:*.txz=01;31:*.tzo=01;31:*.t7z=01;31:*.zip=01;31:*.z=01;31:*.Z=01;31:*.dz=01;31:*.gz=01;31:*.lrz=01;31:*.lz=01;31:*.lzo=01;31:*.xz=01;31:*.bz2=01;31:*.bz=01;31:*.tbz=01;31:*.tbz2=01;31:*.tz=01;31:*.deb=01;31:*.rpm=01;31:*.jar=01;31:*.war=01;31:*.ear=01;31:*.sar=01;31:*.rar=01;31:*.alz=01;31:*.ace=01;31:*.zoo=01;31:*.cpio=01;31:*.7z=01;31:*.rz=01;31:*.cab=01;31:*.jpg=01;35:*.jpeg=01;35:*.gif=01;35:*.bmp=01;35:*.pbm=01;35:*.pgm=01;35:*.ppm=01;35:*.tga=01;35:*.xbm=01;35:*.xpm=01;35:*.tif=01;35:*.tiff=01;35:*.png=01;35:*.svg=01;35:*.svgz=01;35:*.mng=01;35:*.pcx=01;35:*.mov=01;35:*.mpg=01;35:*.mpeg=01;35:*.m2v=01;35:*.mkv=01;35:*.webm=01;35:*.ogm=01;35:*.mp4=01;35:*.m4v=01;35:*.mp4v=01;35:*.vob=01;35:*.qt=01;35:*.nuv=01;35:*.wmv=01;35:*.asf=01;35:*.rm=01;35:*.rmvb=01;35:*.flc=01;35:*.avi=01;35:*.fli=01;35:*.flv=01;35:*.gl=01;35:*.dl=01;35:*.xcf=01;35:*.xwd=01;35:*.yuv=01;35:*.cgm=01;35:*.emf=01;35:*.ogv=01;35:*.ogx=01;35:*.aac=00;36:*.au=00;36:*.flac=00;36:*.m4a=00;36:*.mid=00;36:*.midi=00;36:*.mka=00;36:*.mp3=00;36:*.mpc=00;36:*.ogg=00;36:*.ra=00;36:*.wav=00;36:*.oga=00;36:*.opus=00;36:*.spx=00;36:*.xspf=00;36: XDG_SESSION_PATH=/org/freedesktop/DisplayManager/Session0 XDG_SEAT_PATH=/org/freedesktop/DisplayManager/Seat0 SSH_AUTH_SOCK=/run/user/1000/keyring/ssh ftp_proxy=ftp://192.168.128.1:1080/ DEFAULTS_PATH=/usr/share/gconf/ubuntu.default.path WORKON_HOME=/home/ray/.virtualenvs XDG_CONFIG_DIRS=/etc/xdg/xdg-ubuntu:/usr/share/upstart/xdg:/etc/xdg ALL_PROXY=socks://192.168.128.1:1080/ all_proxy=socks://192.168.128.1:1080/ PATH=/home/ray/bin:/home/ray/.local/bin:/usr/local/sbin:/usr/local/bin:/usr/sbin:/usr/bin:/sbin:/bin:/usr/games:/usr/local/games:/snap/bin:/home/ray/gcc-arm-none-eabi-9-2019-q4-major/bin DESKTOP_SESSION=ubuntu QT_QPA_PLATFORMTHEME=appmenu-qt5 QT_IM_MODULE=ibus VIRTUALENVWRAPPER_HOOK_DIR=/home/ray/.virtualenvs XDG_SESSION_TYPE=x11 JOB=gnome-session PWD=/home/ray XMODIFIERS=@im=ibus socks_proxy=socks://192.168.128.1:1080/ LANG=en_US.UTF-8 GNOME_KEYRING_PID= MANDATORY_PATH=/usr/share/gconf/ubuntu.mandatory.path GDM_LANG=en_US IM_CONFIG_PHASE=1 COMPIZ_CONFIG_PROFILE=ubuntu GDMSESSION=ubuntu https_proxy=https://192.168.128.1:1080/ GTK2_MODULES=overlay-scrollbar SESSIONTYPE=gnome-session XDG_SEAT=seat0 HOME=/home/ray SHLVL=2 LANGUAGE=en_US _VIRTUALENVWRAPPER_API= mkvirtualenv rmvirtualenv lsvirtualenv showvirtualenv workon add2virtualenv cdsitepackages cdvirtualenv lssitepackages toggleglobalsitepackages cpvirtualenv setvirtualenvproject mkproject cdproject mktmpenv GNOME_DESKTOP_SESSION_ID=this-is-deprecated no_proxy=localhost,127.0.0.0/8,::1 UPSTART_INSTANCE= LOGNAME=ray XDG_SESSION_DESKTOP=ubuntu UPSTART_EVENTS=started starting QT4_IM_MODULE=xim XDG_DATA_DIRS=/usr/share/ubuntu:/usr/share/gnome:/usr/local/share:/usr/share:/var/lib/snapd/desktop DBUS_SESSION_BUS_ADDRESS=unix:abstract=/tmp/dbus-VXEQ4bkzcc LESSOPEN=| /usr/bin/lesspipe %s VIRTUALENVWRAPPER_WORKON_CD=1 UPSTART_JOB=unity-settings-daemon INSTANCE=Unity DISPLAY=:0 XDG_RUNTIME_DIR=/run/user/1000 GTK_IM_MODULE=ibus XDG_CURRENT_DESKTOP=Unity LESSCLOSE=/usr/bin/lesspipe %s %s XAUTHORITY=/home/ray/.Xauthority _=/usr/share/code/bin/../code APPLICATION_INSIGHTS_NO_DIAGNOSTIC_CHANNEL=true VSCODE_CLI=1 ELECTRON_NO_ATTACH_CONSOLE=1 CHROME_DESKTOP=code-url-handler.desktop VSCODE_NLS_CONFIG={"locale":"zh-cn","availableLanguages":{"*":"zh-cn"},"_languagePackId":"bde907400d9a4fa1269f7dbaf14dc5b1.zh-cn","_translationsConfigFile":"/home/ray/.config/Code/clp/bde907400d9a4fa1269f7dbaf14dc5b1.zh-cn/tcf.json","_cacheRoot":"/home/ray/.config/Code/clp/bde907400d9a4fa1269f7dbaf14dc5b1.zh-cn","_resolvedLanguagePackCoreLocation":"/home/ray/.config/Code/clp/bde907400d9a4fa1269f7dbaf14dc5b1.zh-cn/ff915844119ce9485abfe8aa9076ec76b5300ddd","_corruptedFile":"/home/ray/.config/Code/clp/bde907400d9a4fa1269f7dbaf14dc5b1.zh-cn/corrupted.info","_languagePackSupport":true} VSCODE_NODE_CACHED_DATA_DIR=/home/ray/.config/Code/CachedData/ff915844119ce9485abfe8aa9076ec76b5300ddd VSCODE_LOGS=/home/ray/.config/Code/logs/20200513T233447 VSCODE_IPC_HOOK=/run/user/1000/vscode-1eea6fec-1.44.2-main.sock VSCODE_PID=125544 AMD_ENTRYPOINT=vs/workbench/services/extensions/node/extensionHostProcess PIPE_LOGGING=true VERBOSE_LOGGING=true VSCODE_IPC_HOOK_EXTHOST=/tmp/vscode-ipc-ddf1c80c-6b9d-4657-a008-25db4bcc846d.sock VSCODE_HANDLES_UNCAUGHT_ERRORS=true VSCODE_LOG_STACK=false NODE_CHANNEL_FD=3
ray           -  0.5    -      -     - -        Sl   15:15   3:02 -
ray           -  0.0    -      -     - -        Sl   15:15   0:00 -
ray           -  0.0    -      -     - -        Sl   15:15   0:00 -
ray           -  0.0    -      -     - -        Sl   15:15   0:00 -
ray           -  0.0    -      -     - -        Sl   15:15   0:30 -
ray           -  0.0    -      -     - -        Sl   15:15   0:29 -
ray           -  0.0    -      -     - -        Sl   15:15   0:29 -
ray           -  0.0    -      -     - -        Sl   15:15   0:00 -
ray           -  0.0    -      -     - -        Sl   15:15   0:01 -
ray           -  0.0    -      -     - -        Sl   15:15   0:01 -
ray           -  0.0    -      -     - -        Sl   15:15   0:01 -
ray           -  0.0    -      -     - -        Sl   15:15   0:01 -
ray           -  0.0    -      -     - -        Sl   15:15   0:00 -
ray           -  0.0    -      -     - -        Sl   15:15   0:00 -
ray           -  0.0    -      -     - -        Sl   15:15   0:00 -
ray           -  0.0    -      -     - -        Sl   15:15   0:00 -
ray           -  0.0    -      -     - -        Sl   15:15   0:00 -
ray           -  0.0    -      -     - -        Sl   15:16   0:00 -
ray           -  0.0    -      -     - -        Sl   15:44   0:00 -
ray           -  0.0    -      -     - -        Sl   15:44   0:00 -
ray           -  0.0    -      -     - -        Sl   15:44   0:00 -
ray           -  0.0    -      -     - -        Sl   17:42   0:00 -
ray      125903  0.1  0.9 615368 79520 ?        -    15:15   0:36 /usr/share/code/code /usr/share/code/resources/app/out/bootstrap-fork --type=watcherService ELECTRON_RUN_AS_NODE=1 XDG_VTNR=7 XDG_SESSION_ID=c2 CLUTTER_IM_MODULE=xim XDG_GREETER_DATA_DIR=/var/lib/lightdm-data/ray VIRTUALENVWRAPPER_SCRIPT=/usr/share/virtualenvwrapper/virtualenvwrapper.sh VIRTUALENVWRAPPER_PROJECT_FILENAME=.project GPG_AGENT_INFO=/home/ray/.gnupg/S.gpg-agent:0:1 SHELL=/bin/bash VTE_VERSION=4205 TERM=xterm-256color QT_LINUX_ACCESSIBILITY_ALWAYS_ON=1 WINDOWID=65129183 GNOME_KEYRING_CONTROL= UPSTART_SESSION=unix:abstract=/com/ubuntu/upstart-session/1000/1479 GTK_MODULES=gail:atk-bridge:unity-gtk-module NO_PROXY=localhost,127.0.0.0/8,::1 USER=ray http_proxy=http://192.168.128.1:1080/ QT_ACCESSIBILITY=1 LS_COLORS=rs=0:di=01;34:ln=01;36:mh=00:pi=40;33:so=01;35:do=01;35:bd=40;33;01:cd=40;33;01:or=40;31;01:mi=00:su=37;41:sg=30;43:ca=30;41:tw=30;42:ow=34;42:st=37;44:ex=01;32:*.tar=01;31:*.tgz=01;31:*.arc=01;31:*.arj=01;31:*.taz=01;31:*.lha=01;31:*.lz4=01;31:*.lzh=01;31:*.lzma=01;31:*.tlz=01;31:*.txz=01;31:*.tzo=01;31:*.t7z=01;31:*.zip=01;31:*.z=01;31:*.Z=01;31:*.dz=01;31:*.gz=01;31:*.lrz=01;31:*.lz=01;31:*.lzo=01;31:*.xz=01;31:*.bz2=01;31:*.bz=01;31:*.tbz=01;31:*.tbz2=01;31:*.tz=01;31:*.deb=01;31:*.rpm=01;31:*.jar=01;31:*.war=01;31:*.ear=01;31:*.sar=01;31:*.rar=01;31:*.alz=01;31:*.ace=01;31:*.zoo=01;31:*.cpio=01;31:*.7z=01;31:*.rz=01;31:*.cab=01;31:*.jpg=01;35:*.jpeg=01;35:*.gif=01;35:*.bmp=01;35:*.pbm=01;35:*.pgm=01;35:*.ppm=01;35:*.tga=01;35:*.xbm=01;35:*.xpm=01;35:*.tif=01;35:*.tiff=01;35:*.png=01;35:*.svg=01;35:*.svgz=01;35:*.mng=01;35:*.pcx=01;35:*.mov=01;35:*.mpg=01;35:*.mpeg=01;35:*.m2v=01;35:*.mkv=01;35:*.webm=01;35:*.ogm=01;35:*.mp4=01;35:*.m4v=01;35:*.mp4v=01;35:*.vob=01;35:*.qt=01;35:*.nuv=01;35:*.wmv=01;35:*.asf=01;35:*.rm=01;35:*.rmvb=01;35:*.flc=01;35:*.avi=01;35:*.fli=01;35:*.flv=01;35:*.gl=01;35:*.dl=01;35:*.xcf=01;35:*.xwd=01;35:*.yuv=01;35:*.cgm=01;35:*.emf=01;35:*.ogv=01;35:*.ogx=01;35:*.aac=00;36:*.au=00;36:*.flac=00;36:*.m4a=00;36:*.mid=00;36:*.midi=00;36:*.mka=00;36:*.mp3=00;36:*.mpc=00;36:*.ogg=00;36:*.ra=00;36:*.wav=00;36:*.oga=00;36:*.opus=00;36:*.spx=00;36:*.xspf=00;36: XDG_SESSION_PATH=/org/freedesktop/DisplayManager/Session0 XDG_SEAT_PATH=/org/freedesktop/DisplayManager/Seat0 SSH_AUTH_SOCK=/run/user/1000/keyring/ssh ftp_proxy=ftp://192.168.128.1:1080/ DEFAULTS_PATH=/usr/share/gconf/ubuntu.default.path WORKON_HOME=/home/ray/.virtualenvs XDG_CONFIG_DIRS=/etc/xdg/xdg-ubuntu:/usr/share/upstart/xdg:/etc/xdg ALL_PROXY=socks://192.168.128.1:1080/ all_proxy=socks://192.168.128.1:1080/ PATH=/home/ray/bin:/home/ray/.local/bin:/usr/local/sbin:/usr/local/bin:/usr/sbin:/usr/bin:/sbin:/bin:/usr/games:/usr/local/games:/snap/bin:/home/ray/gcc-arm-none-eabi-9-2019-q4-major/bin DESKTOP_SESSION=ubuntu QT_QPA_PLATFORMTHEME=appmenu-qt5 QT_IM_MODULE=ibus VIRTUALENVWRAPPER_HOOK_DIR=/home/ray/.virtualenvs XDG_SESSION_TYPE=x11 JOB=gnome-session PWD=/home/ray XMODIFIERS=@im=ibus socks_proxy=socks://192.168.128.1:1080/ LANG=en_US.UTF-8 GNOME_KEYRING_PID= MANDATORY_PATH=/usr/share/gconf/ubuntu.mandatory.path GDM_LANG=en_US IM_CONFIG_PHASE=1 COMPIZ_CONFIG_PROFILE=ubuntu GDMSESSION=ubuntu https_proxy=https://192.168.128.1:1080/ GTK2_MODULES=overlay-scrollbar SESSIONTYPE=gnome-session XDG_SEAT=seat0 HOME=/home/ray SHLVL=2 LANGUAGE=en_US _VIRTUALENVWRAPPER_API= mkvirtualenv rmvirtualenv lsvirtualenv showvirtualenv workon add2virtualenv cdsitepackages cdvirtualenv lssitepackages toggleglobalsitepackages cpvirtualenv setvirtualenvproject mkproject cdproject mktmpenv GNOME_DESKTOP_SESSION_ID=this-is-deprecated no_proxy=localhost,127.0.0.0/8,::1 UPSTART_INSTANCE= LOGNAME=ray XDG_SESSION_DESKTOP=ubuntu UPSTART_EVENTS=started starting QT4_IM_MODULE=xim XDG_DATA_DIRS=/usr/share/ubuntu:/usr/share/gnome:/usr/local/share:/usr/share:/var/lib/snapd/desktop DBUS_SESSION_BUS_ADDRESS=unix:abstract=/tmp/dbus-VXEQ4bkzcc LESSOPEN=| /usr/bin/lesspipe %s VIRTUALENVWRAPPER_WORKON_CD=1 UPSTART_JOB=unity-settings-daemon INSTANCE=Unity DISPLAY=:0 XDG_RUNTIME_DIR=/run/user/1000 GTK_IM_MODULE=ibus XDG_CURRENT_DESKTOP=Unity LESSCLOSE=/usr/bin/lesspipe %s %s XAUTHORITY=/home/ray/.Xauthority _=/usr/share/code/bin/../code APPLICATION_INSIGHTS_NO_DIAGNOSTIC_CHANNEL=true VSCODE_CLI=1 ELECTRON_NO_ATTACH_CONSOLE=1 CHROME_DESKTOP=code-url-handler.desktop VSCODE_NLS_CONFIG={"locale":"zh-cn","availableLanguages":{"*":"zh-cn"},"_languagePackId":"bde907400d9a4fa1269f7dbaf14dc5b1.zh-cn","_translationsConfigFile":"/home/ray/.config/Code/clp/bde907400d9a4fa1269f7dbaf14dc5b1.zh-cn/tcf.json","_cacheRoot":"/home/ray/.config/Code/clp/bde907400d9a4fa1269f7dbaf14dc5b1.zh-cn","_resolvedLanguagePackCoreLocation":"/home/ray/.config/Code/clp/bde907400d9a4fa1269f7dbaf14dc5b1.zh-cn/ff915844119ce9485abfe8aa9076ec76b5300ddd","_corruptedFile":"/home/ray/.config/Code/clp/bde907400d9a4fa1269f7dbaf14dc5b1.zh-cn/corrupted.info","_languagePackSupport":true} VSCODE_NODE_CACHED_DATA_DIR=/home/ray/.config/Code/CachedData/ff915844119ce9485abfe8aa9076ec76b5300ddd VSCODE_LOGS=/home/ray/.config/Code/logs/20200513T233447 VSCODE_IPC_HOOK=/run/user/1000/vscode-1eea6fec-1.44.2-main.sock VSCODE_PID=125544 VSCODE_PARENT_PID=125842 AMD_ENTRYPOINT=vs/platform/files/node/watcher/unix/watcherApp PIPE_LOGGING=true VERBOSE_LOGGING=true NODE_CHANNEL_FD=3
ray           -  0.0    -      -     - -        Sl   15:15   0:27 -
ray           -  0.0    -      -     - -        Sl   15:15   0:00 -
ray           -  0.0    -      -     - -        Sl   15:15   0:00 -
ray           -  0.0    -      -     - -        Sl   15:15   0:00 -
ray           -  0.0    -      -     - -        Sl   15:15   0:00 -
ray           -  0.0    -      -     - -        Sl   15:15   0:00 -
ray           -  0.0    -      -     - -        Sl   15:15   0:00 -
ray           -  0.0    -      -     - -        Sl   15:15   0:00 -
ray           -  0.0    -      -     - -        Sl   15:15   0:01 -
ray           -  0.0    -      -     - -        Sl   15:15   0:01 -
ray           -  0.0    -      -     - -        Sl   15:15   0:01 -
ray           -  0.0    -      -     - -        Sl   15:15   0:01 -
ray      126302  0.1  1.0 1475060 86620 ?       -    15:16   0:59 /home/ray/.vscode/extensions/ms-vscode.cpptools-0.28.0/bin/cpptools ELECTRON_RUN_AS_NODE=1 XDG_VTNR=7 XDG_SESSION_ID=c2 CLUTTER_IM_MODULE=xim XDG_GREETER_DATA_DIR=/var/lib/lightdm-data/ray VIRTUALENVWRAPPER_SCRIPT=/usr/share/virtualenvwrapper/virtualenvwrapper.sh VIRTUALENVWRAPPER_PROJECT_FILENAME=.project GPG_AGENT_INFO=/home/ray/.gnupg/S.gpg-agent:0:1 SHELL=/bin/bash VTE_VERSION=4205 TERM=xterm-256color QT_LINUX_ACCESSIBILITY_ALWAYS_ON=1 WINDOWID=65129183 GNOME_KEYRING_CONTROL= UPSTART_SESSION=unix:abstract=/com/ubuntu/upstart-session/1000/1479 GTK_MODULES=gail:atk-bridge:unity-gtk-module NO_PROXY=localhost,127.0.0.0/8,::1 USER=ray http_proxy=http://192.168.128.1:1080/ QT_ACCESSIBILITY=1 LS_COLORS=rs=0:di=01;34:ln=01;36:mh=00:pi=40;33:so=01;35:do=01;35:bd=40;33;01:cd=40;33;01:or=40;31;01:mi=00:su=37;41:sg=30;43:ca=30;41:tw=30;42:ow=34;42:st=37;44:ex=01;32:*.tar=01;31:*.tgz=01;31:*.arc=01;31:*.arj=01;31:*.taz=01;31:*.lha=01;31:*.lz4=01;31:*.lzh=01;31:*.lzma=01;31:*.tlz=01;31:*.txz=01;31:*.tzo=01;31:*.t7z=01;31:*.zip=01;31:*.z=01;31:*.Z=01;31:*.dz=01;31:*.gz=01;31:*.lrz=01;31:*.lz=01;31:*.lzo=01;31:*.xz=01;31:*.bz2=01;31:*.bz=01;31:*.tbz=01;31:*.tbz2=01;31:*.tz=01;31:*.deb=01;31:*.rpm=01;31:*.jar=01;31:*.war=01;31:*.ear=01;31:*.sar=01;31:*.rar=01;31:*.alz=01;31:*.ace=01;31:*.zoo=01;31:*.cpio=01;31:*.7z=01;31:*.rz=01;31:*.cab=01;31:*.jpg=01;35:*.jpeg=01;35:*.gif=01;35:*.bmp=01;35:*.pbm=01;35:*.pgm=01;35:*.ppm=01;35:*.tga=01;35:*.xbm=01;35:*.xpm=01;35:*.tif=01;35:*.tiff=01;35:*.png=01;35:*.svg=01;35:*.svgz=01;35:*.mng=01;35:*.pcx=01;35:*.mov=01;35:*.mpg=01;35:*.mpeg=01;35:*.m2v=01;35:*.mkv=01;35:*.webm=01;35:*.ogm=01;35:*.mp4=01;35:*.m4v=01;35:*.mp4v=01;35:*.vob=01;35:*.qt=01;35:*.nuv=01;35:*.wmv=01;35:*.asf=01;35:*.rm=01;35:*.rmvb=01;35:*.flc=01;35:*.avi=01;35:*.fli=01;35:*.flv=01;35:*.gl=01;35:*.dl=01;35:*.xcf=01;35:*.xwd=01;35:*.yuv=01;35:*.cgm=01;35:*.emf=01;35:*.ogv=01;35:*.ogx=01;35:*.aac=00;36:*.au=00;36:*.flac=00;36:*.m4a=00;36:*.mid=00;36:*.midi=00;36:*.mka=00;36:*.mp3=00;36:*.mpc=00;36:*.ogg=00;36:*.ra=00;36:*.wav=00;36:*.oga=00;36:*.opus=00;36:*.spx=00;36:*.xspf=00;36: XDG_SESSION_PATH=/org/freedesktop/DisplayManager/Session0 XDG_SEAT_PATH=/org/freedesktop/DisplayManager/Seat0 SSH_AUTH_SOCK=/run/user/1000/keyring/ssh ftp_proxy=ftp://192.168.128.1:1080/ DEFAULTS_PATH=/usr/share/gconf/ubuntu.default.path WORKON_HOME=/home/ray/.virtualenvs XDG_CONFIG_DIRS=/etc/xdg/xdg-ubuntu:/usr/share/upstart/xdg:/etc/xdg ALL_PROXY=socks://192.168.128.1:1080/ all_proxy=socks://192.168.128.1:1080/ PATH=/home/ray/bin:/home/ray/.local/bin:/usr/local/sbin:/usr/local/bin:/usr/sbin:/usr/bin:/sbin:/bin:/usr/games:/usr/local/games:/snap/bin:/home/ray/gcc-arm-none-eabi-9-2019-q4-major/bin DESKTOP_SESSION=ubuntu QT_QPA_PLATFORMTHEME=appmenu-qt5 QT_IM_MODULE=ibus VIRTUALENVWRAPPER_HOOK_DIR=/home/ray/.virtualenvs XDG_SESSION_TYPE=x11 JOB=gnome-session PWD=/home/ray XMODIFIERS=@im=ibus socks_proxy=socks://192.168.128.1:1080/ LANG=en_US.UTF-8 GNOME_KEYRING_PID= MANDATORY_PATH=/usr/share/gconf/ubuntu.mandatory.path GDM_LANG=en_US IM_CONFIG_PHASE=1 COMPIZ_CONFIG_PROFILE=ubuntu GDMSESSION=ubuntu https_proxy=https://192.168.128.1:1080/ GTK2_MODULES=overlay-scrollbar SESSIONTYPE=gnome-session XDG_SEAT=seat0 HOME=/home/ray SHLVL=2 LANGUAGE=en_US _VIRTUALENVWRAPPER_API= mkvirtualenv rmvirtualenv lsvirtualenv showvirtualenv workon add2virtualenv cdsitepackages cdvirtualenv lssitepackages toggleglobalsitepackages cpvirtualenv setvirtualenvproject mkproject cdproject mktmpenv GNOME_DESKTOP_SESSION_ID=this-is-deprecated no_proxy=localhost,127.0.0.0/8,::1 UPSTART_INSTANCE= LOGNAME=ray XDG_SESSION_DESKTOP=ubuntu UPSTART_EVENTS=started starting QT4_IM_MODULE=xim XDG_DATA_DIRS=/usr/share/ubuntu:/usr/share/gnome:/usr/local/share:/usr/share:/var/lib/snapd/desktop DBUS_SESSION_BUS_ADDRESS=unix:abstract=/tmp/dbus-VXEQ4bkzcc LESSOPEN=| /usr/bin/lesspipe %s VIRTUALENVWRAPPER_WORKON_CD=1 UPSTART_JOB=unity-settings-daemon INSTANCE=Unity DISPLAY=:0 XDG_RUNTIME_DIR=/run/user/1000 GTK_IM_MODULE=ibus XDG_CURRENT_DESKTOP=Unity LESSCLOSE=/usr/bin/lesspipe %s %s XAUTHORITY=/home/ray/.Xauthority _=/usr/share/code/bin/../code APPLICATION_INSIGHTS_NO_DIAGNOSTIC_CHANNEL=true VSCODE_CLI=1 ELECTRON_NO_ATTACH_CONSOLE=1 CHROME_DESKTOP=code-url-handler.desktop VSCODE_NLS_CONFIG={"locale":"zh-cn","availableLanguages":{"*":"zh-cn"},"_languagePackId":"bde907400d9a4fa1269f7dbaf14dc5b1.zh-cn","_translationsConfigFile":"/home/ray/.config/Code/clp/bde907400d9a4fa1269f7dbaf14dc5b1.zh-cn/tcf.json","_cacheRoot":"/home/ray/.config/Code/clp/bde907400d9a4fa1269f7dbaf14dc5b1.zh-cn","_resolvedLanguagePackCoreLocation":"/home/ray/.config/Code/clp/bde907400d9a4fa1269f7dbaf14dc5b1.zh-cn/ff915844119ce9485abfe8aa9076ec76b5300ddd","_corruptedFile":"/home/ray/.config/Code/clp/bde907400d9a4fa1269f7dbaf14dc5b1.zh-cn/corrupted.info","_languagePackSupport":true} VSCODE_NODE_CACHED_DATA_DIR=/home/ray/.config/Code/CachedData/ff915844119ce9485abfe8aa9076ec76b5300ddd VSCODE_LOGS=/home/ray/.config/Code/logs/20200513T233447 VSCODE_IPC_HOOK=/run/user/1000/vscode-1eea6fec-1.44.2-main.sock VSCODE_PID=125544 AMD_ENTRYPOINT=vs/workbench/services/extensions/node/extensionHostProcess PIPE_LOGGING=true VERBOSE_LOGGING=true VSCODE_IPC_HOOK_EXTHOST=/tmp/vscode-ipc-ddf1c80c-6b9d-4657-a008-25db4bcc846d.sock VSCODE_HANDLES_UNCAUGHT_ERRORS=true VSCODE_LOG_STACK=false
ray           -  0.0    -      -     - -        Sl   15:16   0:04 -
ray           -  0.0    -      -     - -        Sl   15:16   0:00 -
ray           -  0.0    -      -     - -        Sl   15:16   0:00 -
ray           -  0.0    -      -     - -        Sl   15:16   0:00 -
ray           -  0.0    -      -     - -        Sl   15:16   0:00 -
ray           -  0.0    -      -     - -        Sl   15:16   0:00 -
ray           -  0.0    -      -     - -        Sl   15:16   0:00 -
ray           -  0.0    -      -     - -        Sl   15:16   0:00 -
ray           -  0.0    -      -     - -        Sl   15:16   0:00 -
ray           -  0.0    -      -     - -        Sl   15:16   0:01 -
ray           -  0.0    -      -     - -        Sl   15:16   0:20 -
ray           -  0.0    -      -     - -        Sl   15:16   0:01 -
ray           -  0.0    -      -     - -        Sl   15:16   0:03 -
ray           -  0.0    -      -     - -        Sl   15:16   0:00 -
ray           -  0.0    -      -     - -        Sl   15:16   0:00 -
ray           -  0.0    -      -     - -        Sl   15:16   0:00 -
ray           -  0.0    -      -     - -        Sl   15:16   0:17 -
ray           -  0.0    -      -     - -        Sl   15:16   0:00 -
ray           -  0.0    -      -     - -        Sl   15:16   0:00 -
ray           -  0.0    -      -     - -        Sl   15:16   0:00 -
ray           -  0.0    -      -     - -        Sl   15:16   0:00 -
ray           -  0.0    -      -     - -        Sl   15:51   0:02 -
ray           -  0.0    -      -     - -        Sl   17:43   0:00 -
ray           -  0.0    -      -     - -        Sl   18:41   0:00 -
ray      126362  0.1  0.4 4892844 37432 ?       -    15:16   0:42 /home/ray/.vscode/extensions/ms-vscode.cpptools-0.28.0/bin/cpptools-srv 126302 1 ELECTRON_RUN_AS_NODE=1 XDG_VTNR=7 XDG_SESSION_ID=c2 CLUTTER_IM_MODULE=xim XDG_GREETER_DATA_DIR=/var/lib/lightdm-data/ray VIRTUALENVWRAPPER_SCRIPT=/usr/share/virtualenvwrapper/virtualenvwrapper.sh VIRTUALENVWRAPPER_PROJECT_FILENAME=.project GPG_AGENT_INFO=/home/ray/.gnupg/S.gpg-agent:0:1 SHELL=/bin/bash VTE_VERSION=4205 TERM=xterm-256color QT_LINUX_ACCESSIBILITY_ALWAYS_ON=1 WINDOWID=65129183 GNOME_KEYRING_CONTROL= UPSTART_SESSION=unix:abstract=/com/ubuntu/upstart-session/1000/1479 GTK_MODULES=gail:atk-bridge:unity-gtk-module NO_PROXY=localhost,127.0.0.0/8,::1 USER=ray http_proxy=http://192.168.128.1:1080/ QT_ACCESSIBILITY=1 LS_COLORS=rs=0:di=01;34:ln=01;36:mh=00:pi=40;33:so=01;35:do=01;35:bd=40;33;01:cd=40;33;01:or=40;31;01:mi=00:su=37;41:sg=30;43:ca=30;41:tw=30;42:ow=34;42:st=37;44:ex=01;32:*.tar=01;31:*.tgz=01;31:*.arc=01;31:*.arj=01;31:*.taz=01;31:*.lha=01;31:*.lz4=01;31:*.lzh=01;31:*.lzma=01;31:*.tlz=01;31:*.txz=01;31:*.tzo=01;31:*.t7z=01;31:*.zip=01;31:*.z=01;31:*.Z=01;31:*.dz=01;31:*.gz=01;31:*.lrz=01;31:*.lz=01;31:*.lzo=01;31:*.xz=01;31:*.bz2=01;31:*.bz=01;31:*.tbz=01;31:*.tbz2=01;31:*.tz=01;31:*.deb=01;31:*.rpm=01;31:*.jar=01;31:*.war=01;31:*.ear=01;31:*.sar=01;31:*.rar=01;31:*.alz=01;31:*.ace=01;31:*.zoo=01;31:*.cpio=01;31:*.7z=01;31:*.rz=01;31:*.cab=01;31:*.jpg=01;35:*.jpeg=01;35:*.gif=01;35:*.bmp=01;35:*.pbm=01;35:*.pgm=01;35:*.ppm=01;35:*.tga=01;35:*.xbm=01;35:*.xpm=01;35:*.tif=01;35:*.tiff=01;35:*.png=01;35:*.svg=01;35:*.svgz=01;35:*.mng=01;35:*.pcx=01;35:*.mov=01;35:*.mpg=01;35:*.mpeg=01;35:*.m2v=01;35:*.mkv=01;35:*.webm=01;35:*.ogm=01;35:*.mp4=01;35:*.m4v=01;35:*.mp4v=01;35:*.vob=01;35:*.qt=01;35:*.nuv=01;35:*.wmv=01;35:*.asf=01;35:*.rm=01;35:*.rmvb=01;35:*.flc=01;35:*.avi=01;35:*.fli=01;35:*.flv=01;35:*.gl=01;35:*.dl=01;35:*.xcf=01;35:*.xwd=01;35:*.yuv=01;35:*.cgm=01;35:*.emf=01;35:*.ogv=01;35:*.ogx=01;35:*.aac=00;36:*.au=00;36:*.flac=00;36:*.m4a=00;36:*.mid=00;36:*.midi=00;36:*.mka=00;36:*.mp3=00;36:*.mpc=00;36:*.ogg=00;36:*.ra=00;36:*.wav=00;36:*.oga=00;36:*.opus=00;36:*.spx=00;36:*.xspf=00;36: XDG_SESSION_PATH=/org/freedesktop/DisplayManager/Session0 XDG_SEAT_PATH=/org/freedesktop/DisplayManager/Seat0 SSH_AUTH_SOCK=/run/user/1000/keyring/ssh ftp_proxy=ftp://192.168.128.1:1080/ DEFAULTS_PATH=/usr/share/gconf/ubuntu.default.path WORKON_HOME=/home/ray/.virtualenvs XDG_CONFIG_DIRS=/etc/xdg/xdg-ubuntu:/usr/share/upstart/xdg:/etc/xdg ALL_PROXY=socks://192.168.128.1:1080/ all_proxy=socks://192.168.128.1:1080/ PATH=/home/ray/bin:/home/ray/.local/bin:/usr/local/sbin:/usr/local/bin:/usr/sbin:/usr/bin:/sbin:/bin:/usr/games:/usr/local/games:/snap/bin:/home/ray/gcc-arm-none-eabi-9-2019-q4-major/bin DESKTOP_SESSION=ubuntu QT_QPA_PLATFORMTHEME=appmenu-qt5 QT_IM_MODULE=ibus VIRTUALENVWRAPPER_HOOK_DIR=/home/ray/.virtualenvs XDG_SESSION_TYPE=x11 JOB=gnome-session PWD=/home/ray XMODIFIERS=@im=ibus socks_proxy=socks://192.168.128.1:1080/ LANG=en_US.UTF-8 GNOME_KEYRING_PID= MANDATORY_PATH=/usr/share/gconf/ubuntu.mandatory.path GDM_LANG=en_US IM_CONFIG_PHASE=1 COMPIZ_CONFIG_PROFILE=ubuntu GDMSESSION=ubuntu https_proxy=https://192.168.128.1:1080/ GTK2_MODULES=overlay-scrollbar SESSIONTYPE=gnome-session XDG_SEAT=seat0 HOME=/home/ray SHLVL=2 LANGUAGE=en_US _VIRTUALENVWRAPPER_API= mkvirtualenv rmvirtualenv lsvirtualenv showvirtualenv workon add2virtualenv cdsitepackages cdvirtualenv lssitepackages toggleglobalsitepackages cpvirtualenv setvirtualenvproject mkproject cdproject mktmpenv GNOME_DESKTOP_SESSION_ID=this-is-deprecated no_proxy=localhost,127.0.0.0/8,::1 UPSTART_INSTANCE= LOGNAME=ray XDG_SESSION_DESKTOP=ubuntu UPSTART_EVENTS=started starting QT4_IM_MODULE=xim XDG_DATA_DIRS=/usr/share/ubuntu:/usr/share/gnome:/usr/local/share:/usr/share:/var/lib/snapd/desktop DBUS_SESSION_BUS_ADDRESS=unix:abstract=/tmp/dbus-VXEQ4bkzcc LESSOPEN=| /usr/bin/lesspipe %s VIRTUALENVWRAPPER_WORKON_CD=1 UPSTART_JOB=unity-settings-daemon INSTANCE=Unity DISPLAY=:0 XDG_RUNTIME_DIR=/run/user/1000 GTK_IM_MODULE=ibus XDG_CURRENT_DESKTOP=Unity LESSCLOSE=/usr/bin/lesspipe %s %s XAUTHORITY=/home/ray/.Xauthority _=/usr/share/code/bin/../code APPLICATION_INSIGHTS_NO_DIAGNOSTIC_CHANNEL=true VSCODE_CLI=1 ELECTRON_NO_ATTACH_CONSOLE=1 CHROME_DESKTOP=code-url-handler.desktop VSCODE_NLS_CONFIG={"locale":"zh-cn","availableLanguages":{"*":"zh-cn"},"_languagePackId":"bde907400d9a4fa1269f7dbaf14dc5b1.zh-cn","_translationsConfigFile":"/home/ray/.config/Code/clp/bde907400d9a4fa1269f7dbaf14dc5b1.zh-cn/tcf.json","_cacheRoot":"/home/ray/.config/Code/clp/bde907400d9a4fa1269f7dbaf14dc5b1.zh-cn","_resolvedLanguagePackCoreLocation":"/home/ray/.config/Code/clp/bde907400d9a4fa1269f7dbaf14dc5b1.zh-cn/ff915844119ce9485abfe8aa9076ec76b5300ddd","_corruptedFile":"/home/ray/.config/Code/clp/bde907400d9a4fa1269f7dbaf14dc5b1.zh-cn/corrupted.info","_languagePackSupport":true} VSCODE_NODE_CACHED_DATA_DIR=/home/ray/.config/Code/CachedData/ff915844119ce9485abfe8aa9076ec76b5300ddd VSCODE_LOGS=/home/ray/.config/Code/logs/20200513T233447 VSCODE_IPC_HOOK=/run/user/1000/vscode-1eea6fec-1.44.2-main.sock VSCODE_PID=125544 AMD_ENTRYPOINT=vs/workbench/services/extensions/node/extensionHostProcess PIPE_LOGGING=true VERBOSE_LOGGING=true VSCODE_IPC_HOOK_EXTHOST=/tmp/vscode-ipc-ddf1c80c-6b9d-4657-a008-25db4bcc846d.sock VSCODE_HANDLES_UNCAUGHT_ERRORS=true VSCODE_LOG_STACK=false
ray           -  0.0    -      -     - -        Sl   15:16   0:00 -
ray           -  0.0    -      -     - -        Sl   15:16   0:01 -
ray           -  0.0    -      -     - -        Sl   15:16   0:01 -
ray           -  0.0    -      -     - -        Sl   15:16   0:01 -
ray           -  0.0    -      -     - -        Sl   15:16   0:01 -
ray           -  0.0    -      -     - -        Sl   15:16   0:01 -
ray           -  0.0    -      -     - -        Sl   15:16   0:01 -
ray           -  0.0    -      -     - -        Sl   15:16   0:01 -
ray           -  0.0    -      -     - -        Sl   15:16   0:01 -
ray           -  0.0    -      -     - -        Sl   15:16   0:01 -
ray           -  0.0    -      -     - -        Sl   18:22   0:00 -